# tz=+02:00 date=2026-03-14
12:00:07 I - cache
12:00:39 W W2033 tls
12:01:12 I - pay
12:01:25 I - db
12:01:48 I - rpc
12:02:19 I - disk
12:02:29 I - cache
12:02:44 I - tls
12:03:05 I - queue
12:03:21 I - dns
12:03:45 I - mq
12:04:04 I - mq
12:04:38 I - disk
12:05:00 I - queue
12:05:17 I - auth
12:05:30 I - dns
12:06:02 I - mq
12:06:16 E E1001 tls
12:06:40 I - io
12:07:05 I - tls
12:07:33 I - db
12:07:54 I - pay
12:08:21 E E1031 cache
12:08:37 I - cpu
12:08:46 I - cache
12:09:06 I - pay
12:09:16 I - RESTART
12:09:23 W W2014 pay
12:09:41 I - rpc
12:10:07 I - rpc
12:10:36 I - cache
12:11:02 I - cache
12:11:31 I - dns
12:11:39 I - dns
12:12:14 I - rpc
12:12:22 I - disk
12:12:33 I - queue
12:12:40 I - auth
12:12:47 I - queue
12:12:56 I - cpu
12:13:23 W W2027 disk
12:13:56 I - io
12:14:13 W W2014 dns
12:14:26 W W2003 cpu
12:14:36 I - queue
12:15:08 I - cache
12:15:20 I - pay
12:15:39 I - mq
12:15:53 E E1019 disk
12:16:21 W W2033 mq
12:16:52 I - io
12:17:25 I - disk
12:17:31 I - tls
12:17:40 I - cache
12:17:57 E E1007 rpc
12:18:03 I - RESTART
12:18:30 I - pay
12:18:43 I - db
12:18:52 E E1019 tls
12:19:02 I - cpu
12:19:16 I - disk
12:19:25 W W2003 auth
12:19:40 W W2009 disk
12:20:09 I - dns
12:20:17 E E1001 db
12:20:44 W W2033 pay
12:20:52 I - cpu
12:21:04 I - auth
12:21:27 I - cache
12:21:42 I - io
12:21:52 I - RESTART
12:22:21 I - dns
12:22:40 I - cache
12:23:04 I - io
12:23:25 I - rpc
12:23:37 I - cache
12:23:47 I - io
12:24:13 I - dns
12:24:31 I - pay
12:25:00 I - cpu
12:25:18 I - auth
12:25:29 W W2003 dns
12:25:36 I - pay
12:26:06 I - disk
12:26:24 I - db
12:27:00 I - mq
12:27:21 I - rpc
12:27:44 W W2027 disk
12:28:15 I - mq
12:28:29 I - cpu
12:28:41 I - cpu
12:29:12 I - cache
12:29:38 E E1019 io
12:29:59 I - cpu
12:30:18 I - disk
12:30:43 I - db
12:30:55 I - dns
12:31:29 I - disk
12:31:49 I - io
12:32:00 I - rpc
12:32:22 I - mq
12:32:56 I - auth
12:33:12 I - rpc
12:33:41 I - rpc
12:34:02 I - queue
12:34:17 I - rpc
12:34:51 I - dns
12:35:08 I - cpu
12:35:24 I - mq
12:35:48 I - rpc
12:36:04 I - cpu
12:36:28 I - auth
12:36:35 I - io
12:36:58 I - disk
12:37:17 I - cpu
12:37:44 W W2003 pay
12:37:54 I - db
12:38:00 E E1031 io
12:38:27 I - rpc
12:38:55 I - db
12:39:06 I - auth
12:39:18 I - mq
12:39:47 E E1001 cpu
12:39:54 E E1088 tls
12:40:18 I - tls
12:40:42 I - db
12:41:08 I - rpc
12:41:39 W W2027 tls
12:41:57 I - rpc
12:42:18 I - auth
12:42:53 E E1007 io
12:43:10 I - cpu
12:43:23 I - tls
12:43:53 I - cpu
12:44:17 I - tls
12:44:43 I - io
12:45:00 I - db
12:45:35 I - queue
12:45:55 I - tls
12:46:03 W W2014 mq
12:46:25 I - pay
12:46:58 I - tls
12:47:31 I - RESTART
12:47:50 I - pay
12:48:20 E E1001 cpu
12:48:52 I - auth
12:49:28 I - mq
12:49:35 I - mq
12:49:50 I - disk
12:50:12 E E1044 pay
12:50:18 I - queue
12:50:30 I - cpu
12:50:51 I - dns
12:50:59 I - pay
12:51:11 I - cache
12:51:38 I - pay
12:51:45 I - mq
12:51:54 I - cache
12:52:25 W W2027 dns
12:52:56 W W2027 dns
12:53:06 I - cache
12:53:15 I - mq
12:53:42 I - tls
12:54:08 I - pay
12:54:16 I - cpu
12:54:32 I - pay
12:54:39 I - db
12:54:49 E E1001 auth
12:55:00 I - mq
12:55:12 I - io
12:55:26 I - db
12:55:37 I - cache
12:56:05 I - cpu
12:56:16 I - queue
12:56:33 I - disk
12:56:39 I - pay
12:56:56 I - io
12:57:17 I - cpu
12:57:36 I - io
12:58:03 E E1023 auth
12:58:25 I - io
12:58:34 I - queue
12:59:08 I - db
12:59:27 E E1001 rpc
12:59:53 I - queue
13:00:02 I - dns
13:00:13 I - cpu
13:00:27 I - mq
13:01:00 I - io
13:01:30 I - auth
13:01:48 I - pay
13:02:07 I - cpu
13:02:30 I - disk
13:02:58 I - mq
13:03:06 I - cpu
13:03:16 I - queue
13:03:51 I - queue
13:04:00 I - mq
13:04:23 I - pay
13:04:44 E E1019 cache
13:05:15 W W2014 db
13:05:32 I - db
13:05:51 I - mq
13:06:01 I - cpu
13:06:33 I - cache
13:07:03 I - rpc
13:07:28 W W2014 queue
13:08:03 I - rpc
13:08:31 I - dns
13:09:02 I - io
13:09:29 I - RESTART
13:09:40 I - queue
13:10:08 I - cpu
13:10:33 I - dns
13:10:43 I - disk
13:11:19 I - db
13:11:39 I - pay
13:11:52 I - queue
13:12:14 I - dns
13:12:32 E E1007 pay
13:12:47 E E1001 io
13:13:21 I - cpu
13:13:35 W W2003 rpc
13:13:59 I - mq
13:14:06 E E1031 auth
13:14:41 I - cache
13:15:10 I - db
13:15:31 I - RESTART
13:16:01 I - queue
13:16:14 I - queue
13:16:44 I - cpu
13:17:10 I - dns
13:17:37 I - pay
13:18:02 I - dns
13:18:24 I - disk
13:19:00 I - queue
13:19:22 I - pay
13:19:41 E E1007 queue
13:20:09 I - cpu
13:20:36 I - rpc
13:20:50 E E1088 io
13:21:12 I - io
13:21:21 W W2014 pay
13:21:34 I - io
13:21:45 I - queue
13:22:11 I - auth
13:22:26 I - rpc
13:22:58 I - mq
13:23:22 I - cpu
13:23:48 W W2009 auth
13:24:24 I - dns
13:24:36 I - disk
13:25:05 I - queue
13:25:36 I - dns
13:26:05 I - pay
13:26:29 I - db
13:26:37 I - cpu
13:27:05 W W2033 disk
13:27:19 I - dns
13:27:49 I - io
13:28:22 I - auth
13:28:29 I - auth
13:28:46 I - io
13:29:15 I - mq
13:29:31 I - db
13:29:42 I - pay
13:30:06 I - db
13:30:28 I - queue
13:30:45 I - cache
13:31:09 I - dns
13:31:43 W W2014 pay
13:31:52 I - db
13:32:27 I - rpc
13:32:47 I - tls
13:33:06 I - tls
13:33:42 I - auth
13:34:16 I - tls
13:34:35 I - rpc
13:35:07 I - db
13:35:18 I - rpc
13:35:42 W W2014 auth
13:36:14 I - pay
13:36:42 I - cpu
13:36:54 I - io
13:37:12 I - disk
13:37:48 I - queue
13:38:04 I - disk
13:38:40 I - db
13:39:11 I - pay
13:39:27 I - db
13:39:57 I - dns
13:40:33 I - io
13:40:55 I - cache
13:41:12 I - auth
13:41:29 I - pay
13:41:51 I - dns
13:42:00 W W2014 cpu
13:42:14 I - tls
13:42:33 I - disk
13:42:54 W W2009 cpu
13:43:29 W W2014 disk
13:44:02 I - queue
13:44:23 I - dns
13:44:39 W W2003 pay
13:45:13 I - pay
13:45:28 I - disk
13:45:40 I - pay
13:46:03 I - db
13:46:27 I - mq
13:46:33 I - auth
13:47:01 I - rpc
13:47:36 W W2027 mq
13:48:07 I - tls
13:48:18 I - cache
13:48:37 I - queue
13:49:05 I - cache
13:49:30 I - cpu
13:49:38 I - cache
13:50:09 I - queue
13:50:18 I - dns
13:50:28 I - tls
13:50:38 I - cache
13:50:46 I - mq
13:50:53 W W2014 dns
13:51:24 I - mq
13:51:45 I - io
13:52:16 I - db
13:52:40 I - db
13:53:06 I - tls
13:53:14 E E1007 pay
13:53:24 I - dns
13:53:41 I - rpc
13:54:02 I - rpc
13:54:30 I - cpu
13:54:49 I - disk
13:55:02 I - pay
13:55:37 I - dns
13:55:53 W W2003 tls
13:56:28 I - tls
13:57:02 I - db
13:57:20 I - cpu
13:57:47 I - cpu
13:58:12 I - dns
13:58:18 I - disk
13:58:33 I - mq
13:59:01 I - db
13:59:30 I - queue
13:59:59 I - pay
14:00:14 W W2033 cpu
14:00:44 I - tls
14:00:53 W W2014 rpc
14:01:28 I - disk
14:02:00 I - io
14:02:19 E E1001 auth
14:02:47 I - rpc
14:03:11 I - mq
14:03:40 I - rpc
14:03:53 I - auth
14:04:02 I - cpu
14:04:21 I - RESTART
14:04:30 I - db
14:05:06 W W2033 io
14:05:22 I - dns
14:05:42 I - db
14:06:02 I - disk
14:06:09 I - queue
14:06:19 I - db
14:06:46 I - cache
14:07:16 I - dns
14:07:36 W W2003 mq
14:07:56 I - pay
14:08:32 I - mq
14:08:45 I - tls
14:09:07 I - dns
14:09:18 I - rpc
14:09:33 I - cpu
14:09:51 I - db
14:10:14 I - mq
14:10:30 I - auth
14:11:03 I - queue
14:11:19 I - rpc
14:11:28 I - disk
14:11:52 I - dns
14:12:12 I - db
14:12:45 I - io
14:13:08 I - queue
14:13:29 E E1001 mq
14:13:51 I - cpu
14:14:13 I - rpc
14:14:31 I - dns
14:14:45 I - tls
14:15:02 I - cache
14:15:21 I - cpu
14:15:41 W W2009 mq
14:16:00 I - auth
14:16:06 I - cache
14:16:22 I - cache
14:16:56 I - cpu
14:17:29 I - mq
14:17:35 I - cache
14:17:50 I - auth
14:18:15 I - disk
14:18:50 W W2033 rpc
14:19:16 I - rpc
14:19:27 I - pay
14:19:35 I - dns
14:20:01 I - db
14:20:29 I - mq
14:20:59 I - cache
14:21:27 I - cpu
14:21:36 I - cpu
14:21:42 I - dns
14:22:17 I - auth
14:22:48 I - cpu
14:23:16 E E1007 io
14:23:28 I - mq
14:23:45 I - cache
14:24:06 I - rpc
14:24:26 I - queue
14:24:37 I - mq
14:25:09 I - dns
14:25:27 I - mq
14:25:43 I - io
14:26:07 I - dns
14:26:33 I - cache
14:27:05 I - auth
14:27:21 I - cache
14:27:31 I - io
14:27:48 I - db
14:28:23 W W2014 mq
14:28:59 I - rpc
14:29:09 W W2003 db
14:29:28 I - tls
14:30:03 I - db
14:30:12 I - disk
14:30:34 I - tls
14:31:02 I - io
14:31:32 I - tls
14:31:40 I - disk
14:32:06 I - rpc
14:32:24 W W2027 db
14:32:54 I - cpu
14:33:26 I - queue
14:33:46 I - io
14:34:14 I - queue
14:34:38 I - queue
14:35:05 I - db
14:35:33 I - io
14:35:42 I - cache
14:36:10 I - io
14:36:20 I - cpu
14:36:46 I - cpu
14:37:00 I - disk
14:37:06 I - pay
14:37:42 I - cache
14:38:07 I - mq
14:38:27 I - disk
14:38:55 I - tls
14:39:23 I - dns
14:39:39 I - rpc
14:40:00 I - queue
14:40:21 W W2027 cache
14:40:45 I - auth
14:40:57 I - queue
14:41:06 I - queue
14:41:27 I - auth
14:41:38 I - pay
14:42:01 I - cpu
14:42:26 I - cpu
14:43:02 W W2014 pay
14:43:26 I - rpc
14:43:57 I - rpc
14:44:25 W W2027 dns
14:44:36 W W2027 io
14:44:56 I - pay
14:45:12 I - queue
14:45:33 I - RESTART
14:46:05 I - mq
14:46:12 I - mq
14:46:34 I - mq
14:46:57 I - pay
14:47:05 I - cache
14:47:26 I - db
14:47:59 I - db
14:48:07 I - queue
14:48:37 I - dns
14:48:44 I - tls
14:48:54 I - queue
14:49:05 I - mq
14:49:30 I - cpu
14:49:48 W W2033 auth
14:50:03 I - queue
14:50:29 I - rpc
14:50:41 I - mq
14:51:08 I - queue
14:51:34 I - dns
14:51:47 W W2014 io
14:52:11 I - mq
14:52:41 I - queue
14:52:48 I - cache
14:52:56 I - mq
14:53:19 I - tls
14:53:25 I - disk
14:53:45 I - disk
14:53:53 I - pay
14:54:04 I - pay
14:54:12 I - tls
14:54:39 I - rpc
14:55:05 I - auth
14:55:19 I - auth
14:55:48 I - pay
14:56:10 I - cpu
14:56:26 W W2027 cache
14:56:34 I - rpc
14:56:50 I - mq
14:57:03 I - rpc
14:57:35 I - auth
14:57:43 I - rpc
14:57:51 I - dns
14:57:59 I - disk
14:58:34 I - db
14:58:40 I - db
14:59:07 I - pay
14:59:20 I - db
14:59:55 I - io
15:00:28 I - queue
15:00:50 I - queue
15:01:07 I - disk
15:01:41 I - pay
15:02:16 I - auth
15:02:24 I - auth
15:02:34 I - cpu
15:03:02 E E1007 disk
15:03:19 I - mq
15:03:25 I - queue
15:03:53 I - db
15:04:16 E E1052 mq
15:04:48 I - cpu
15:05:22 I - disk
15:05:36 I - io
15:06:06 I - mq
15:06:28 I - disk
15:06:39 I - io
15:07:14 I - io
15:07:22 I - tls
15:07:46 I - cpu
15:08:05 I - db
15:08:24 I - cache
15:08:35 I - auth
15:09:02 I - cache
15:09:11 I - pay
15:09:41 I - queue
15:10:09 I - auth
15:10:39 I - io
15:10:45 I - queue
15:11:17 I - disk
15:11:39 I - cache
15:12:05 I - disk
15:12:32 E E1001 cache
15:12:50 I - db
15:13:05 I - queue
15:13:32 I - pay
15:13:49 I - queue
15:14:25 I - cache
15:14:50 W W2033 db
15:14:57 I - pay
15:15:16 I - rpc
15:15:38 I - mq
15:16:01 I - db
15:16:35 I - cpu
15:16:55 I - disk
15:17:03 I - cpu
15:17:22 I - mq
15:17:42 I - cache
15:17:55 I - cache
15:18:22 I - auth
15:18:35 I - rpc
15:19:01 I - queue
15:19:07 I - tls
15:19:33 I - cpu
15:20:01 I - rpc
15:20:13 I - auth
15:20:39 W W2009 pay
15:21:10 I - disk
15:21:41 I - cpu
15:22:01 W W2033 queue
15:22:14 W W2033 io
15:22:48 E E1001 pay
15:23:24 I - db
15:23:32 I - cpu
15:24:06 W W2033 io
15:24:20 E E1001 cpu
15:24:32 I - db
15:24:47 I - disk
15:25:13 I - io
15:25:32 I - dns
15:25:46 I - cpu
15:26:12 E E1001 io
15:26:35 I - mq
15:26:57 I - pay
15:39:12 I - auth
15:39:45 I - dns
15:40:15 I - db
15:40:44 I - io
15:40:59 W W2027 io
15:41:26 E E1019 queue
15:41:38 I - queue
15:41:47 I - tls
15:42:23 I - rpc
15:42:56 I - queue
15:43:16 E E1007 io
15:43:26 I - tls
15:43:43 I - cpu
15:44:17 I - auth
15:44:35 I - io
15:45:11 I - queue
15:45:20 I - disk
15:45:56 I - cpu
15:46:26 I - mq
15:47:02 I - pay
15:47:30 I - auth
15:47:53 I - io
15:48:20 I - disk
15:48:39 I - auth
15:48:50 I - auth
15:48:56 I - dns
15:49:17 I - tls
15:49:29 I - auth
15:50:05 I - queue
15:50:14 I - disk
15:50:29 I - cpu
15:51:04 I - cpu
15:51:40 I - auth
15:52:15 E E1007 disk
15:52:46 I - queue
15:52:58 I - rpc
15:53:19 E E1001 pay
15:53:50 I - rpc
15:54:24 I - disk
15:54:55 I - auth
15:55:16 I - rpc
15:55:28 I - io
15:55:34 W W2027 cpu
15:55:55 I - disk
15:56:23 E E1001 pay
15:56:51 I - mq
15:57:07 I - disk
15:57:15 I - queue
15:57:47 I - dns
15:58:12 I - rpc
15:58:45 E E1007 pay
15:59:07 I - cache
15:59:34 I - pay
15:59:57 W W2009 rpc
16:00:09 I - cache
16:00:32 I - tls
16:00:41 I - tls
16:01:06 I - disk
16:01:21 I - db
16:01:43 E E1001 rpc
16:01:54 I - io
16:02:29 W W2014 io
16:02:47 I - io
16:03:13 I - tls
16:03:20 I - db
16:03:52 I - pay
16:04:12 I - pay
16:04:32 I - cpu
16:04:50 I - auth
16:05:14 I - disk
16:05:27 W W2009 cpu
16:05:51 W W2027 auth
16:06:01 I - queue
16:06:22 I - tls
16:06:51 I - auth
16:07:27 I - db
16:07:58 I - mq
16:08:04 I - auth
16:08:26 I - dns
16:08:38 I - queue
16:08:44 I - RESTART
16:08:58 I - tls
16:09:19 I - auth
16:09:54 I - mq
16:10:20 I - mq
16:10:43 I - mq
16:10:54 E E1001 dns
16:11:13 I - tls
16:11:35 I - disk
16:11:45 I - io
16:12:11 I - rpc
16:12:21 I - auth
16:12:44 I - cache
16:13:02 I - mq
16:13:11 I - cpu
16:13:18 I - disk
16:13:25 I - tls
16:13:40 I - mq
16:13:58 I - disk
16:14:25 I - mq
16:14:39 I - mq
16:14:54 W W2003 disk
16:15:29 I - RESTART
16:15:55 I - db
16:16:09 I - dns
16:16:37 I - cache
16:17:04 I - tls
16:17:24 I - queue
16:17:43 I - db
16:18:11 I - queue
16:18:40 I - cache
16:18:53 I - auth
16:19:18 W W2014 dns
16:19:50 I - cache
16:20:06 I - cpu
16:20:19 I - pay
16:20:41 E E1052 queue
16:21:05 I - db
16:21:16 I - io
16:21:43 I - tls
16:21:52 W W2033 mq
16:21:59 I - queue
16:22:05 I - queue
16:22:35 I - cpu
16:23:09 I - pay
16:23:27 I - auth
16:23:58 E E1007 cpu
16:24:13 I - dns
16:24:42 I - io
16:25:15 I - mq
16:25:48 W W2014 rpc
16:26:18 I - tls
16:26:40 I - cache
16:26:48 I - pay
16:27:24 I - mq
16:27:52 I - rpc
16:28:21 I - rpc
16:28:51 I - mq
16:29:16 E E1088 dns
16:29:41 I - cache
16:30:10 E E1012 disk
16:30:27 I - queue
16:30:56 W W2009 pay
16:31:14 I - io
16:31:29 I - rpc
16:31:37 I - RESTART
16:31:47 I - RESTART
16:32:13 I - tls
16:32:22 I - tls
16:32:38 I - tls
16:32:55 I - tls
16:33:12 W W2009 mq
16:33:28 I - pay
16:33:42 I - queue
16:33:49 I - dns
16:34:19 I - RESTART
16:34:44 W W2014 mq
16:35:02 W W2027 db
16:35:11 I - cache
16:35:38 I - rpc
16:36:03 I - io
16:36:29 I - disk
16:36:46 E E1007 pay
16:37:10 I - io
16:37:39 I - db
16:37:53 W W2033 tls
16:38:20 I - tls
16:38:45 I - io
16:39:15 I - rpc
16:39:22 I - cpu
16:39:43 I - cpu
16:39:57 I - pay
16:40:22 I - dns
16:40:51 I - auth
16:40:59 I - queue
16:41:05 I - db
16:41:28 I - auth
16:42:04 I - queue
16:42:11 W W2003 io
16:42:29 I - db
16:42:50 I - cache
16:43:20 W W2033 rpc
16:43:36 I - auth
16:43:59 I - pay
16:44:19 I - io
16:44:49 I - pay
16:45:14 I - cache
16:45:21 I - rpc
16:45:49 I - mq
16:46:12 I - cache
16:46:19 I - tls
16:46:49 I - cpu
16:47:16 W W2027 disk
16:47:43 I - tls
16:48:09 W W2033 tls
16:48:35 W W2027 disk
16:48:57 I - cache
16:49:07 I - cpu
16:49:35 I - pay
16:49:44 I - dns
16:49:52 I - auth
16:50:18 I - disk
16:50:42 I - rpc
16:51:09 W W2027 db
16:51:16 I - queue
16:51:37 I - db
16:52:01 I - cpu
16:52:22 I - rpc
16:52:52 I - RESTART
16:52:58 I - pay
16:53:05 E E1052 io
16:53:39 I - cpu
16:53:51 I - db
16:54:09 I - mq
16:54:36 E E1001 queue
16:55:05 I - queue
16:55:31 I - tls
16:55:48 E E1007 dns
16:56:05 I - cpu
16:56:40 W W2033 dns
16:57:13 I - pay
16:57:29 I - cache
16:57:47 I - cpu
16:58:10 I - mq
16:58:42 I - cpu
16:58:55 I - db
16:59:25 I - tls
16:59:32 I - cache
16:59:40 E E1007 pay
17:00:07 W W2033 pay
17:00:24 I - rpc
17:00:55 I - RESTART
17:01:27 I - dns
17:01:58 I - dns
17:02:17 I - disk
17:02:29 I - tls
17:02:50 I - queue
17:03:17 I - mq
17:03:23 I - io
17:03:47 I - mq
17:04:15 I - pay
17:04:44 I - dns
17:04:58 I - dns
17:05:08 I - queue
17:05:39 W W2027 cache
17:05:48 I - db
17:06:22 I - auth
17:06:57 I - cpu
17:07:08 I - dns
17:07:17 E E1001 tls
17:07:25 I - queue
17:07:46 I - auth
17:08:18 I - cpu
17:08:29 I - pay
17:08:45 I - mq
17:09:19 W W2027 mq
17:09:33 I - db
17:09:43 I - disk
17:09:52 I - queue
17:10:22 I - auth
17:10:47 I - rpc
17:11:02 I - disk
17:11:10 I - db
17:11:30 I - disk
17:12:03 W W2033 queue
17:12:39 I - auth
17:12:57 I - pay
17:13:22 I - queue
17:13:29 I - io
17:13:52 E E1052 cache
17:14:16 I - dns
17:14:26 I - dns
17:14:56 E E1001 io
17:15:20 I - disk
17:15:34 I - pay
17:15:40 I - dns
17:16:16 I - auth
17:16:28 I - cache
17:16:41 I - cache
17:16:50 I - auth
17:17:08 I - db
17:17:18 I - tls
17:17:44 I - disk
17:18:18 I - mq
17:18:39 I - io
17:19:00 I - queue
17:19:33 I - mq
17:19:47 I - cache
17:19:59 I - cpu
17:20:19 I - mq
17:20:47 I - dns
17:21:06 I - cache
17:21:20 I - cpu
17:21:37 I - mq
17:21:46 I - io
17:22:22 W W2033 tls
17:22:47 I - db
17:23:04 I - cache
17:23:31 I - db
17:23:44 I - cpu
17:24:07 E E1001 queue
17:24:14 E E1007 cpu
17:24:31 I - tls
17:24:39 I - RESTART
17:24:58 I - cache
17:25:11 I - dns
17:25:32 I - tls
17:26:08 I - pay
17:26:29 E E1044 mq
17:26:38 W W2027 dns
17:27:10 I - mq
17:27:24 W W2033 disk
17:27:47 I - RESTART
17:27:53 I - db
17:28:18 I - tls
17:28:26 I - dns
17:28:54 I - pay
17:29:02 I - queue
17:29:34 I - auth
17:30:03 I - tls
17:30:28 I - queue
17:30:57 I - pay
17:31:30 I - cache
17:31:45 I - cache
17:32:20 W W2033 dns
17:32:39 I - db
17:33:03 W W2033 mq
17:33:29 I - auth
17:33:52 I - dns
17:34:24 I - auth
17:34:40 I - auth
17:35:07 I - rpc
17:35:43 I - RESTART
17:35:59 I - io
17:36:33 W W2027 rpc
17:37:04 I - io
17:37:20 I - auth
17:37:32 I - io
17:37:39 I - rpc
17:38:15 I - disk
17:38:40 I - mq
17:38:59 I - auth
17:39:05 I - pay
17:39:34 I - rpc
17:39:54 I - disk
17:40:23 I - cpu
17:40:58 W W2027 io
17:41:30 I - db
17:41:46 I - mq
17:42:05 I - io
17:42:40 I - cache
17:42:51 E E1001 tls
17:43:22 I - queue
17:43:58 I - tls
17:44:04 I - db
17:44:21 I - dns
17:44:43 I - cache
17:45:17 I - mq
17:45:29 I - db
17:46:02 I - auth
17:46:16 I - db
17:46:29 I - tls
17:46:47 I - io
17:47:19 E E1019 io
17:47:49 I - disk
17:48:06 I - db
17:48:12 W W2027 cpu
17:48:46 I - dns
17:49:11 I - cache
17:49:40 I - auth
17:50:15 I - tls
17:50:35 I - cache
17:51:00 I - rpc
17:51:06 I - RESTART
17:51:40 I - mq
17:52:08 I - cache
17:52:14 E E1001 cpu
17:52:34 I - queue
17:52:57 I - cpu
17:53:17 I - rpc
17:53:40 I - rpc
17:53:48 I - tls
17:53:59 I - cpu
17:54:20 I - dns
17:54:30 I - dns
17:54:43 W W2003 queue
17:55:15 I - pay
17:55:42 I - cache
17:56:10 I - auth
17:56:30 I - auth
17:57:05 I - queue
17:57:39 W W2014 pay
17:58:00 I - cpu
17:58:34 I - queue
17:59:00 I - rpc
17:59:34 I - queue
17:59:41 W W2003 tls
18:00:11 I - mq
18:00:40 I - auth
18:01:06 I - pay
