# tz=+05:30 date=2026-03-14
[15:30:36] INFO - dns
[15:31:06] ERROR E1012 db
[15:31:17] INFO - cpu
[15:31:50] INFO - dns
[15:32:26] INFO - db
[15:32:44] INFO - dns
[15:33:04] INFO - dns
[15:33:15] INFO - db
[15:33:32] WARN W2009 dns
[15:33:39] INFO - rpc
[15:33:48] WARN W2003 queue
[15:34:13] WARN W2003 io
[15:34:21] INFO - mq
[15:34:40] INFO - cpu
[15:34:48] INFO - db
[15:35:10] WARN W2027 pay
[15:35:30] INFO - cache
[15:35:49] INFO - db
[15:36:08] INFO - pay
[15:36:17] INFO - mq
[15:36:47] WARN W2009 rpc
[15:37:22] INFO - cpu
[15:37:47] INFO - db
[15:37:57] INFO - tls
[15:38:30] INFO - cpu
[15:38:50] INFO - mq
[15:39:12] INFO - db
[15:39:31] INFO - dns
[15:39:52] WARN W2027 auth
[15:40:07] WARN W2027 queue
[15:40:18] INFO - tls
[15:40:24] INFO - dns
[15:40:39] INFO - dns
[15:40:58] INFO - queue
[15:41:28] INFO - dns
[15:41:45] INFO - mq
[15:42:09] INFO - cache
[15:42:34] INFO - cache
[15:42:44] INFO - pay
[15:43:17] INFO - pay
[15:43:27] INFO - io
[15:43:43] INFO - auth
[15:43:55] INFO - RESTART
[15:44:16] INFO - db
[15:44:42] WARN W2009 tls
[15:44:57] ERROR E1001 auth
[15:45:29] INFO - disk
[15:45:40] INFO - io
[15:45:54] WARN W2009 io
[15:46:07] WARN W2003 io
[15:46:29] INFO - db
[15:46:41] INFO - disk
[15:46:57] INFO - queue
[15:47:12] WARN W2027 disk
[15:47:48] WARN W2009 io
[15:48:00] INFO - io
[15:48:17] INFO - pay
[15:48:23] INFO - dns
[15:48:45] INFO - tls
[15:48:56] WARN W2009 queue
[15:49:27] INFO - RESTART
[15:49:39] INFO - pay
[15:49:54] INFO - dns
[15:50:07] INFO - auth
[15:50:31] INFO - dns
[15:50:56] INFO - queue
[15:51:02] INFO - io
[15:51:23] INFO - dns
[15:51:45] INFO - io
[15:51:55] INFO - queue
[15:52:21] INFO - mq
[15:52:27] ERROR E1044 db
[15:52:44] INFO - io
[15:53:02] INFO - queue
[15:53:23] INFO - db
[15:53:53] INFO - io
[15:54:11] INFO - cache
[15:54:40] WARN W2027 disk
[15:55:04] ERROR E1007 cpu
[15:55:14] INFO - rpc
[15:55:35] INFO - io
[15:56:07] INFO - rpc
[15:56:37] WARN W2003 pay
[15:57:11] INFO - tls
[15:57:21] INFO - disk
[15:57:44] INFO - mq
[15:57:55] INFO - dns
[15:58:02] INFO - cache
[15:58:10] INFO - mq
[15:58:20] INFO - queue
[15:58:56] INFO - RESTART
[15:59:03] INFO - disk
[15:59:21] INFO - dns
[15:59:29] INFO - cpu
[15:59:45] INFO - mq
[16:00:16] INFO - db
[16:00:35] INFO - auth
[16:00:50] INFO - rpc
[16:01:14] INFO - cache
[16:01:22] INFO - pay
[16:01:42] INFO - pay
[16:02:11] WARN W2009 cache
[16:02:44] INFO - io
[16:03:07] INFO - io
[16:03:16] INFO - tls
[16:03:52] INFO - mq
[16:04:25] WARN W2009 rpc
[16:04:50] INFO - pay
[16:05:05] INFO - db
[16:05:12] INFO - io
[16:05:28] INFO - pay
[16:05:38] INFO - tls
[16:05:45] INFO - auth
[16:06:06] INFO - pay
[16:06:36] INFO - tls
[16:06:58] INFO - auth
[16:07:23] INFO - disk
[16:07:59] INFO - RESTART
[16:08:18] WARN W2014 db
[16:08:40] INFO - db
[16:08:46] WARN W2033 disk
[16:08:58] INFO - cache
[16:09:20] INFO - pay
[16:09:39] INFO - cache
[16:09:52] INFO - io
[16:10:15] INFO - rpc
[16:10:48] INFO - queue
[16:11:18] WARN W2033 db
[16:11:34] INFO - mq
[16:11:51] INFO - disk
[16:12:24] INFO - pay
[16:12:36] INFO - rpc
[16:13:10] INFO - disk
[16:13:42] INFO - db
[16:14:00] INFO - mq
[16:14:22] INFO - cpu
[16:14:53] INFO - auth
[16:15:11] INFO - disk
[16:15:33] INFO - cpu
[16:15:43] INFO - RESTART
[16:15:53] INFO - disk
[16:16:12] INFO - db
[16:16:31] INFO - disk
[16:16:44] INFO - rpc
[16:17:18] INFO - cpu
[16:17:40] INFO - io
[16:18:11] INFO - dns
[16:18:46] INFO - mq
[16:19:15] WARN W2003 pay
[16:19:29] INFO - cache
[16:19:58] INFO - tls
[16:20:18] INFO - mq
[16:20:39] INFO - queue
[16:20:51] INFO - mq
[16:21:15] INFO - disk
[16:21:26] INFO - cache
[16:21:58] INFO - rpc
[16:22:18] INFO - io
[16:22:40] INFO - mq
[16:22:49] WARN W2014 mq
[16:22:59] INFO - rpc
[16:23:15] INFO - db
[16:23:41] INFO - dns
[16:24:13] INFO - tls
[16:24:42] INFO - queue
[16:24:57] INFO - io
[16:25:26] INFO - db
[16:25:51] INFO - pay
[16:26:22] ERROR E1007 io
[16:26:34] INFO - rpc
[16:27:02] INFO - rpc
[16:27:18] INFO - mq
[16:27:32] INFO - tls
[16:27:51] INFO - db
[16:28:00] INFO - auth
[16:28:09] INFO - db
[16:28:22] INFO - rpc
[16:28:51] INFO - cache
[16:29:14] INFO - cache
[16:29:47] INFO - pay
[16:30:14] INFO - tls
[16:30:25] INFO - pay
[16:30:41] INFO - io
[16:31:07] INFO - tls
[16:31:15] ERROR E1001 tls
[16:31:32] INFO - rpc
[16:31:49] INFO - cache
[16:32:11] WARN W2009 pay
[16:32:37] WARN W2003 tls
[16:33:05] INFO - io
[16:33:27] INFO - pay
[16:33:57] WARN W2003 pay
[16:34:28] INFO - mq
[16:34:35] INFO - io
[16:35:03] INFO - cache
[16:35:23] INFO - auth
[16:35:50] INFO - db
[16:36:11] INFO - auth
[16:36:34] INFO - cpu
[16:36:59] INFO - mq
[16:37:13] INFO - queue
[16:37:29] INFO - db
[16:37:54] WARN W2009 pay
[16:38:21] INFO - io
[16:38:54] INFO - tls
[16:39:04] INFO - db
[16:39:36] INFO - auth
[16:39:57] INFO - pay
[16:40:20] INFO - mq
[16:40:47] INFO - auth
[16:41:18] INFO - cpu
[16:41:47] INFO - rpc
[16:42:08] INFO - tls
[16:42:40] INFO - dns
[16:43:07] WARN W2003 cache
[16:43:41] INFO - dns
[16:44:15] INFO - pay
[16:44:41] INFO - dns
[16:45:03] INFO - dns
[16:45:25] ERROR E1044 disk
[16:45:31] INFO - tls
[16:46:03] INFO - rpc
[16:46:33] INFO - dns
[16:47:08] ERROR E1001 tls
[16:47:18] INFO - cpu
[16:47:51] INFO - disk
[16:48:21] INFO - pay
[16:48:52] INFO - tls
[16:49:14] INFO - auth
[16:49:45] INFO - disk
[16:50:02] INFO - pay
[16:50:27] INFO - db
[16:50:47] INFO - rpc
[16:50:54] INFO - queue
[16:51:18] INFO - pay
[16:51:26] INFO - cpu
[16:51:54] INFO - mq
[16:52:27] ERROR E1001 cache
[16:52:56] WARN W2027 tls
[16:53:24] WARN W2033 dns
[16:53:30] INFO - pay
[16:53:43] INFO - disk
[16:54:08] INFO - auth
[16:54:28] INFO - dns
[16:54:53] INFO - mq
[16:55:10] ERROR E1001 tls
[16:55:32] INFO - mq
[16:55:59] INFO - auth
[16:56:05] INFO - cache
[16:56:12] INFO - auth
[16:56:23] ERROR E1031 queue
[16:56:55] INFO - cache
[16:57:22] INFO - db
[16:57:53] WARN W2033 dns
[16:58:23] INFO - cpu
[16:58:32] WARN W2003 pay
[16:59:04] INFO - queue
[16:59:38] INFO - db
[16:59:44] ERROR E1044 tls
[17:00:17] INFO - dns
[17:00:46] INFO - cache
[17:00:56] ERROR E1012 rpc
[17:01:31] WARN W2009 mq
[17:02:07] INFO - queue
[17:02:37] WARN W2003 disk
[17:02:47] INFO - tls
[17:03:14] INFO - pay
[17:03:34] INFO - pay
[17:03:47] ERROR E1023 queue
[17:04:02] INFO - rpc
[17:04:13] INFO - rpc
[17:04:45] INFO - rpc
[17:05:03] INFO - disk
[17:05:17] INFO - cpu
[17:05:32] INFO - RESTART
[17:06:06] INFO - cache
[17:06:41] INFO - auth
[17:07:16] ERROR E1001 tls
[17:07:24] INFO - disk
[17:07:38] WARN W2003 rpc
[17:07:59] INFO - disk
[17:08:23] INFO - auth
[17:08:44] INFO - mq
[17:08:59] INFO - mq
[17:09:19] WARN W2009 rpc
[17:09:45] INFO - io
[17:10:07] WARN W2009 queue
[17:10:40] WARN W2014 disk
[17:11:09] INFO - dns
[17:11:31] INFO - tls
[17:12:06] INFO - cache
[17:12:25] INFO - auth
[17:12:47] INFO - io
[17:13:13] INFO - queue
[17:13:44] INFO - RESTART
[17:14:09] INFO - dns
[17:14:28] INFO - auth
[17:14:35] INFO - auth
[17:14:51] INFO - pay
[17:15:01] INFO - dns
[17:15:11] INFO - rpc
[17:15:32] INFO - cache
[17:15:59] INFO - db
[17:16:13] INFO - queue
[17:16:19] INFO - disk
[17:16:27] INFO - disk
[17:16:50] INFO - pay
[17:17:19] INFO - tls
[17:17:35] INFO - disk
[17:17:54] INFO - disk
[17:18:03] INFO - auth
[17:18:14] WARN W2027 cpu
[17:18:44] INFO - rpc
[17:19:06] INFO - db
[17:19:24] ERROR E1001 queue
[17:19:32] INFO - mq
[17:19:43] INFO - queue
[17:20:12] INFO - tls
[17:20:34] INFO - pay
[17:21:10] INFO - disk
[17:21:25] INFO - dns
[17:21:41] WARN W2009 pay
[17:21:52] INFO - auth
[17:21:58] INFO - disk
[17:22:25] INFO - auth
[17:22:43] INFO - cpu
[17:23:01] INFO - cache
[17:23:34] INFO - cache
[17:23:57] INFO - db
[17:24:09] INFO - cpu
[17:24:21] INFO - db
[17:24:49] INFO - auth
[17:25:22] INFO - io
[17:25:38] INFO - queue
[17:26:12] INFO - io
[17:26:29] INFO - mq
[17:26:53] INFO - pay
[17:27:02] INFO - dns
[17:27:13] INFO - cpu
[17:27:30] INFO - queue
[17:27:58] INFO - tls
[17:28:13] INFO - dns
[17:28:40] INFO - mq
[17:28:54] INFO - dns
[17:29:15] INFO - auth
[17:29:42] INFO - cpu
[17:30:14] ERROR E1001 pay
[17:30:46] INFO - mq
[17:31:20] INFO - cache
[17:31:31] INFO - mq
[17:32:04] INFO - cache
[17:32:14] INFO - disk
[17:32:36] INFO - cpu
[17:33:12] INFO - RESTART
[17:33:39] INFO - queue
[17:34:05] INFO - cache
[17:34:38] INFO - cache
[17:34:49] INFO - dns
[17:35:16] INFO - tls
[17:35:32] INFO - queue
[17:35:59] INFO - tls
[17:36:05] INFO - auth
[17:36:38] INFO - disk
[17:37:13] ERROR E5107 cpu
[17:37:14] INFO - pay
[17:37:16] ERROR E5107 cpu
[17:37:18] ERROR E5107 queue
[17:37:19] ERROR E5107 pay
[17:37:20] ERROR E5107 tls
[17:37:21] ERROR E5107 auth
[17:37:23] ERROR E5107 mq
[17:37:25] ERROR E5107 cpu
[17:37:26] ERROR E5107 pay
[17:37:27] ERROR E5107 mq
[17:37:29] ERROR E5107 io
[17:37:32] ERROR E5107 dns
[17:37:34] INFO - queue
[17:37:34] ERROR E5107 auth
[17:37:36] ERROR E5107 dns
[17:37:39] ERROR E5107 auth
[17:37:42] ERROR E5107 tls
[17:37:44] ERROR E5107 cache
[17:37:45] ERROR E5107 io
[17:37:46] ERROR E5107 tls
[17:37:49] ERROR E5107 cache
[17:37:52] ERROR E5107 cache
[17:37:55] ERROR E5107 db
[17:37:56] ERROR E5107 disk
[17:37:59] ERROR E5107 pay
[17:38:00] ERROR E5107 rpc
[17:38:01] ERROR E5107 io
[17:38:04] ERROR E5107 queue
[17:38:05] WARN W2027 tls
[17:38:07] ERROR E5107 dns
[17:38:08] ERROR E5107 queue
[17:38:10] ERROR E5107 tls
[17:38:11] ERROR E5107 queue
[17:38:13] ERROR E5107 mq
[17:38:14] ERROR E5107 cache
[17:38:15] ERROR E5107 queue
[17:38:17] ERROR E5107 io
[17:38:19] ERROR E5107 mq
[17:38:20] ERROR E5107 io
[17:38:22] ERROR E5107 disk
[17:38:24] INFO - cache
[17:38:24] ERROR E5107 queue
[17:38:26] ERROR E5107 io
[17:38:42] WARN W2009 auth
[17:39:02] INFO - cpu
[17:39:30] INFO - rpc
[17:39:36] INFO - db
[17:40:11] INFO - tls
[17:40:36] INFO - db
[17:41:02] INFO - pay
[17:41:12] WARN W2027 io
[17:41:30] INFO - mq
[17:41:39] INFO - cpu
[17:42:10] INFO - rpc
[17:42:44] INFO - dns
[17:42:59] WARN W2033 mq
[17:43:30] INFO - io
[17:43:41] INFO - cache
[17:43:55] INFO - RESTART
[17:44:18] INFO - mq
[17:44:47] INFO - cache
[17:45:22] INFO - cpu
[17:45:57] INFO - pay
[17:46:12] INFO - dns
[17:46:35] INFO - disk
[17:47:06] INFO - io
[17:47:27] WARN W2003 tls
[17:47:57] INFO - mq
[17:48:12] INFO - pay
[17:48:36] INFO - auth
[17:48:54] INFO - rpc
[17:49:19] INFO - auth
[17:49:30] INFO - tls
[17:49:55] INFO - dns
[17:50:15] WARN W2027 auth
[17:50:51] INFO - pay
[17:51:07] INFO - mq
[17:51:19] INFO - disk
[17:51:25] INFO - auth
[17:51:58] INFO - tls
[17:52:17] INFO - dns
[17:52:27] INFO - tls
[17:52:56] INFO - db
[17:53:11] INFO - dns
[17:53:20] INFO - cpu
[17:53:29] INFO - disk
[17:53:40] INFO - auth
[17:53:53] WARN W2014 tls
[17:54:25] INFO - io
[17:54:32] INFO - auth
[17:54:49] INFO - mq
[17:55:25] INFO - RESTART
[17:55:35] INFO - db
[17:55:49] ERROR E1007 auth
[17:56:05] INFO - mq
[17:56:31] INFO - cache
[17:57:05] INFO - queue
[17:57:32] INFO - mq
[17:57:51] ERROR E1061 db
[17:57:58] ERROR E1007 dns
[17:58:32] INFO - io
[17:58:51] INFO - rpc
[17:59:09] INFO - dns
[17:59:20] WARN W2027 cache
[17:59:52] INFO - auth
[18:00:21] INFO - tls
[18:00:55] INFO - io
[18:01:05] INFO - mq
[18:01:25] INFO - rpc
[18:01:36] INFO - rpc
[18:02:04] INFO - pay
[18:02:30] INFO - queue
[18:02:58] INFO - disk
[18:03:11] INFO - cpu
[18:03:19] INFO - auth
[18:03:51] INFO - io
[18:04:19] INFO - tls
[18:04:33] INFO - mq
[18:05:01] INFO - mq
[18:05:24] INFO - mq
[18:05:47] INFO - disk
[18:05:55] INFO - disk
[18:06:30] INFO - RESTART
[18:07:01] INFO - RESTART
[18:07:08] INFO - dns
[18:07:16] INFO - queue
[18:07:41] WARN W2009 io
[18:08:04] WARN W2003 disk
[18:08:10] INFO - mq
[18:08:34] INFO - pay
[18:08:49] INFO - mq
[18:09:22] INFO - pay
[18:09:51] INFO - tls
[18:10:17] INFO - auth
[18:10:50] INFO - io
[18:10:59] ERROR E1031 db
[18:11:18] WARN W2014 db
[18:11:54] INFO - rpc
[18:12:04] INFO - cpu
[18:12:31] INFO - pay
[18:12:53] INFO - tls
[18:13:09] INFO - rpc
[18:13:28] INFO - dns
[18:13:47] INFO - auth
[18:14:11] ERROR E1001 queue
[18:14:37] INFO - cache
[18:14:54] INFO - tls
[18:15:24] INFO - db
[18:16:00] WARN W2009 mq
[18:16:12] INFO - pay
[18:16:48] INFO - dns
[18:16:57] ERROR E1019 cpu
[18:17:25] INFO - mq
[18:17:40] INFO - pay
[18:18:07] WARN W2014 io
[18:18:25] WARN W2009 queue
[18:18:59] INFO - cache
[18:19:28] INFO - tls
[18:20:04] INFO - queue
[18:20:23] INFO - io
[18:20:47] INFO - dns
[18:21:17] INFO - io
[18:21:37] INFO - pay
[18:21:54] INFO - cache
[18:22:02] INFO - pay
[18:22:25] WARN W2033 rpc
[18:22:32] INFO - pay
[18:22:54] INFO - pay
[18:23:09] ERROR E1001 cache
[18:23:27] INFO - queue
[18:24:01] INFO - pay
[18:24:33] INFO - disk
[18:24:59] ERROR E1044 cache
[18:25:33] ERROR E1044 disk
[18:25:44] INFO - db
[18:26:17] INFO - cpu
[18:26:45] INFO - dns
[18:26:59] ERROR E1023 io
[18:27:16] INFO - tls
[18:27:27] INFO - queue
[18:27:45] INFO - db
[18:28:18] INFO - cpu
[18:28:40] INFO - pay
[18:28:59] INFO - rpc
[18:29:20] INFO - rpc
[18:29:48] WARN W2033 dns
[18:30:17] WARN W2027 mq
[18:30:28] INFO - rpc
[18:30:52] INFO - io
[18:31:09] WARN W2033 io
[18:31:26] INFO - rpc
[18:31:57] INFO - disk
[18:32:11] INFO - db
[18:32:33] INFO - cache
[18:32:56] WARN W2033 cpu
[18:33:21] INFO - db
[18:33:50] INFO - pay
[18:34:13] INFO - tls
[18:34:48] INFO - disk
[18:35:16] INFO - mq
[18:35:49] INFO - cpu
[18:36:21] ERROR E1012 tls
[18:36:38] INFO - tls
[18:36:47] INFO - pay
[18:37:23] INFO - dns
[18:37:50] INFO - tls
[18:38:21] INFO - rpc
[18:38:48] INFO - cache
[18:39:21] INFO - db
[18:39:33] INFO - tls
[18:39:59] INFO - tls
[18:40:06] WARN W2009 pay
[18:40:33] INFO - tls
[18:41:05] ERROR E1001 auth
[18:41:39] INFO - disk
[18:42:14] INFO - dns
[18:42:30] INFO - dns
[18:42:55] INFO - mq
[18:43:20] INFO - disk
[18:43:28] INFO - db
[18:43:43] INFO - dns
[18:44:00] INFO - queue
[18:44:13] INFO - auth
[18:44:43] INFO - cpu
[18:44:49] INFO - dns
[18:45:23] INFO - auth
[18:45:58] INFO - RESTART
[18:46:11] INFO - io
[18:46:24] INFO - mq
[18:46:39] INFO - RESTART
[18:46:57] INFO - io
[18:47:10] INFO - disk
[18:47:38] WARN W2014 pay
[18:48:09] INFO - RESTART
[18:48:40] INFO - db
[18:48:59] INFO - db
[18:49:05] INFO - rpc
[18:49:11] INFO - dns
[18:49:28] INFO - tls
[18:49:44] INFO - pay
[18:50:08] INFO - tls
[18:50:35] INFO - auth
[18:51:06] INFO - tls
[18:51:42] INFO - dns
[18:51:55] ERROR E1001 pay
[18:52:07] INFO - auth
[18:52:36] INFO - auth
[18:52:55] INFO - dns
[18:53:05] INFO - tls
[18:53:31] INFO - cache
[18:54:06] INFO - io
[18:54:13] INFO - queue
[18:54:21] INFO - cache
[18:54:49] INFO - tls
[18:55:18] INFO - io
[18:55:43] ERROR E1007 queue
[18:56:06] INFO - disk
[18:56:21] INFO - auth
[18:56:41] INFO - io
[18:57:15] INFO - io
[18:57:32] INFO - tls
[18:57:46] INFO - dns
[18:58:13] INFO - disk
[18:58:43] INFO - db
[18:59:03] INFO - auth
[18:59:14] INFO - queue
[18:59:41] INFO - RESTART
[18:59:59] INFO - db
[19:00:13] ERROR E1012 queue
[19:00:31] INFO - queue
[19:01:07] INFO - cpu
[19:01:16] INFO - auth
[19:01:52] INFO - dns
[19:02:07] INFO - rpc
[19:02:18] INFO - cache
[19:02:45] INFO - dns
[19:03:09] INFO - dns
[19:03:17] INFO - rpc
[19:03:43] INFO - disk
[19:04:13] INFO - queue
[19:04:30] INFO - tls
[19:04:38] INFO - cpu
[19:04:49] INFO - dns
[19:05:25] INFO - rpc
[19:05:51] INFO - cache
[19:05:59] INFO - cpu
[19:06:11] INFO - cache
[19:06:45] WARN W2033 db
[19:07:03] INFO - tls
[19:07:35] INFO - rpc
[19:07:57] INFO - db
[19:08:06] INFO - pay
[19:08:35] INFO - db
[19:08:44] INFO - pay
[19:08:57] INFO - cpu
[19:09:33] INFO - disk
[19:10:03] INFO - rpc
[19:10:29] INFO - dns
[19:10:45] INFO - queue
[19:11:09] INFO - RESTART
[19:11:36] INFO - tls
[19:11:47] INFO - disk
[19:12:20] INFO - auth
[19:12:50] ERROR E1001 auth
[19:13:16] INFO - mq
[19:13:22] INFO - io
[19:13:52] INFO - cpu
[19:14:08] INFO - tls
[19:14:20] INFO - cpu
[19:14:37] WARN W2033 queue
[19:14:47] INFO - tls
[19:15:08] INFO - rpc
[19:15:30] INFO - rpc
[19:15:54] WARN W2009 disk
[19:16:18] INFO - rpc
[19:16:28] INFO - tls
[19:16:42] INFO - queue
[19:17:03] WARN W2033 auth
[19:17:16] INFO - io
[19:17:52] INFO - queue
[19:18:14] WARN W2003 mq
[19:18:20] WARN W2003 io
[19:18:42] INFO - db
[19:19:11] INFO - queue
[19:19:41] WARN W2009 rpc
[19:19:54] INFO - rpc
[19:20:22] INFO - io
[19:20:32] INFO - RESTART
[19:21:01] ERROR E1031 cache
[19:21:10] INFO - db
[19:21:38] INFO - dns
[19:21:57] INFO - dns
[19:22:17] INFO - pay
[19:22:27] INFO - cpu
[19:22:57] INFO - tls
[19:23:31] INFO - cache
[19:23:39] INFO - disk
[19:24:12] INFO - cache
[19:24:45] INFO - mq
[19:25:19] INFO - tls
[19:25:36] INFO - queue
[19:25:59] WARN W2014 rpc
[19:26:23] INFO - dns
[19:26:54] INFO - queue
[19:27:04] INFO - mq
[19:27:23] INFO - cache
[19:27:55] INFO - auth
[19:28:09] INFO - tls
[19:28:23] INFO - rpc
[19:28:55] INFO - auth
[19:29:15] WARN W2003 dns
[19:29:46] INFO - disk
[19:30:10] INFO - tls
[19:30:29] INFO - pay
[19:30:55] INFO - db
[19:31:18] INFO - mq
[19:31:29] WARN W2027 rpc
[19:31:42] WARN W2027 rpc
[19:31:59] INFO - auth
[19:32:11] INFO - mq
[19:32:39] INFO - disk
[19:33:02] INFO - tls
[19:33:11] INFO - db
[19:33:31] INFO - rpc
[19:33:57] INFO - cache
[19:34:19] INFO - db
[19:34:44] INFO - auth
[19:35:06] INFO - pay
[19:35:37] INFO - db
[19:36:10] INFO - mq
[19:36:35] INFO - mq
[19:36:56] INFO - db
[19:37:20] INFO - cpu
[19:37:40] INFO - queue
[19:37:50] INFO - dns
[19:38:11] INFO - io
[19:38:46] INFO - cpu
[19:38:56] WARN W2033 auth
[19:39:08] INFO - rpc
[19:39:36] INFO - db
[19:39:43] ERROR E1023 disk
[19:40:16] INFO - rpc
[19:40:52] INFO - io
[19:41:04] INFO - queue
[19:41:21] INFO - pay
[19:41:31] INFO - db
[19:41:45] INFO - cpu
[19:42:15] INFO - auth
[19:42:22] INFO - queue
[19:42:58] INFO - mq
[19:43:05] INFO - dns
[19:43:41] INFO - rpc
[19:44:16] INFO - rpc
[19:44:28] INFO - cpu
[19:44:47] INFO - auth
[19:45:05] INFO - dns
[19:45:21] INFO - mq
[19:45:46] WARN W2033 tls
[19:46:18] ERROR E1044 mq
[19:46:46] INFO - db
[19:47:12] INFO - cache
[19:47:30] WARN W2014 io
[19:47:48] INFO - db
[19:48:09] INFO - auth
[19:48:36] INFO - pay
[19:48:42] INFO - mq
[19:48:49] INFO - queue
[19:49:13] INFO - rpc
[19:49:45] INFO - tls
[19:50:00] INFO - rpc
[19:50:18] INFO - auth
[19:50:27] WARN W2014 auth
[19:50:46] INFO - rpc
[19:50:58] INFO - rpc
[19:51:33] INFO - cpu
[19:51:57] WARN W2027 mq
[19:52:25] INFO - cache
[19:52:58] INFO - tls
[19:53:09] INFO - pay
[19:53:40] INFO - dns
[19:53:56] INFO - queue
[19:54:10] INFO - queue
[19:54:42] INFO - queue
[19:55:16] INFO - db
[19:55:47] WARN W2009 cache
[19:55:58] INFO - disk
[19:56:08] INFO - cache
[19:56:14] WARN W2027 auth
[19:56:46] INFO - io
[19:57:22] INFO - rpc
[19:57:40] INFO - cpu
[19:58:01] INFO - db
[19:58:24] INFO - rpc
[19:59:00] INFO - auth
[19:59:28] INFO - pay
[20:00:00] INFO - disk
[20:00:29] INFO - cache
[20:00:35] INFO - cache
[20:00:57] INFO - queue
[20:01:11] WARN W2033 mq
[20:01:20] INFO - pay
[20:01:51] INFO - db
[20:02:23] INFO - cpu
[20:02:48] INFO - mq
[20:03:04] INFO - cpu
[20:03:27] INFO - dns
[20:03:40] ERROR E1019 io
[20:03:51] INFO - tls
[20:04:05] INFO - disk
[20:04:26] INFO - queue
[20:05:02] INFO - db
[20:05:33] INFO - cache
[20:05:56] INFO - db
[20:06:31] INFO - auth
[20:06:37] INFO - dns
[20:07:06] WARN W2009 tls
[20:07:35] INFO - io
[20:07:49] INFO - io
[20:07:59] INFO - mq
[20:08:15] INFO - dns
[20:08:21] WARN W2027 tls
[20:08:51] INFO - rpc
[20:09:05] WARN W2009 auth
[20:09:40] INFO - dns
[20:10:02] INFO - mq
[20:10:23] INFO - pay
[20:10:51] INFO - cpu
[20:11:00] INFO - rpc
[20:11:22] INFO - RESTART
[20:11:46] INFO - db
[20:12:21] INFO - db
[20:12:29] INFO - pay
[20:12:40] INFO - tls
[20:13:03] INFO - cpu
[20:13:24] INFO - queue
[20:13:37] INFO - queue
[20:22:09] INFO - mq
[20:22:27] ERROR E1012 dns
[20:23:02] INFO - tls
[20:23:15] INFO - pay
[20:23:46] INFO - queue
[20:24:07] ERROR E1007 cache
[20:24:19] INFO - queue
[20:24:45] INFO - disk
[20:25:15] INFO - disk
[20:25:27] INFO - tls
[20:25:39] INFO - disk
[20:26:06] INFO - dns
[20:26:14] INFO - rpc
[20:26:47] INFO - mq
[20:27:00] WARN W2027 cache
[20:27:25] INFO - db
[20:27:48] WARN W2009 cache
[20:28:17] INFO - io
[20:28:25] INFO - RESTART
[20:28:31] WARN W2033 cache
[20:28:58] INFO - auth
[20:29:23] INFO - auth
[20:29:56] INFO - mq
[20:30:17] WARN W2033 disk
[20:30:49] INFO - disk
[20:31:12] INFO - dns
[20:31:40] INFO - cache
[20:31:56] INFO - auth
[20:32:19] INFO - mq
[20:32:37] INFO - queue
[20:33:01] INFO - pay
[20:33:16] WARN W2003 mq
[20:33:33] WARN W2027 cpu
[20:33:53] INFO - tls
[20:34:13] INFO - auth
[20:34:31] INFO - auth
[20:34:43] INFO - io
[20:35:14] INFO - io
[20:35:37] WARN W2027 dns
[20:36:02] INFO - rpc
[20:36:23] INFO - disk
[20:36:54] INFO - dns
[20:37:27] INFO - rpc
[20:37:46] INFO - mq
[20:38:22] INFO - pay
[20:38:53] INFO - db
[20:39:14] INFO - dns
[20:39:50] INFO - auth
[20:40:10] INFO - io
[20:40:37] INFO - auth
[20:40:48] WARN W2027 mq
[20:41:21] ERROR E1023 rpc
[20:41:28] INFO - disk
[20:41:55] INFO - queue
[20:42:01] INFO - auth
[20:42:36] INFO - dns
[20:42:50] INFO - dns
[20:43:03] INFO - dns
[20:43:29] INFO - rpc
[20:43:36] INFO - cache
[20:43:51] INFO - auth
[20:44:06] WARN W2033 mq
[20:44:38] WARN W2014 db
[20:44:49] INFO - rpc
[20:45:09] INFO - pay
[20:45:30] INFO - rpc
[20:45:39] INFO - io
[20:46:13] INFO - io
[20:46:48] INFO - cache
[20:47:18] INFO - io
[20:47:47] INFO - dns
[20:48:09] INFO - dns
[20:48:20] INFO - rpc
[20:48:51] INFO - queue
[20:49:03] INFO - mq
[20:49:29] INFO - cache
[20:49:56] INFO - pay
[20:50:31] INFO - mq
[20:50:59] INFO - db
[20:51:32] INFO - rpc
[20:51:47] INFO - cpu
[20:52:04] INFO - queue
[20:52:40] INFO - auth
[20:52:55] INFO - tls
[20:53:09] ERROR E1012 disk
[20:53:45] WARN W2003 pay
[20:53:51] INFO - pay
[20:54:08] INFO - mq
[20:54:14] INFO - cache
[20:54:22] INFO - mq
[20:54:51] WARN W2003 db
[20:55:09] INFO - mq
[20:55:18] INFO - disk
[20:55:45] WARN W2009 queue
[20:56:10] INFO - cpu
[20:56:44] INFO - db
[20:57:17] INFO - io
[20:57:45] INFO - db
[20:57:52] INFO - io
[20:57:58] INFO - tls
[20:58:30] INFO - cache
[20:58:39] WARN W2014 disk
[20:58:51] INFO - pay
[20:59:24] INFO - mq
[20:59:56] INFO - io
[21:00:10] WARN W2027 cpu
[21:00:21] INFO - db
[21:00:44] ERROR E1001 queue
[21:01:01] INFO - tls
[21:01:09] INFO - rpc
[21:01:31] INFO - rpc
[21:01:49] INFO - mq
[21:01:59] INFO - db
[21:02:16] INFO - auth
[21:02:30] INFO - rpc
[21:02:54] INFO - rpc
[21:03:14] INFO - auth
[21:03:32] INFO - auth
[21:03:59] INFO - tls
[21:04:06] INFO - pay
[21:04:36] INFO - mq
[21:04:47] INFO - disk
[21:05:20] INFO - dns
[21:05:37] INFO - queue
[21:05:48] INFO - tls
[21:06:09] INFO - dns
[21:06:41] INFO - cpu
[21:07:14] INFO - cpu
[21:07:27] INFO - cpu
[21:08:02] ERROR E1019 rpc
[21:08:37] INFO - disk
[21:09:08] INFO - auth
[21:09:31] INFO - rpc
[21:09:48] INFO - disk
[21:10:21] WARN W2009 cache
[21:10:44] INFO - rpc
[21:11:03] INFO - pay
[21:11:36] INFO - dns
[21:11:54] INFO - cache
[21:12:01] INFO - queue
[21:12:32] INFO - dns
[21:12:58] INFO - queue
[21:13:21] ERROR E1007 cache
[21:13:50] INFO - pay
[21:14:00] INFO - tls
[21:14:35] INFO - auth
[21:14:54] INFO - db
[21:15:07] INFO - cpu
[21:15:30] INFO - cache
[21:15:57] INFO - mq
[21:16:13] INFO - io
[21:16:31] INFO - tls
[21:16:59] INFO - cache
[21:17:32] INFO - mq
[21:17:56] INFO - cpu
[21:18:32] INFO - queue
[21:19:06] ERROR E1001 queue
[21:19:39] INFO - rpc
[21:20:04] WARN W2009 mq
[21:20:31] INFO - disk
