# clock=epoch-utc
1773482431 I - db
1773482463 I - tls
1773482483 I - rpc
1773482512 W W2033 pay
1773482527 I - io
1773482547 W W2033 mq
1773482553 I - mq
1773482560 I - tls
1773482574 E E1001 tls
1773482602 W W2033 rpc
1773482631 I - rpc
1773482651 I - cache
1773482678 I - tls
1773482700 I - disk
1773482719 I - disk
1773482746 E E1001 dns
1773482771 I - pay
1773482802 I - cache
1773482827 I - cpu
1773482837 I - mq
1773482860 I - rpc
1773482896 I - mq
1773482909 I - pay
1773482935 I - queue
1773482969 I - pay
1773482991 I - cpu
1773483006 I - tls
1773483038 I - dns
1773483063 I - db
1773483088 W W2027 auth
1773483095 I - disk
1773483129 I - db
1773483160 I - rpc
1773483172 I - cpu
1773483184 I - auth
1773483218 I - cpu
1773483227 I - cache
1773483253 I - io
1773483277 I - io
1773483306 I - io
1773483332 I - disk
1773483345 I - db
1773483354 I - io
1773483377 E E1001 db
1773483385 I - cache
1773483402 I - pay
1773483438 I - db
1773483472 I - cpu
1773483502 E E1007 cache
1773483534 I - queue
1773483562 I - db
1773483594 W W2033 dns
1773483607 W W2009 disk
1773483635 I - queue
1773483653 I - rpc
1773483688 I - rpc
1773483715 W W2033 queue
1773483725 I - rpc
1773483756 I - io
1773483772 I - dns
1773483799 I - queue
1773483818 I - disk
1773483849 I - db
1773483862 I - dns
1773483874 I - cpu
1773483905 I - db
1773483939 I - auth
1773483958 I - RESTART
1773483971 I - pay
1773484004 I - disk
1773484025 E E1001 disk
1773484047 I - queue
1773484057 I - rpc
1773484063 E E1001 mq
1773484086 I - queue
1773484112 I - cache
1773484146 I - pay
1773484170 I - rpc
1773484195 I - mq
1773484205 I - dns
1773484222 I - queue
1773484242 W W2027 cpu
1773484274 I - tls
1773484297 I - cache
1773484305 I - cpu
1773484313 I - mq
1773484348 I - disk
1773484357 I - pay
1773484393 W W2033 pay
1773484404 I - tls
1773484425 I - mq
1773484431 W W2033 mq
1773484449 I - rpc
1773484482 E E1007 tls
1773484514 I - dns
1773484523 I - tls
1773484549 E E1001 dns
1773484571 I - pay
1773484583 I - db
1773484602 I - mq
1773484631 I - rpc
1773484660 E E1007 io
1773484673 I - disk
1773484695 I - disk
1773484721 I - cache
1773484740 I - dns
1773484756 W W2033 cpu
1773484764 I - rpc
1773484793 E E1001 mq
1773484807 I - cache
1773484842 I - mq
1773484862 I - rpc
1773484890 I - db
1773484906 I - cpu
1773484922 I - rpc
1773484934 I - queue
1773484963 I - pay
1773484993 I - queue
1773485012 I - pay
1773485039 I - cpu
1773485060 I - disk
1773485083 I - rpc
1773485089 W W2009 pay
1773485102 I - cache
1773485108 I - pay
1773485124 I - pay
1773485158 I - dns
1773485187 I - dns
1773485200 I - rpc
1773485212 I - dns
1773485227 I - mq
1773485239 I - pay
1773485266 I - io
1773485300 I - auth
1773485336 I - dns
1773485351 I - tls
1773485361 I - tls
1773485375 I - queue
1773485393 W W2033 tls
1773485415 I - disk
1773485446 I - disk
1773485457 I - mq
1773485484 I - auth
1773485506 I - auth
1773485539 I - mq
1773485574 I - pay
1773485597 I - mq
1773485618 W W2027 queue
1773485652 W W2003 dns
1773485684 I - cache
1773485695 I - rpc
1773485709 I - dns
1773485730 I - mq
1773485740 I - disk
1773485775 W W2003 queue
1773485790 W W2014 disk
1773485816 I - RESTART
1773485823 I - mq
1773485834 I - rpc
1773485847 W W2009 rpc
1773485874 I - db
1773485887 W W2014 cache
1773485921 I - tls
1773485936 I - queue
1773485957 I - tls
1773485991 I - mq
1773486015 E E1001 queue
1773486041 I - db
1773486055 I - queue
1773486080 E E1031 dns
1773486114 I - disk
1773486146 I - cache
1773486167 I - rpc
1773486178 I - mq
1773486204 I - queue
1773486213 I - dns
1773486246 W W2003 dns
1773486266 I - tls
1773486272 I - tls
1773486300 I - dns
1773486318 I - disk
1773486324 I - RESTART
1773486333 W W2003 cache
1773486348 I - cpu
1773486381 I - pay
1773486398 I - queue
1773486431 I - queue
1773486438 I - pay
1773486473 I - io
1773486496 I - tls
1773486520 I - auth
1773486556 I - cpu
1773486579 I - queue
1773486592 I - mq
1773486626 I - auth
1773486662 I - auth
1773486679 I - cpu
1773486692 I - io
1773486698 E E1031 disk
1773486728 I - auth
1773486743 I - queue
1773486762 I - tls
1773486798 I - cache
1773486830 I - io
1773486854 I - cache
1773486890 I - cache
1773486901 I - auth
1773486916 I - disk
1773486938 I - tls
1773486945 I - cpu
1773486952 I - auth
1773486973 I - pay
1773487003 I - io
1773487015 I - rpc
1773487024 I - tls
1773487038 I - RESTART
1773487061 W W2009 cache
1773487079 E E1012 rpc
1773487102 I - cpu
1773487135 W W2033 dns
1773487164 I - tls
1773487197 I - disk
1773487214 I - mq
1773487227 I - tls
1773487233 E E1001 auth
1773487261 I - cache
1773487275 I - pay
1773487296 I - queue
1773487325 I - cache
1773487343 I - db
1773487379 I - db
1773487397 E E1019 pay
1773487409 E E1023 cpu
1773487435 I - cpu
1773487450 I - pay
1773487472 I - tls
1773487486 I - io
1773487511 I - mq
1773487521 I - pay
1773487536 I - mq
1773487568 I - pay
1773487589 I - disk
1773487606 I - auth
1773487621 I - tls
1773487634 I - pay
1773487647 I - mq
1773487659 I - disk
1773487675 I - io
1773487687 I - mq
1773487709 I - dns
1773487728 I - tls
1773487749 I - tls
1773487779 I - auth
1773487799 I - disk
1773487812 I - auth
1773487836 W W2027 cache
1773487857 I - cpu
1773487891 I - auth
1773487926 I - rpc
1773487953 I - io
1773487969 I - disk
1773488001 I - RESTART
1773488029 I - mq
1773488040 I - mq
1773488065 I - auth
1773488072 I - dns
1773488091 I - queue
1773488125 I - auth
1773488147 I - io
1773488158 I - pay
1773488194 I - db
1773488222 I - pay
1773488235 I - pay
1773488241 I - mq
1773488249 I - auth
1773488260 I - cpu
1773488288 I - db
1773488315 I - tls
1773488325 E E1044 rpc
1773488340 I - pay
1773488347 I - pay
1773488353 I - dns
1773488373 I - dns
1773488389 I - io
1773488412 W W2003 io
1773488443 I - cache
1773488450 I - disk
1773488481 I - tls
1773488490 W W2009 rpc
1773488507 I - tls
1773488531 I - rpc
1773488563 W W2033 db
1773488593 I - auth
1773488617 I - io
1773488628 I - mq
1773488636 I - cpu
1773488665 I - db
1773488683 I - auth
1773488694 I - tls
1773488709 I - rpc
1773488740 I - io
1773488749 I - tls
1773488761 I - mq
1773488781 I - auth
1773488790 I - auth
1773488810 I - rpc
1773488823 I - cpu
1773488846 I - disk
1773488866 E E1007 rpc
1773488872 I - cache
1773488899 I - disk
1773488914 I - mq
1773488933 I - disk
1773488939 I - queue
1773488958 I - dns
1773488984 I - rpc
1773489011 I - queue
1773489031 I - io
1773489055 I - db
1773489077 I - tls
1773489091 I - disk
1773489114 I - queue
1773489134 I - rpc
1773489168 I - cache
1773489201 I - tls
1773489237 I - mq
1773489257 I - pay
1773489286 I - disk
1773489292 I - RESTART
1773489322 I - io
1773489338 I - auth
1773489345 I - disk
1773489380 I - pay
1773489391 W W2014 db
1773489417 I - rpc
1773489440 I - mq
1773489476 I - dns
1773489490 I - io
1773489516 W W2003 mq
1773489541 W W2009 auth
1773489559 W W2027 rpc
1773489594 I - auth
1773489602 I - dns
1773489635 I - dns
1773489641 W W2027 io
1773489654 I - tls
1773489678 I - queue
1773489703 I - dns
1773489731 I - queue
1773489738 I - mq
1773489760 I - cpu
1773489772 I - disk
1773489795 I - tls
1773489824 I - disk
1773489851 W W2033 io
1773489860 I - io
1773489870 I - db
1773489905 E E1012 tls
1773489939 I - cpu
1773489959 I - io
1773489982 I - pay
1773490017 I - tls
1773490044 I - pay
1773490051 I - RESTART
1773490072 E E5107 db
1773490073 E E5107 mq
1773490075 I - dns
1773490075 E E5107 cpu
1773490078 E E5107 rpc
1773490081 E E5107 db
1773490082 E E5107 dns
1773490084 E E5107 cpu
1773490086 E E5107 disk
1773490089 E E5107 mq
1773490092 E E5107 dns
1773490093 E E5107 pay
1773490096 E E5107 db
1773490098 E E5107 cpu
1773490100 E E5107 tls
1773490101 E E5107 pay
1773490103 E E5107 pay
1773490106 E E5107 rpc
1773490108 E E5107 db
1773490110 E E5107 cpu
1773490111 I - mq
1773490113 E E5107 disk
1773490116 E E5107 queue
1773490118 E E5107 io
1773490119 E E5107 tls
1773490120 E E5107 db
1773490122 E E5107 pay
1773490124 E E5107 pay
1773490127 E E5107 mq
1773490129 E E5107 db
1773490131 E E5107 auth
1773490133 E E5107 pay
1773490136 E E5107 cpu
1773490139 E E5107 db
1773490141 E E5107 cache
1773490144 E E5107 auth
1773490145 E E5107 rpc
1773490146 I - mq
1773490146 E E5107 auth
1773490149 E E5107 db
1773490152 E E5107 dns
1773490155 E E5107 pay
1773490158 I - dns
1773490158 E E5107 cpu
1773490169 I - db
1773490176 I - queue
1773490183 I - db
1773490206 I - dns
1773490224 I - queue
1773490246 E E1001 cpu
1773490278 I - auth
1773490304 I - cpu
1773490311 E E1012 pay
1773490337 I - tls
1773490366 I - dns
1773490389 I - tls
1773490425 I - cpu
1773490433 I - rpc
1773490468 I - queue
1773490476 I - io
1773490490 W W2009 rpc
1773490524 I - db
1773490543 I - pay
1773490552 I - mq
1773490565 I - db
1773490596 E E1001 tls
1773490629 I - rpc
1773490664 I - queue
1773490691 I - pay
1773490713 I - RESTART
1773490739 E E1001 auth
1773490756 I - cache
1773490785 I - io
1773490810 I - tls
1773490842 I - tls
1773490849 I - db
1773490873 I - cache
1773490886 I - cache
1773490922 I - tls
1773490950 I - cache
1773490968 I - dns
1773490996 I - tls
1773491028 I - queue
1773491057 I - queue
1773491085 I - cpu
1773491093 I - auth
1773491103 E E1070 cpu
1773491139 E E1001 disk
1773491145 I - dns
1773491151 I - tls
1773491157 I - io
1773491188 I - mq
1773491213 I - queue
1773491232 I - pay
1773491264 W W2009 db
1773491292 I - auth
1773491324 I - cache
1773491342 I - cache
1773491358 I - rpc
1773491365 I - rpc
1773491394 I - dns
1773491409 W W2033 auth
1773491430 I - cache
1773491458 I - rpc
1773491469 I - io
1773491488 I - pay
1773491494 W W2014 rpc
1773491514 W W2003 cache
1773491529 I - mq
1773491538 I - queue
1773491565 I - cache
1773491587 I - rpc
1773491597 I - cache
1773491631 I - queue
1773491655 I - cache
1773491684 I - mq
1773491702 I - cpu
1773491715 I - io
1773491740 I - mq
1773491774 I - io
1773491789 E E1044 pay
1773491818 I - mq
1773491852 I - mq
1773491880 I - rpc
1773491887 I - mq
1773491916 I - cpu
1773491927 W W2033 tls
1773491960 I - queue
1773491967 I - dns
1773491976 I - disk
1773491993 I - io
1773492024 W W2014 disk
1773492032 I - rpc
1773492049 I - auth
1773492056 I - auth
1773492085 I - mq
1773492112 I - db
1773492124 I - disk
1773492151 W W2003 db
1773492175 I - tls
1773492183 W W2033 dns
1773492205 I - io
1773492218 I - RESTART
1773492247 W W2027 tls
1773492264 I - pay
1773492289 I - disk
1773492317 I - db
1773492339 I - cpu
1773492372 I - mq
1773492386 I - auth
1773492408 I - cache
1773492435 I - disk
1773492444 I - db
1773492460 W W2014 cpu
1773492480 I - io
1773492495 I - dns
1773492504 W W2033 pay
1773492533 I - pay
1773492556 W W2027 dns
1773492573 I - tls
1773492594 I - cache
1773492603 I - pay
1773492610 I - disk
1773492641 W W2033 tls
1773492657 W W2014 disk
1773492693 I - cpu
1773492710 I - pay
1773492733 W W2009 dns
1773492746 I - rpc
1773492767 I - cpu
1773492786 I - cpu
1773492812 I - queue
1773492846 I - disk
1773492881 I - mq
1773492909 I - dns
1773492922 I - dns
1773492954 I - pay
1773492965 I - rpc
1773492983 W W2009 io
1773493014 I - auth
1773493043 I - cpu
1773493066 I - tls
1773493095 I - mq
1773493109 I - auth
1773493124 I - io
1773493150 I - mq
1773493164 I - queue
1773493179 I - dns
1773493186 I - queue
1773493209 I - rpc
1773493220 W W2027 tls
1773493255 I - rpc
1773493269 I - tls
1773493304 I - cpu
1773493326 I - mq
1773493350 I - queue
1773493365 I - cpu
1773493393 I - dns
1773493414 I - auth
1773493450 I - io
1773493482 I - queue
1773493511 I - auth
1773493535 E E1001 cache
1773493542 I - cpu
1773493561 I - rpc
1773493569 I - rpc
1773493589 I - dns
1773493608 E E1031 cache
1773493624 I - rpc
1773493641 I - db
1773493665 W W2003 auth
1773493680 I - io
1773493715 I - cache
1773493750 I - cache
1773493764 I - db
1773493784 I - tls
1773493809 I - auth
1773493833 I - cpu
1773493868 I - dns
1773493900 I - pay
1773493922 I - queue
1773493942 I - io
1773493967 I - io
1773493978 E E1007 pay
1773493997 I - cache
1773494033 W W2033 io
1773494055 I - db
1773494083 I - tls
1773494103 I - rpc
1773494136 I - auth
1773494171 I - dns
1773494190 I - dns
1773494208 I - io
1773494222 I - io
1773494249 I - queue
1773494276 I - cpu
1773494283 I - db
1773494289 I - rpc
1773494295 I - db
1773494329 I - RESTART
1773494355 I - mq
1773494373 I - io
1773494406 I - io
1773494412 I - queue
1773494442 I - auth
1773494476 I - cache
1773494494 W W2027 pay
1773494505 I - cpu
1773494536 I - mq
1773494551 I - auth
1773494557 I - rpc
1773494580 I - rpc
1773494597 I - mq
1773494614 I - mq
1773494639 I - pay
1773494666 I - queue
1773494675 I - disk
1773494688 I - db
1773494712 I - auth
1773494742 I - io
1773494772 I - io
1773494808 I - queue
1773494833 W W2009 dns
1773494867 I - mq
1773494880 I - queue
1773494891 I - tls
1773494910 I - auth
1773494942 I - dns
1773494972 I - disk
1773494995 I - cpu
1773495024 W W2009 tls
1773495060 I - mq
1773495078 I - pay
1773495114 I - auth
1773495138 I - cpu
1773495148 I - tls
1773495164 I - pay
1773495172 I - pay
1773495204 E E1001 db
1773495232 I - rpc
1773495257 I - rpc
1773495277 E E1001 auth
1773495285 I - io
1773495294 I - tls
1773495320 I - io
1773495356 E E1012 queue
1773495367 I - queue
1773495384 I - db
1773495409 I - cache
1773495439 I - dns
1773495469 I - pay
1773495480 W W2009 disk
1773495494 I - rpc
1773495526 I - io
1773495532 I - cpu
1773495550 I - cache
1773495580 I - queue
1773495598 I - pay
1773495615 W W2033 io
1773495645 I - dns
1773495653 I - cache
1773495686 E E1001 mq
1773495710 I - cache
1773495729 I - disk
1773495760 I - cache
1773495781 I - tls
1773495794 I - rpc
1773495819 W W2003 auth
1773495827 I - auth
1773495858 W W2033 cache
1773495884 I - auth
1773495914 I - pay
1773495922 I - io
1773495938 I - cpu
1773495969 E E1001 pay
1773495986 I - queue
1773495998 I - dns
1773496025 I - mq
1773496049 I - cpu
1773496062 I - tls
1773496085 W W2027 cpu
1773496119 I - pay
1773496145 I - pay
1773496159 E E1001 io
1773496194 I - disk
1773496211 I - RESTART
1773496233 I - queue
1773496239 I - RESTART
1773496253 I - cpu
1773496262 E E1007 dns
1773496278 I - cache
1773496303 I - dns
1773496335 I - db
1773496359 I - tls
1773496367 I - cpu
1773496399 I - io
1773496433 I - queue
1773496449 W W2014 dns
1773496482 I - pay
1773496501 E E1001 tls
1773496536 I - io
1773496562 I - tls
1773496581 I - tls
1773496594 I - db
1773496617 I - rpc
1773496652 I - RESTART
1773496660 I - rpc
1773496670 I - disk
1773496699 I - auth
1773496713 E E1052 tls
1773496739 I - db
1773496751 I - cache
1773496787 I - mq
1773496815 E E1044 tls
1773496848 I - db
1773496861 I - dns
1773496872 I - pay
1773496895 I - rpc
1773496902 I - rpc
1773496936 I - RESTART
1773496945 I - cpu
1773496952 I - io
1773496972 I - cache
1773496998 E E1061 mq
1773497019 I - cache
1773497030 W W2014 io
1773497044 I - cpu
1773497064 I - queue
1773497075 I - cpu
1773497089 E E1012 db
1773497095 I - dns
1773497111 I - cache
1773497126 I - pay
1773497149 I - disk
1773497171 I - auth
1773497199 I - rpc
1773497216 I - mq
1773497236 I - cpu
1773497268 I - io
1773497286 I - pay
1773497306 I - queue
1773497319 I - rpc
1773497345 E E1012 db
1773497361 I - rpc
1773497371 I - dns
1773497390 I - db
1773497419 I - io
1773497433 I - dns
1773497461 W W2027 cpu
1773497490 I - cpu
1773497526 I - dns
1773497562 W W2009 dns
1773497595 W W2003 mq
1773497607 W W2003 db
1773497642 W W2033 queue
1773497667 W W2033 cache
1773497686 E E1070 cpu
1773497693 I - disk
1773497721 W W2033 cache
1773497747 I - cache
1773497755 I - tls
1773497775 I - queue
1773497802 I - cpu
1773497827 I - pay
1773497837 I - auth
1773497851 I - pay
1773497861 I - io
1773497892 I - mq
1773497903 I - queue
1773497935 I - tls
1773497954 I - disk
1773497970 I - cache
1773497978 I - queue
1773498011 E E1044 tls
1773498025 I - cache
1773498048 I - mq
1773498077 I - pay
1773498100 I - disk
1773498132 I - auth
1773498164 I - tls
1773498199 I - tls
1773498234 I - rpc
1773498259 I - cpu
1773498292 I - rpc
1773498327 I - cpu
1773498337 I - cache
1773498346 I - cache
1773498367 I - cache
1773498383 I - cache
1773498399 I - disk
1773498427 I - tls
1773498442 I - cache
1773498474 I - queue
1773498510 I - mq
1773498537 E E1001 disk
1773498568 I - mq
1773498589 I - db
1773498624 E E1001 dns
1773498642 I - cpu
1773498677 E E1001 queue
1773498704 E E1012 disk
1773498715 I - pay
1773498728 I - tls
1773498737 I - db
1773498756 I - pay
1773498764 I - cpu
1773498799 I - auth
1773498831 E E1007 cache
1773498859 I - io
1773498894 I - disk
1773498925 I - db
1773498958 I - pay
1773498973 I - queue
1773499003 I - pay
1773499028 I - disk
1773499056 I - tls
1773499086 I - cache
1773499093 I - mq
1773499116 I - disk
1773499143 W W2033 cpu
1773499159 I - cache
1773499184 I - disk
1773499204 I - tls
1773499233 W W2033 mq
1773499245 I - queue
1773499281 I - queue
1773499298 I - mq
1773499314 I - auth
1773499339 E E1001 pay
1773499367 E E1001 rpc
1773499384 I - queue
1773499409 I - cpu
1773499435 I - RESTART
1773499460 I - disk
1773499475 I - cache
1773499487 I - cpu
1773499515 W W2014 mq
1773499544 I - rpc
1773499552 I - rpc
1773499584 I - queue
1773499603 I - cpu
1773499619 W W2033 tls
1773499646 I - cpu
1773499667 I - tls
1773499691 I - mq
1773499699 I - cache
1773499713 I - queue
1773499748 I - io
1773499778 I - cache
1773499803 W W2033 tls
1773499821 I - pay
1773499833 I - auth
1773499841 W W2027 tls
1773499856 I - io
1773499876 I - cache
1773499891 W W2033 cpu
1773499914 I - dns
1773499930 I - mq
1773499954 I - pay
1773499970 I - disk
1773499990 I - tls
1773499999 I - queue
1773500027 I - disk
1773500034 I - pay
1773500069 I - db
1773500076 I - queue
1773500088 I - db
1773500109 I - pay
1773500132 I - dns
1773500144 I - db
1773500176 I - rpc
1773500195 I - mq
1773500231 I - dns
1773500247 I - disk
1773500263 I - mq
1773500271 I - dns
1773500283 I - pay
1773500319 I - disk
1773500330 I - db
1773500357 I - RESTART
1773500374 I - cpu
1773500401 I - queue
1773500428 I - queue
1773500443 W W2033 tls
1773500472 I - dns
1773500492 I - queue
1773500514 I - mq
1773500543 I - disk
1773500556 W W2003 cache
1773500569 I - mq
1773500582 I - io
1773500595 I - cpu
1773500616 I - mq
1773500632 I - auth
1773500660 I - cache
1773500667 I - auth
1773500677 I - db
1773500688 I - dns
1773500721 I - RESTART
1773500754 I - cpu
1773500777 I - cache
1773500786 W W2027 queue
1773500812 I - tls
1773500833 I - tls
1773500857 I - queue
1773500866 I - mq
1773500892 I - cpu
1773500914 I - rpc
1773500930 I - cpu
1773500941 W W2033 cache
1773500967 W W2014 disk
1773501003 I - pay
1773501017 I - pay
1773501046 W W2009 db
1773501057 I - rpc
1773501093 I - dns
1773501110 I - db
1773501143 I - mq
1773501178 I - db
1773501196 I - rpc
1773501232 I - auth
1773501261 I - cpu
1773501268 W W2014 dns
1773501285 I - tls
1773501297 I - tls
1773501320 I - mq
1773501330 I - rpc
1773501340 I - dns
1773501368 I - dns
1773501400 I - tls
1773501417 I - db
1773501426 I - queue
1773501458 I - auth
1773501480 W W2009 pay
1773501512 I - cpu
1773501521 I - cpu
1773501546 I - rpc
1773501575 E E1001 mq
1773501595 I - db
1773501609 I - cache
1773501645 W W2033 disk
1773501651 I - cache
1773501661 W W2027 cpu
1773501688 I - disk
1773501697 I - db
1773501731 I - cpu
1773501754 I - pay
1773501790 I - rpc
1773501815 I - mq
1773501843 I - cpu
1773501877 I - auth
1773501904 E E1044 cpu
1773501935 I - cpu
1773501960 W W2027 tls
1773501981 I - cpu
1773502003 I - rpc
1773502011 I - cache
1773502040 I - auth
1773502064 I - mq
1773502097 I - mq
1773502115 I - tls
1773502150 I - io
1773502163 E E1044 cache
1773502173 I - mq
1773502182 I - mq
1773502218 I - disk
1773502254 I - rpc
1773502280 I - dns
1773502297 I - io
1773502307 E E1001 db
1773502321 E E1007 mq
1773502353 I - pay
1773502375 W W2033 pay
1773502389 I - tls
1773502410 I - pay
1773502441 I - rpc
1773502462 I - io
1773502486 I - pay
1773502501 I - dns
1773502520 I - queue
1773502534 I - disk
1773502559 I - mq
1773502590 I - pay
1773502612 W W2009 disk
1773502638 I - auth
1773502661 I - dns
1773502684 I - disk
1773502691 I - io
1773502705 I - RESTART
1773502731 E E1023 queue
1773502751 I - auth
1773502765 E E1001 pay
1773502776 I - rpc
1773502801 I - mq
1773502820 E E1012 queue
1773502836 I - tls
