# tz=-03:00 date=2026-03-14
07:00:17 I - tls
07:00:51 I - io
07:01:21 I - queue
07:01:48 I - io
07:02:05 I - disk
07:02:12 I - rpc
07:02:38 E E1001 dns
07:02:57 W W2009 db
07:03:06 I - io
07:03:13 I - db
07:03:44 I - io
07:04:15 I - cache
07:04:49 I - rpc
07:05:03 I - rpc
07:05:25 I - io
07:05:53 I - queue
07:06:16 I - io
07:06:25 I - pay
07:07:01 I - auth
07:07:32 I - disk
07:07:54 I - auth
07:08:19 I - io
07:08:33 I - rpc
07:09:07 I - tls
07:09:20 I - mq
07:09:27 I - cpu
07:09:44 I - io
07:10:08 I - rpc
07:10:19 I - dns
07:10:48 I - dns
07:11:22 I - dns
07:11:31 I - queue
07:11:42 I - mq
07:11:55 I - rpc
07:12:20 I - pay
07:12:35 I - io
07:13:05 I - rpc
07:13:38 I - pay
07:13:50 I - rpc
07:14:14 I - queue
07:14:41 I - tls
07:14:51 I - cpu
07:14:58 I - io
07:15:34 I - queue
07:16:02 E E1031 disk
07:16:28 I - pay
07:16:58 I - db
07:17:26 I - dns
07:17:57 I - queue
07:18:15 I - cache
07:18:49 I - cache
07:19:10 I - dns
07:19:43 I - db
07:20:00 I - dns
07:20:12 I - rpc
07:20:27 E E1019 tls
07:20:55 I - queue
07:21:02 I - rpc
07:21:29 I - db
07:21:41 I - dns
07:22:16 I - rpc
07:22:30 I - cpu
07:23:00 I - queue
07:23:32 I - tls
07:23:46 I - dns
07:24:19 W W2014 auth
07:24:49 I - dns
07:24:59 I - mq
07:25:13 E E1088 queue
07:25:25 W W2033 io
07:25:42 I - cpu
07:26:13 I - dns
07:26:45 I - pay
07:27:08 W W2014 io
07:27:37 W W2027 db
07:27:52 I - cache
07:28:13 I - disk
07:28:38 I - disk
07:28:56 W W2027 auth
07:29:10 I - mq
07:29:31 I - mq
07:29:42 W W2033 cpu
07:30:03 I - cache
07:30:31 I - pay
07:31:05 I - disk
07:31:13 I - mq
07:31:49 I - auth
07:32:16 E E1070 disk
07:32:32 I - cache
07:33:05 I - dns
07:33:20 I - tls
07:33:42 I - auth
07:33:48 I - pay
07:34:16 W W2027 cache
07:34:51 I - mq
07:35:13 I - cpu
07:35:38 W W2014 disk
07:36:08 I - disk
07:36:44 I - pay
07:37:11 I - disk
07:37:33 W W2027 cpu
07:38:04 I - tls
07:38:12 I - pay
07:38:29 I - tls
07:38:50 I - cpu
07:38:58 I - rpc
07:39:30 W W2027 io
07:40:01 I - auth
07:40:07 I - rpc
07:40:16 I - pay
07:40:35 I - cache
07:40:42 I - queue
07:40:53 I - dns
07:41:25 I - mq
07:41:43 I - mq
07:42:06 W W2033 rpc
07:42:22 I - rpc
07:42:32 I - disk
07:43:06 W W2027 rpc
07:43:12 I - mq
07:43:19 I - io
07:43:49 I - io
07:44:07 I - tls
07:44:23 I - rpc
07:44:47 I - rpc
07:45:04 I - auth
07:45:18 I - queue
07:45:49 I - db
07:45:57 I - queue
07:46:12 I - dns
07:46:24 I - pay
07:46:42 I - io
07:47:12 I - mq
07:47:31 I - cpu
07:47:39 W W2014 auth
07:47:54 E E1031 disk
07:48:29 I - cpu
07:48:42 W W2014 io
07:48:53 I - cpu
07:49:02 I - cpu
07:49:21 I - disk
07:49:36 I - cache
07:50:02 I - disk
07:50:23 I - db
07:50:57 I - disk
07:51:25 I - tls
07:51:31 I - auth
07:52:04 I - disk
07:52:40 I - rpc
07:53:14 E E1001 io
07:53:33 I - tls
07:53:52 I - cpu
07:54:22 I - mq
07:54:39 I - auth
07:55:10 I - tls
07:55:44 I - pay
07:56:10 I - queue
07:56:31 W W2027 dns
07:56:56 W W2033 cache
07:57:28 W W2033 tls
07:57:36 I - mq
07:57:54 I - dns
07:58:27 I - queue
07:58:45 I - disk
07:59:15 I - pay
07:59:35 I - cache
08:00:08 I - tls
08:00:31 I - disk
08:01:06 I - db
08:01:28 E E1070 pay
08:01:37 I - db
08:01:52 I - io
08:02:03 I - cpu
08:02:29 I - tls
08:02:45 I - mq
08:02:55 I - disk
08:03:22 I - disk
08:03:46 E E1007 dns
08:04:21 I - tls
08:04:38 I - rpc
08:04:53 I - rpc
08:05:00 I - disk
08:05:10 I - disk
08:05:18 I - cpu
08:05:36 I - db
08:05:59 E E1001 queue
08:06:27 I - cache
08:07:00 I - cache
08:07:13 I - disk
08:07:20 W W2009 auth
08:07:34 I - cpu
08:08:10 I - pay
08:08:39 I - cache
08:08:47 I - db
08:09:01 W W2003 cpu
08:09:14 I - pay
08:09:28 I - auth
08:09:46 I - queue
08:10:17 I - cache
08:10:43 W W2027 mq
08:11:14 I - disk
08:11:50 I - queue
08:12:04 I - db
08:12:27 E E1007 auth
08:12:55 W W2033 pay
08:13:09 I - mq
08:13:16 I - tls
08:13:39 I - cpu
08:13:45 I - rpc
08:13:53 I - dns
08:14:04 I - rpc
08:14:22 I - io
08:14:45 I - io
08:14:55 I - db
08:15:30 I - cache
08:16:04 I - tls
08:16:36 I - auth
08:17:08 I - tls
08:17:18 I - io
08:17:46 I - rpc
08:18:14 I - cpu
08:18:50 I - io
08:19:05 I - tls
08:19:24 I - dns
08:19:30 E E1095 cpu
08:19:44 I - cpu
08:20:11 W W2014 cache
08:20:30 I - mq
08:20:45 I - pay
08:21:07 I - pay
08:21:13 I - mq
08:21:45 W W2009 db
08:22:21 I - pay
08:22:53 I - tls
08:23:17 W W2009 rpc
08:23:52 I - rpc
08:24:03 I - cpu
08:24:22 I - pay
08:24:47 I - dns
08:24:55 I - dns
08:25:11 I - rpc
08:25:38 I - cache
08:26:01 I - cpu
08:26:16 I - dns
08:26:35 I - db
08:26:55 I - disk
08:27:16 I - io
08:27:34 I - RESTART
08:27:42 W W2033 pay
08:27:55 I - cache
08:28:13 E E1001 rpc
08:28:37 W W2027 disk
08:29:06 I - dns
08:29:35 I - db
08:30:02 I - db
08:30:18 I - queue
08:30:26 I - cpu
08:30:58 I - cache
08:31:19 E E1012 queue
08:31:31 I - RESTART
08:31:55 I - queue
08:32:11 I - pay
08:32:33 I - disk
08:32:56 I - pay
08:33:10 I - cpu
08:33:27 I - db
08:33:50 I - mq
08:33:57 I - pay
08:34:05 I - io
08:34:28 I - db
08:34:40 I - db
08:34:50 I - cpu
08:35:11 I - auth
08:35:17 I - mq
08:35:36 I - db
08:35:57 I - rpc
08:36:32 I - mq
08:37:02 W W2014 queue
08:37:16 I - cpu
08:37:41 I - RESTART
08:38:17 E E1001 disk
08:38:30 I - queue
08:39:03 I - auth
08:39:21 I - mq
08:39:33 I - dns
08:39:41 I - tls
08:40:11 W W2027 dns
08:40:25 E E1012 db
08:40:31 I - pay
08:40:57 E E1007 rpc
08:41:12 I - tls
08:41:36 I - mq
08:42:00 I - RESTART
08:42:15 I - tls
08:42:33 I - cpu
08:42:49 I - tls
08:43:14 I - mq
08:43:44 I - queue
08:43:52 I - io
08:44:23 W W2027 io
08:44:55 I - rpc
08:45:24 I - auth
08:45:42 I - auth
08:46:06 I - disk
08:46:37 I - rpc
08:46:53 I - dns
08:47:29 W W2033 rpc
08:48:05 I - pay
08:48:15 I - cache
08:48:48 I - tls
08:49:00 I - rpc
08:49:30 I - auth
08:50:01 I - dns
08:50:31 I - mq
08:50:55 I - auth
08:51:18 I - disk
08:51:24 I - queue
08:51:31 W W2009 io
08:51:49 I - mq
08:52:00 I - io
08:52:29 I - db
08:52:53 I - dns
08:53:02 W W2009 mq
08:53:28 W W2027 mq
08:53:54 I - cache
08:54:28 I - pay
08:55:02 I - auth
08:55:15 E E1019 dns
08:55:38 W W2009 auth
08:55:48 I - mq
08:56:14 E E1019 tls
08:56:28 I - disk
08:56:41 I - pay
08:56:50 I - pay
08:57:21 I - pay
08:57:52 E E1001 mq
08:58:13 I - tls
08:58:38 I - mq
08:59:07 I - pay
08:59:34 I - disk
08:59:56 I - disk
09:00:14 I - disk
09:00:41 I - disk
09:01:07 I - tls
09:01:39 I - db
09:02:07 I - cpu
09:02:25 I - rpc
09:02:45 I - pay
09:03:10 I - db
09:03:44 I - rpc
09:04:19 I - queue
09:04:55 I - db
09:05:15 W W2033 tls
09:05:43 I - db
09:06:14 I - pay
09:06:20 I - dns
09:06:48 I - dns
09:07:15 I - pay
09:07:24 I - io
09:07:36 I - disk
09:07:43 I - rpc
09:08:12 I - queue
09:08:30 I - db
09:08:52 I - io
09:08:58 I - cache
09:09:05 I - rpc
09:09:32 I - rpc
09:09:39 I - dns
09:10:13 W W2027 auth
09:10:33 I - dns
09:10:51 W W2003 rpc
09:11:05 I - db
09:11:30 I - pay
09:11:37 I - disk
09:11:54 I - queue
09:12:21 E E1019 db
09:12:54 I - disk
09:13:29 I - mq
09:13:59 I - queue
09:14:28 I - mq
09:14:42 I - io
09:15:00 W W2009 dns
09:15:32 I - cache
09:15:45 I - pay
09:16:12 I - mq
09:16:36 W W2003 tls
09:16:47 I - disk
09:17:11 I - disk
09:17:22 I - dns
09:17:30 I - disk
09:17:41 I - cache
09:18:12 E E1044 cpu
09:18:29 W W2027 cpu
09:18:39 I - cpu
09:18:56 W W2033 pay
09:19:17 I - tls
09:19:45 I - io
09:20:15 E E1001 queue
09:20:49 E E1001 mq
09:21:18 I - rpc
09:21:42 I - io
09:22:14 I - cpu
09:22:37 E E1031 pay
09:23:11 I - queue
09:23:41 I - mq
09:24:06 I - cache
09:24:41 W W2003 io
09:25:16 I - RESTART
09:25:37 E E1001 tls
09:26:04 I - queue
09:26:20 W W2009 io
09:26:30 I - disk
09:26:59 I - pay
09:27:07 I - cache
09:27:13 I - cpu
09:27:45 I - auth
09:28:03 I - dns
09:28:27 I - queue
09:28:47 W W2009 rpc
09:29:01 I - pay
09:29:31 I - mq
09:29:58 I - mq
09:30:26 I - tls
09:30:55 I - rpc
09:31:11 I - auth
09:31:43 I - auth
09:31:55 I - cache
09:32:15 I - io
09:32:39 I - db
09:33:14 I - cpu
09:33:22 I - tls
09:33:34 I - queue
09:33:40 I - pay
09:34:00 I - db
09:34:15 I - cpu
09:34:42 I - cache
09:35:17 I - tls
09:35:32 I - mq
09:35:59 I - db
09:36:10 I - rpc
09:36:45 I - tls
09:37:01 I - auth
09:37:37 I - disk
09:37:58 I - tls
09:38:30 I - cache
09:39:04 W W2009 auth
09:39:28 I - rpc
09:39:43 I - queue
09:39:52 I - pay
09:40:01 I - cache
09:40:28 I - auth
09:40:48 I - db
09:41:18 I - queue
09:41:45 I - dns
09:42:18 I - queue
09:42:24 I - pay
09:42:59 I - auth
09:43:13 I - mq
09:43:32 I - mq
09:43:54 I - tls
09:44:15 I - pay
09:44:32 I - pay
09:45:01 I - cache
09:45:25 I - mq
09:45:55 I - db
09:46:26 I - tls
09:46:36 I - queue
09:47:00 I - io
09:47:32 I - rpc
09:47:41 W W2014 pay
09:48:01 E E1001 auth
09:48:12 I - queue
09:48:27 I - mq
09:48:48 I - mq
09:49:10 I - pay
09:49:36 I - tls
09:49:46 I - rpc
09:50:13 E E1007 pay
09:50:35 I - cpu
09:51:01 I - mq
09:51:20 I - io
09:51:56 I - auth
09:52:13 I - mq
09:52:23 E E1001 auth
09:52:46 I - queue
09:53:15 W W2003 dns
09:53:50 I - cpu
09:53:59 I - db
09:54:35 I - tls
09:54:51 I - io
09:55:22 I - dns
09:55:57 I - mq
09:56:09 I - io
09:56:35 E E1001 auth
09:56:57 I - dns
09:57:18 I - queue
09:57:38 I - disk
09:58:09 I - auth
09:58:24 I - queue
09:58:44 I - io
09:58:53 W W2009 cache
09:59:16 I - tls
09:59:28 I - cache
09:59:52 I - pay
10:00:04 I - RESTART
10:00:33 I - queue
10:00:48 I - dns
10:01:21 I - disk
10:01:41 I - pay
10:02:17 I - mq
10:02:44 I - db
10:03:13 I - tls
10:03:39 E E1023 tls
10:03:55 W W2033 io
10:04:24 I - pay
10:04:41 I - auth
10:04:47 I - rpc
10:05:05 E E1007 dns
10:05:14 I - dns
10:05:39 I - dns
10:06:06 W W2033 cache
10:06:36 E E1023 cache
10:06:49 I - tls
10:06:59 I - queue
10:07:26 I - auth
10:07:36 I - cpu
10:08:06 I - RESTART
10:08:18 I - db
10:08:44 E E1007 disk
10:08:56 I - disk
10:09:13 I - cpu
10:09:35 I - pay
10:09:58 I - queue
10:10:23 I - cpu
10:10:39 W W2003 disk
10:10:52 E E1019 auth
10:11:15 I - rpc
10:11:38 I - cache
10:11:48 I - mq
10:12:12 I - queue
10:12:42 I - auth
10:12:50 I - queue
10:13:02 I - disk
10:13:38 E E1044 io
10:14:10 E E1061 rpc
10:14:17 W W2027 cache
10:14:29 I - dns
10:14:46 I - cache
10:14:58 I - rpc
10:15:30 E E1007 cache
10:15:55 I - tls
10:16:17 I - disk
10:16:45 I - rpc
10:17:15 I - io
10:17:22 I - auth
10:17:50 I - tls
10:18:22 I - queue
10:18:56 I - mq
10:19:02 E E1012 dns
10:19:21 I - cpu
10:19:43 I - auth
10:20:00 E E1007 io
10:20:06 I - tls
10:20:31 E E1012 queue
10:21:01 I - tls
10:21:13 E E1001 queue
10:21:43 W W2033 cpu
10:22:08 I - rpc
10:22:25 I - disk
10:22:37 I - cpu
10:22:46 I - rpc
10:23:15 W W2003 rpc
10:23:50 I - cache
10:24:00 I - cache
10:24:28 I - rpc
10:24:37 I - cpu
10:24:55 I - pay
10:25:21 E E1001 mq
10:25:53 W W2014 queue
10:26:01 I - rpc
10:26:26 I - auth
10:26:34 E E1019 db
10:26:45 I - auth
10:27:15 I - mq
10:27:21 I - mq
10:27:53 I - cpu
10:28:29 W W2009 tls
10:28:55 I - db
10:29:15 I - db
10:29:29 I - queue
10:29:48 W W2033 auth
10:30:13 I - queue
10:30:35 I - rpc
10:30:56 I - db
10:31:20 I - db
10:31:49 W W2027 queue
10:32:00 I - cache
10:32:14 I - tls
10:32:35 I - db
10:32:41 I - tls
10:33:02 I - disk
10:33:24 I - queue
10:34:00 I - cache
10:34:11 I - cpu
10:34:41 I - tls
10:35:03 I - pay
10:35:23 E E1023 cpu
10:35:46 I - db
10:36:17 I - dns
10:36:41 I - dns
10:37:16 I - cpu
10:37:46 I - io
10:38:13 I - tls
10:38:21 I - mq
10:38:27 I - tls
10:38:35 I - io
10:38:49 I - disk
10:39:25 I - auth
10:39:40 I - auth
10:40:09 I - tls
10:40:43 I - cache
10:41:09 W W2003 rpc
10:41:45 I - cpu
10:42:21 E E1044 auth
10:42:49 I - disk
10:43:06 I - db
10:43:18 I - db
10:43:43 I - cpu
10:44:18 I - tls
10:44:37 E E1001 rpc
10:44:47 I - tls
10:45:12 I - auth
10:45:44 I - db
10:45:54 I - disk
10:46:29 I - auth
10:46:38 I - mq
10:46:55 I - disk
10:47:31 I - pay
10:47:52 I - disk
10:47:59 I - cpu
10:48:05 I - tls
10:48:12 I - queue
10:48:39 I - pay
10:48:45 I - cache
10:49:15 I - dns
10:49:28 I - db
10:49:48 I - io
10:50:12 I - mq
10:50:30 I - cpu
10:50:54 I - tls
10:59:03 I - io
10:59:14 I - auth
10:59:33 I - mq
10:59:50 I - db
11:00:05 I - tls
11:00:17 W W2027 io
11:00:33 I - cache
11:00:48 I - auth
11:01:19 I - queue
11:01:49 I - auth
11:02:02 W W2033 tls
11:02:32 I - disk
11:03:04 I - dns
11:03:25 I - io
11:03:42 I - io
11:04:02 I - dns
11:04:17 I - tls
11:04:40 I - auth
11:05:01 I - cpu
11:05:32 I - mq
11:05:56 I - cache
11:06:04 I - rpc
11:06:39 I - cache
11:06:57 I - queue
11:07:04 I - cache
11:07:30 I - cpu
11:07:45 I - cpu
11:08:10 I - cache
11:08:43 I - pay
11:08:58 I - auth
11:09:19 I - auth
11:09:50 I - tls
11:09:58 E E1001 db
11:10:09 E E1001 mq
11:10:41 W W2009 disk
11:11:12 I - pay
11:11:45 I - tls
11:11:51 I - cache
11:12:11 I - RESTART
11:12:27 I - cpu
11:13:00 I - io
11:13:12 I - disk
11:13:27 I - rpc
11:13:46 W W2009 pay
11:13:53 I - db
11:14:08 I - RESTART
11:14:37 I - db
11:14:52 I - disk
11:15:04 I - pay
11:15:38 I - rpc
11:16:09 I - dns
11:16:24 I - cpu
11:16:53 I - dns
11:17:13 I - queue
11:17:28 I - tls
11:17:58 I - auth
11:18:14 E E1007 tls
11:18:39 I - dns
11:18:52 I - cpu
11:19:20 W W2009 pay
11:19:43 I - dns
11:20:01 I - cache
11:20:29 I - cpu
11:20:51 I - auth
11:21:21 E E1052 io
11:21:53 I - pay
11:22:27 I - cpu
11:22:58 I - tls
11:23:05 I - queue
11:23:13 E E1007 cache
11:23:26 I - pay
11:23:37 I - auth
11:24:09 I - disk
11:24:34 I - disk
11:24:52 E E1019 cache
11:25:08 W W2003 cpu
11:25:37 E E1070 queue
11:26:05 I - rpc
11:26:13 I - disk
11:26:31 I - queue
11:27:03 I - dns
11:27:13 I - cache
11:27:31 I - tls
11:27:49 I - dns
11:28:09 I - auth
11:28:17 I - rpc
11:28:44 I - mq
11:29:13 I - mq
11:29:40 I - cache
11:29:47 I - tls
11:30:04 I - mq
11:30:31 I - auth
11:30:37 E E1007 rpc
11:30:48 I - RESTART
11:30:55 I - dns
11:31:26 I - RESTART
11:31:57 I - disk
11:32:30 I - rpc
11:33:04 I - mq
11:33:13 I - auth
11:33:31 W W2003 auth
11:33:46 I - dns
11:34:15 I - cpu
11:34:39 I - tls
11:34:46 I - io
11:35:16 I - auth
11:35:30 I - auth
11:35:39 I - auth
11:35:48 I - cache
11:36:19 I - db
11:36:29 I - mq
11:37:03 W W2027 cpu
11:37:17 I - tls
11:37:27 I - cache
11:37:36 E E1012 disk
11:37:46 I - db
11:37:56 W W2027 queue
11:38:16 I - pay
11:38:50 I - cache
11:39:14 I - io
11:39:43 I - RESTART
11:40:02 I - pay
11:40:18 I - db
11:40:39 I - queue
11:41:10 I - cache
11:41:23 E E1001 rpc
11:41:48 I - io
11:42:08 I - io
11:42:17 I - pay
11:42:48 E E1052 queue
11:42:58 I - auth
11:43:11 I - tls
11:43:36 W W2027 dns
11:43:42 I - rpc
11:44:18 W W2027 cpu
11:44:48 I - queue
11:45:06 E E1007 db
11:45:33 I - cpu
11:45:42 I - mq
11:45:59 I - cpu
11:46:30 W W2009 auth
11:46:52 I - db
11:47:04 I - disk
11:47:33 I - tls
11:47:53 I - rpc
11:48:10 W W2003 cpu
11:48:40 I - mq
11:49:10 I - pay
11:49:45 I - tls
11:49:58 I - pay
11:50:10 I - dns
11:50:32 I - io
11:51:04 I - cache
11:51:22 I - cache
11:51:50 I - auth
11:52:06 W W2033 auth
11:52:27 E E1031 dns
11:52:40 I - pay
11:53:13 I - tls
11:53:29 I - tls
11:53:39 I - auth
11:53:54 I - db
11:54:25 I - db
11:54:35 I - rpc
11:54:50 I - rpc
11:55:20 I - disk
11:55:46 I - disk
11:56:15 I - queue
11:56:35 I - cpu
11:57:11 I - cache
11:57:26 I - tls
11:57:36 I - tls
11:57:55 I - dns
11:58:27 W W2033 cpu
11:58:44 I - auth
11:59:04 I - auth
11:59:25 I - cache
11:59:48 I - mq
12:00:10 I - dns
12:00:45 I - rpc
12:01:04 I - queue
12:01:23 I - auth
12:01:45 I - RESTART
12:02:15 I - cpu
12:02:41 I - queue
12:03:00 I - queue
12:03:13 I - queue
12:03:38 I - tls
12:04:12 I - cache
12:04:40 I - io
12:05:06 I - rpc
12:05:37 I - io
12:05:44 I - auth
12:06:13 I - pay
12:06:36 I - disk
12:06:45 I - dns
12:06:55 I - dns
12:07:21 I - pay
12:07:44 I - pay
12:07:50 I - pay
12:08:15 I - cpu
12:08:27 I - mq
12:08:57 I - RESTART
12:09:05 I - mq
12:09:14 I - queue
12:09:50 I - io
12:10:07 I - queue
12:10:43 I - disk
12:10:55 I - dns
12:11:15 I - mq
12:11:45 I - cpu
12:12:10 I - auth
12:12:27 I - pay
12:13:02 I - db
12:13:20 I - cpu
12:13:42 I - tls
12:13:49 I - db
12:14:20 I - io
12:14:43 I - dns
12:15:18 I - tls
12:15:44 W W2009 cpu
12:15:55 I - rpc
12:16:15 I - queue
12:16:25 I - db
12:16:59 E E1012 db
12:17:22 I - disk
12:17:30 I - rpc
12:17:40 I - tls
12:18:14 E E1001 auth
12:18:30 W W2027 pay
12:18:36 I - pay
12:19:10 I - dns
12:19:28 I - queue
12:20:01 W W2014 io
12:20:30 I - mq
12:20:49 I - RESTART
12:21:03 I - mq
12:21:39 I - dns
12:22:09 I - queue
12:22:37 W W2014 cache
12:23:00 I - mq
12:23:23 I - auth
12:23:38 I - auth
12:24:12 I - io
12:24:24 I - disk
12:24:36 I - db
12:24:58 I - disk
12:25:34 I - pay
12:26:02 I - mq
12:26:34 I - queue
12:26:45 I - tls
12:27:08 I - io
12:27:33 I - mq
12:27:41 I - tls
12:27:50 E E1095 dns
12:28:23 I - rpc
12:28:40 I - mq
12:28:47 I - rpc
12:29:13 E E1023 dns
12:29:34 I - disk
12:29:50 W W2009 rpc
12:30:12 W W2033 mq
12:30:38 W W2027 db
12:31:09 I - tls
12:31:17 I - queue
12:31:42 I - queue
12:32:18 I - pay
12:32:38 I - queue
12:33:07 I - disk
12:33:38 I - io
12:33:58 I - cpu
12:34:24 I - io
12:34:45 I - mq
12:35:16 I - tls
12:35:47 I - RESTART
12:36:02 I - db
12:36:12 I - queue
12:36:37 I - cache
12:36:46 E E1001 io
12:36:54 I - cpu
12:37:15 I - cpu
12:37:22 I - queue
12:37:47 I - cpu
12:37:54 I - dns
12:38:24 I - disk
12:38:44 W W2009 auth
12:39:04 I - rpc
12:39:27 I - tls
12:40:03 I - disk
12:40:32 I - dns
12:40:57 I - disk
12:41:21 I - cpu
12:41:48 I - io
12:41:57 W W2009 cache
12:42:31 W W2014 cache
12:42:53 I - cache
12:43:23 I - auth
12:43:50 I - queue
12:44:08 I - auth
12:44:43 I - pay
12:44:53 W W2014 auth
12:44:59 I - cache
12:45:11 I - tls
12:45:24 I - dns
12:45:40 I - rpc
12:46:06 I - mq
12:46:32 I - auth
12:46:59 I - disk
12:47:26 I - db
12:47:56 I - cache
12:48:25 I - pay
12:48:52 W W2014 io
12:49:05 I - cache
12:49:27 I - cpu
12:49:57 I - dns
12:50:32 I - auth
12:50:54 I - dns
12:51:30 I - tls
12:51:50 W W2003 disk
12:52:06 I - cpu
12:52:36 I - cache
12:52:54 W W2009 queue
12:53:01 I - disk
12:53:17 I - dns
12:53:45 I - auth
12:54:18 I - pay
12:54:29 I - tls
12:54:47 I - db
12:55:03 E E1070 mq
12:55:09 I - rpc
12:55:41 I - rpc
12:56:04 I - db
12:56:25 I - dns
12:57:00 I - tls
12:57:28 I - pay
12:57:36 I - cpu
12:57:57 I - dns
12:58:23 W W2009 rpc
12:58:49 I - tls
12:59:12 I - cpu
12:59:26 I - disk
12:59:54 E E1023 io
13:00:26 I - rpc
13:00:40 I - io
13:00:50 I - rpc
13:01:08 W W2027 disk
13:01:42 I - dns
13:02:10 I - queue
13:02:26 I - rpc
13:02:34 I - pay
