# clock=epoch-utc
1773482425 I - mq
1773482453 I - cpu
1773482471 I - queue
1773482490 I - tls
1773482514 I - disk
1773482538 I - disk
1773482571 I - cache
1773482592 I - io
1773482606 I - auth
1773482625 E E1012 auth
1773482645 I - disk
1773482681 I - cache
1773482696 I - cpu
1773482730 I - cpu
1773482740 E E1031 io
1773482775 I - pay
1773482789 I - cpu
1773482818 I - io
1773482827 I - dns
1773482854 I - tls
1773482885 I - queue
1773482907 W W2009 cache
1773482927 I - pay
1773482942 I - dns
1773482957 I - rpc
1773482976 I - cpu
1773482994 I - io
1773483018 I - mq
1773483033 I - queue
1773483057 I - mq
1773483068 I - cache
1773483088 W W2003 disk
1773483106 I - mq
1773483133 I - mq
1773483161 I - cpu
1773483197 I - cpu
1773483220 W W2014 cpu
1773483250 I - cache
1773483269 I - queue
1773483276 E E1001 cpu
1773483296 I - dns
1773483321 I - mq
1773483344 I - io
1773483362 I - pay
1773483380 E E1001 cache
1773483413 I - auth
1773483432 I - cache
1773483466 E E1052 queue
1773483474 I - rpc
1773483484 I - tls
1773483490 E E1007 disk
1773483512 I - queue
1773483530 I - disk
1773483540 I - rpc
1773483566 I - cache
1773483587 I - dns
1773483617 W W2033 rpc
1773483636 E E1012 queue
1773483661 I - pay
1773483670 I - mq
1773483705 I - disk
1773483724 I - mq
1773483745 I - cache
1773483781 I - db
1773483797 I - io
1773483810 I - mq
1773483846 E E1019 tls
1773483858 I - queue
1773483893 I - cache
1773483901 I - dns
1773483920 I - disk
1773483943 I - disk
1773483957 E E1001 mq
1773483974 I - rpc
1773483991 I - mq
1773484026 I - auth
1773484047 I - queue
1773484072 I - tls
1773484102 I - io
1773484119 I - cpu
1773484140 I - queue
1773484148 W W2009 db
1773484159 I - rpc
1773484181 I - db
1773484212 W W2033 disk
1773484227 I - auth
1773484246 I - auth
1773484281 I - rpc
1773484317 I - queue
1773484326 W W2027 dns
1773484333 I - cache
1773484350 W W2027 rpc
1773484375 I - auth
1773484385 I - queue
1773484401 I - pay
1773484425 I - mq
1773484452 I - auth
1773484476 I - dns
1773484487 I - pay
1773484505 I - tls
1773484531 I - mq
1773484540 I - db
1773484549 I - mq
1773484561 I - tls
1773484593 I - db
1773484612 I - mq
1773484620 W W2033 auth
1773484629 I - queue
1773484640 I - pay
1773484669 I - dns
1773484692 I - queue
1773484710 I - queue
1773484716 I - pay
1773484723 I - pay
1773484738 I - dns
1773484774 I - pay
1773484787 I - pay
1773484806 I - mq
1773484832 I - auth
1773484862 I - mq
1773484896 I - cache
1773484921 I - rpc
1773484932 I - tls
1773484940 I - cache
1773484947 I - queue
1773484970 I - tls
1773484981 I - db
1773485002 I - cache
1773485012 I - tls
1773485040 I - io
1773485050 W W2009 dns
1773485077 I - disk
1773485111 E E1012 tls
1773485125 I - pay
1773485139 E E1001 auth
1773485173 I - auth
1773485188 I - dns
1773485207 I - db
1773485225 I - tls
1773485261 I - pay
1773485268 I - tls
1773485279 I - db
1773485302 I - auth
1773485332 I - tls
1773485368 I - cache
1773485390 I - tls
1773485425 I - auth
1773485438 I - cache
1773485456 I - db
1773485465 I - cpu
1773485486 I - rpc
1773485512 I - disk
1773485529 I - io
1773485554 I - tls
1773485581 I - disk
1773485616 I - dns
1773485623 I - tls
1773485651 I - rpc
1773485665 I - auth
1773485677 I - db
1773485706 E E1012 tls
1773485731 I - cpu
1773485763 I - disk
1773485785 I - queue
1773485801 I - rpc
1773485834 I - tls
1773485855 I - pay
1773485874 W W2009 rpc
1773485905 I - queue
1773485939 I - pay
1773485969 I - mq
1773485980 I - pay
1773485986 I - mq
1773486018 I - disk
1773486044 I - RESTART
1773486075 I - cache
1773486108 I - dns
1773486130 W W2003 cpu
1773486165 I - cache
1773486177 I - rpc
1773486193 I - rpc
1773486204 I - cache
1773486218 I - db
1773486238 W W2009 db
1773486258 I - dns
1773486285 I - cpu
1773486294 I - dns
1773486324 I - disk
1773486344 I - auth
1773486355 I - mq
1773486388 I - mq
1773486397 I - dns
1773486406 I - mq
1773486442 I - disk
1773486463 I - tls
1773486496 I - cache
1773486530 I - cpu
1773486551 W W2003 db
1773486570 I - queue
1773486601 I - disk
1773486629 W W2014 rpc
1773486653 I - dns
1773486660 I - db
1773486679 I - io
1773486708 I - rpc
1773486741 I - db
1773486771 I - io
1773486780 I - RESTART
1773486795 I - db
1773486817 I - auth
1773486850 I - io
1773486878 I - cpu
1773486899 I - queue
1773486919 E E1001 io
1773486946 I - pay
1773486963 I - pay
1773486991 I - dns
1773487011 I - cpu
1773487031 I - db
1773487037 I - disk
1773487061 I - mq
1773487069 I - disk
1773487083 I - cpu
1773487101 I - queue
1773487119 I - cache
1773487152 I - tls
1773487159 I - mq
1773487189 I - auth
1773487224 I - db
1773487260 I - cache
1773487266 E E1007 tls
1773487282 I - disk
1773487301 I - dns
1773487335 I - io
1773487369 I - pay
1773487377 I - dns
1773487398 I - io
1773487407 I - disk
1773487434 I - mq
1773487440 I - auth
1773487463 W W2027 pay
1773487486 I - rpc
1773487505 I - queue
1773487540 I - rpc
1773487557 I - queue
1773487591 I - dns
1773487621 W W2033 dns
1773487653 I - dns
1773487670 I - cache
1773487705 W W2027 queue
1773487727 E E1012 rpc
1773487756 I - cache
1773487766 I - db
1773487797 W W2003 cache
1773487803 E E1001 io
1773487835 I - queue
1773487868 I - auth
1773487903 I - db
1773487924 I - queue
1773487954 I - pay
1773487966 I - RESTART
1773487978 W W2033 queue
1773488011 I - queue
1773488035 I - mq
1773488067 I - mq
1773488095 I - disk
1773488123 I - io
1773488133 I - RESTART
1773488159 I - queue
1773488193 I - db
1773488204 I - cpu
1773488217 I - cpu
1773488242 I - disk
1773488257 I - dns
1773488267 I - queue
1773488290 I - auth
1773488309 I - rpc
1773488322 I - io
1773488341 I - auth
1773488373 I - RESTART
1773488392 I - cache
1773488410 I - queue
1773488436 I - rpc
1773488461 I - cache
1773488489 E E1007 pay
1773488496 W W2014 auth
1773488503 I - cpu
1773488509 I - cache
1773488523 I - rpc
1773488535 I - tls
1773488552 I - pay
1773488574 I - auth
1773488580 I - disk
1773488586 I - rpc
1773488608 I - queue
1773488628 I - mq
1773488649 I - rpc
1773488667 W W2027 io
1773488701 I - cache
1773488735 I - rpc
1773488754 I - disk
1773488774 I - tls
1773488784 I - cpu
1773488808 W W2033 auth
1773488828 I - queue
1773488844 I - cache
1773488869 I - tls
1773488883 I - cpu
1773488913 I - rpc
1773488949 W W2003 io
1773488957 I - mq
1773488982 I - dns
1773489005 E E1012 db
1773489009 E E1001 queue
1773489010 I - queue
1773489013 E E1007 db
1773489015 E E1001 rpc
1773489018 E E1007 mq
1773489021 E E1007 db
1773489031 I - queue
1773489065 I - rpc
1773489079 I - mq
1773489113 I - mq
1773489141 I - tls
1773489173 I - db
1773489191 I - mq
1773489207 I - db
1773489242 I - mq
1773489249 I - queue
1773489269 I - rpc
1773489284 I - dns
1773489316 I - disk
1773489350 I - mq
1773489370 I - db
1773489396 I - cache
1773489430 I - tls
1773489445 I - disk
1773489473 I - db
1773489502 I - cache
1773489513 W W2003 tls
1773489528 I - disk
1773489563 I - auth
1773489578 I - pay
1773489598 I - rpc
1773489617 I - dns
1773489635 I - mq
1773489668 I - auth
1773489696 I - auth
1773489709 I - pay
1773489736 I - tls
1773489749 I - db
1773489768 I - queue
1773489791 I - disk
1773489814 I - cpu
1773489842 I - disk
1773489874 I - dns
1773489882 I - dns
1773489914 W W2014 io
1773489948 I - mq
1773489960 I - db
1773489993 I - dns
1773490007 I - mq
1773490027 I - pay
1773490061 I - pay
1773490067 E E1019 pay
1773490073 W W2009 io
1773490086 I - db
1773490093 E E1001 disk
1773490122 I - dns
1773490149 I - io
1773490169 I - tls
1773490196 I - pay
1773490219 I - db
1773490249 I - db
1773490285 I - tls
1773490298 I - auth
1773490306 I - RESTART
1773490340 I - cache
1773490367 I - db
1773490373 I - rpc
1773490384 W W2027 auth
1773490415 I - db
1773490422 I - cache
1773490446 I - queue
1773490480 I - tls
1773490488 I - io
1773490514 I - rpc
1773490532 E E1023 queue
1773490556 I - queue
1773490578 I - disk
1773490594 I - tls
1773490617 I - rpc
1773490629 I - tls
1773490647 I - disk
1773490680 I - RESTART
1773490706 I - pay
1773490725 I - dns
1773490731 I - dns
1773490750 I - pay
1773490770 I - queue
1773490804 I - auth
1773490831 E E1007 dns
1773490859 I - mq
1773490868 I - tls
1773490892 I - auth
1773490919 I - disk
1773490928 I - io
1773490958 I - tls
1773490969 I - dns
1773491001 I - cpu
1773491011 I - cache
1773491038 I - mq
1773491071 I - queue
1773491086 I - auth
1773491104 I - disk
1773491140 I - pay
1773491173 W W2033 dns
1773491205 I - pay
1773491224 I - auth
1773491246 I - mq
1773491274 I - tls
1773491295 I - dns
1773491329 I - queue
1773491347 I - tls
1773491383 I - pay
1773491402 W W2027 db
1773491420 I - disk
1773491442 W W2014 queue
1773491460 I - cpu
1773491482 I - rpc
1773491516 W W2027 rpc
1773491545 W W2033 auth
1773491573 I - db
1773491591 I - auth
1773491602 I - dns
1773491630 I - pay
1773491636 I - io
1773491665 I - dns
1773491690 I - cache
1773491714 I - queue
1773491749 I - mq
1773491778 I - pay
1773491801 I - dns
1773491829 I - auth
1773491851 W W2033 cpu
1773491862 I - cpu
1773491889 I - db
1773491912 E E1019 cpu
1773491938 I - disk
1773491959 I - mq
1773491987 I - cpu
1773492006 I - tls
1773492019 I - db
1773492039 I - dns
1773492063 I - mq
1773492089 E E1001 db
1773492124 I - dns
1773492159 I - rpc
1773492188 W W2009 queue
1773492198 I - mq
1773492234 W W2027 cache
1773492249 I - tls
1773492272 I - dns
1773492287 I - queue
1773492297 I - mq
1773492311 I - cpu
1773492317 I - queue
1773492335 I - pay
1773492349 I - cache
1773492379 I - auth
1773492409 I - cpu
1773492444 I - mq
1773492479 I - rpc
1773492500 I - io
1773492509 W W2009 pay
1773492527 I - queue
1773492554 I - queue
1773492568 I - io
1773492594 I - cache
1773492609 I - queue
1773492626 I - pay
1773492654 E E1023 cpu
1773492672 I - queue
1773492704 I - rpc
1773492737 I - rpc
1773492762 I - pay
1773492783 I - auth
1773492789 I - rpc
1773492820 I - auth
1773492840 I - tls
1773492848 I - auth
1773492870 I - cache
1773492885 I - RESTART
1773492893 I - cpu
1773492918 I - queue
1773492943 I - cpu
1773492975 I - queue
1773493002 I - rpc
1773493034 I - queue
1773493058 I - cpu
1773493080 I - io
1773493093 I - cache
1773493121 E E1052 tls
1773493138 I - pay
1773493161 E E1007 queue
1773493168 I - RESTART
1773493199 I - rpc
1773493205 I - db
1773493222 I - mq
1773493233 I - mq
1773493257 E E1007 cache
1773493275 I - queue
1773493294 I - cache
1773493301 I - disk
1773493311 I - disk
1773493338 I - cache
1773493349 I - rpc
1773493361 I - tls
1773493379 I - cache
1773493389 I - db
1773493419 I - disk
1773493425 I - rpc
1773493449 I - dns
1773493461 I - cache
1773493487 W W2027 dns
1773493520 I - disk
1773493533 I - tls
1773493559 I - db
1773493595 I - io
1773493631 I - queue
1773493640 I - pay
1773493657 I - queue
1773493673 I - dns
1773493683 I - cpu
1773493690 I - dns
1773493721 I - disk
1773493736 I - db
1773493746 I - rpc
1773493761 I - disk
1773493771 I - cache
1773493781 I - pay
1773493817 I - disk
1773493849 I - tls
1773493864 I - queue
1773493899 I - pay
1773493914 I - auth
1773493948 I - db
1773493971 I - auth
1773493995 W W2027 rpc
1773494023 I - queue
1773494037 I - disk
1773494063 I - io
1773494090 I - io
1773494108 I - pay
1773494117 I - disk
1773494144 E E1007 tls
1773494158 W W2003 mq
1773494187 I - tls
1773494204 I - mq
1773494228 I - queue
1773494260 I - mq
1773494267 I - cpu
1773494287 I - io
1773494308 I - db
1773494340 E E1052 dns
1773494370 I - db
1773494381 I - queue
1773494389 I - cache
1773494420 W W2027 tls
1773494440 I - dns
1773494467 W W2009 rpc
1773494473 I - RESTART
1773494498 I - tls
1773494529 I - disk
1773494556 I - disk
1773494588 I - disk
1773494595 I - queue
1773494613 W W2033 disk
1773494637 I - mq
1773494644 I - db
1773494656 I - cache
1773494687 I - io
1773494719 I - cache
1773494738 I - rpc
1773494774 I - rpc
1773494784 I - tls
1773494794 W W2014 auth
1773494816 I - auth
1773494833 I - RESTART
1773494846 I - io
1773494872 I - dns
1773494905 I - cpu
1773494934 I - disk
1773494967 I - io
1773494976 I - db
1773495009 I - db
1773495033 E E1012 dns
1773495064 I - dns
1773495085 I - cpu
1773495106 I - db
1773495131 I - io
1773495143 I - cache
1773495160 E E1012 rpc
1773495166 I - cache
1773495185 I - cache
1773495204 I - mq
1773495223 I - cpu
1773495237 I - pay
1773495250 I - queue
1773495277 I - disk
1773495288 I - queue
1773495301 I - queue
1773495332 I - rpc
1773495361 I - auth
1773495393 I - auth
1773495401 I - queue
1773495430 I - db
1773495460 I - cpu
1773495490 I - db
1773495513 I - pay
1773495549 I - disk
1773495564 I - cpu
1773495599 I - auth
1773495612 I - pay
1773495620 I - rpc
1773495642 W W2014 cache
1773495666 W W2003 db
1773495686 I - cache
1773495716 W W2027 cache
1773495750 I - io
1773495759 I - queue
1773495777 I - io
1773495800 I - rpc
1773495836 I - auth
1773495849 I - RESTART
1773495877 I - rpc
1773495887 I - rpc
1773495906 I - dns
1773495915 E E1007 auth
1773495930 I - dns
1773495937 I - pay
1773495946 I - pay
1773495978 I - mq
1773495988 I - cpu
1773495999 I - cpu
1773496019 I - pay
1773496048 I - mq
1773496055 I - io
1773496091 I - db
1773496097 E E1052 db
1773496133 I - dns
1773496139 I - dns
1773496158 I - cache
1773496183 I - dns
1773496210 I - disk
1773496218 I - rpc
1773496253 I - tls
1773496266 I - mq
1773496288 I - dns
1773496321 I - rpc
1773496348 I - dns
1773496378 I - dns
1773496411 I - dns
1773496423 I - db
1773496459 W W2003 mq
1773496489 I - cache
1773496510 I - io
1773496533 I - rpc
1773496551 I - tls
1773496583 I - db
1773496592 W W2003 queue
1773496624 I - mq
1773496657 I - disk
1773496686 I - disk
1773496694 I - io
1773496705 W W2014 queue
1773496735 I - pay
1773496761 I - auth
1773496784 I - cpu
1773496815 W W2003 pay
1773496834 W W2009 dns
1773496855 I - mq
1773496884 I - cpu
1773496910 I - mq
1773496931 I - auth
1773496964 I - cache
1773496978 I - mq
1773497008 I - io
1773497014 I - cpu
1773497041 I - cache
1773497059 I - disk
1773497092 I - queue
1773497108 I - cpu
1773497131 I - pay
1773497142 I - rpc
1773497148 I - rpc
1773497182 W W2014 dns
1773497199 W W2027 disk
1773497229 W W2009 queue
1773497253 I - pay
1773497261 E E1023 tls
1773497288 I - pay
1773497311 I - tls
1773497321 E E1023 disk
1773497335 W W2003 cache
1773497348 I - io
1773497359 I - dns
1773497389 I - rpc
1773497401 I - dns
1773497419 I - db
1773497432 I - io
1773497448 I - cpu
1773497480 E E1001 tls
1773497511 W W2033 cpu
1773497526 I - io
1773497559 I - rpc
1773497580 W W2003 mq
1773497609 I - cache
1773497627 I - tls
1773497647 I - tls
1773497675 I - disk
1773497692 I - pay
1773497699 I - disk
1773497710 I - cache
1773497719 I - io
1773497731 I - tls
1773497740 I - db
1773497749 E E1001 cpu
1773497776 I - disk
1773497789 I - mq
1773497797 I - rpc
1773497824 E E1007 mq
1773497851 I - auth
1773497873 W W2003 disk
1773497880 W W2014 mq
1773497890 I - auth
1773497905 I - disk
1773497931 I - disk
1773497962 I - queue
1773497975 I - cpu
1773497993 I - cache
1773498023 I - db
1773498030 W W2033 mq
1773498041 I - io
1773498048 I - rpc
1773498054 I - mq
1773498076 I - rpc
1773498088 I - queue
1773498099 I - cache
1773498133 E E1007 pay
1773498167 I - pay
1773498201 I - cpu
1773498226 E E1001 cache
1773498236 W W2009 dns
1773498245 I - dns
1773498268 I - dns
1773498302 I - db
1773498313 I - queue
1773498330 I - rpc
1773498343 I - db
1773498354 I - db
1773498362 I - tls
1773498387 I - auth
1773498408 I - dns
1773498435 W W2033 queue
1773498441 I - rpc
1773498452 I - tls
1773498485 I - disk
1773498507 E E1007 db
1773498523 I - mq
1773498555 I - pay
1773498571 I - cache
1773498588 I - io
1773498607 I - io
1773498635 W W2003 cpu
1773498660 I - auth
1773498672 E E1061 cpu
1773498688 I - tls
1773498718 I - db
1773498748 I - db
1773498769 I - queue
1773498803 W W2027 cpu
1773498817 W W2003 rpc
1773498852 I - pay
1773498862 I - disk
1773498888 I - cache
1773498913 W W2009 pay
1773498946 I - mq
1773498978 I - cpu
1773499011 I - cache
1773499020 I - db
1773499036 I - rpc
1773499049 I - db
1773499074 I - dns
1773499091 I - auth
1773499127 I - auth
1773499137 I - auth
1773499172 I - auth
1773499179 I - db
1773499203 I - tls
1773499221 I - mq
1773499248 I - dns
1773499269 I - auth
1773499297 I - db
1773499319 I - auth
1773499348 I - tls
1773499383 I - queue
1773499392 W W2003 cache
1773499411 I - io
1773499418 I - pay
1773499429 I - auth
1773499460 W W2027 db
1773499485 I - pay
1773499504 I - tls
1773499514 I - pay
1773499530 I - rpc
1773499549 I - queue
1773499572 I - disk
1773499580 E E1001 pay
1773499592 I - cpu
1773499615 I - tls
1773499642 I - disk
1773499658 I - auth
1773499682 I - dns
1773499700 I - dns
1773499728 I - queue
1773499739 I - disk
1773499749 I - RESTART
1773499781 W W2014 mq
1773499811 I - dns
1773499847 I - disk
1773499859 W W2014 db
1773499893 W W2003 dns
1773499918 I - queue
1773499935 E E1023 dns
1773499954 I - queue
1773499962 I - io
1773499991 I - tls
1773500005 I - cpu
1773500035 I - dns
1773500051 I - dns
1773500086 I - pay
1773500103 W W2009 tls
1773500124 W W2014 cpu
1773500155 W W2009 pay
1773500164 I - pay
1773500175 I - rpc
1773500181 I - rpc
1773500207 I - cpu
1773500215 I - db
1773500246 I - cache
1773500266 I - tls
1773500275 I - disk
1773500310 I - disk
1773500320 I - mq
1773500338 I - auth
1773500354 E E1023 disk
1773500371 I - cache
1773500379 I - cache
1773500386 I - io
1773500416 I - disk
1773500437 W W2027 disk
1773500458 I - rpc
1773500476 I - cache
1773500509 I - cpu
1773500540 I - auth
1773500559 I - disk
1773500594 I - tls
1773500608 I - mq
1773500637 I - auth
1773500651 I - cpu
1773500686 I - RESTART
1773500709 I - rpc
1773500722 I - pay
1773500734 I - io
1773500762 I - tls
1773500789 I - rpc
1773500817 E E1001 dns
1773500849 I - cache
1773500855 I - tls
1773500882 I - mq
1773500898 I - auth
1773500927 I - queue
1773500947 W W2014 rpc
1773500961 I - pay
1773500974 I - io
1773501007 I - queue
1773501023 I - db
1773501031 I - rpc
1773501061 I - cpu
1773501072 I - disk
1773501106 W W2014 cache
1773501116 I - db
1773501122 I - auth
1773501145 I - io
1773501158 E E1001 auth
1773501187 I - db
1773501195 W W2003 io
1773501210 I - tls
1773501230 W W2003 dns
1773501236 I - cpu
1773501260 I - RESTART
1773501287 I - rpc
1773501308 I - auth
1773501319 I - cpu
1773501327 I - cache
1773501360 W W2027 io
1773501387 I - disk
1773501408 I - cache
1773501421 I - cpu
1773501431 I - queue
1773501449 I - io
1773501455 I - cache
1773501469 I - io
1773501488 I - auth
1773501499 I - tls
1773501510 I - db
1773501518 I - cache
1773501524 I - mq
1773501556 W W2033 cache
1773501564 I - db
1773501597 I - db
1773501616 I - tls
1773501647 I - auth
1773501677 I - disk
1773501688 I - cpu
1773501708 I - cache
1773501717 I - auth
1773501735 I - db
1773501765 I - pay
1773501800 I - queue
1773501809 I - tls
1773501835 I - dns
1773501847 I - rpc
1773501877 I - dns
1773501898 I - db
1773501917 I - io
1773501944 I - disk
1773501965 I - rpc
1773501984 I - dns
1773502006 I - io
1773502040 W W2014 mq
1773502049 I - auth
1773502061 I - pay
1773502070 I - dns
1773502090 I - cache
1773502100 I - rpc
1773502116 I - pay
1773502138 I - auth
1773502165 I - dns
1773502176 I - auth
1773502206 I - queue
1773502238 I - dns
1773502260 I - queue
1773502275 I - tls
1773502283 I - tls
1773502297 I - disk
1773502324 I - disk
1773502344 E E1001 disk
1773502363 I - io
1773502384 I - rpc
1773502396 I - auth
1773502429 I - db
1773502456 W W2014 mq
1773502476 I - disk
1773502499 I - pay
1773502506 I - db
1773502529 E E1044 disk
1773502536 I - tls
1773502551 I - cpu
1773502575 I - auth
1773502584 I - rpc
1773502617 W W2009 mq
1773502646 W W2014 rpc
1773502662 I - cpu
1773502670 I - dns
1773502704 I - io
1773502737 I - io
1773502772 I - auth
1773502798 I - cpu
1773502806 I - queue
1773502839 I - rpc
1773502858 E E1007 rpc
1773502892 I - io
1773502921 I - tls
1773502936 I - db
1773502972 I - db
1773503000 I - rpc
1773503020 I - rpc
1773503028 I - queue
1773503045 I - mq
1773503055 I - cache
1773503077 I - cpu
1773503093 I - rpc
1773503108 I - pay
1773503139 I - cpu
1773503155 I - cache
1773503165 I - mq
1773503188 I - dns
1773503196 I - dns
