# tz=+00:00 date=2026-03-14
10:00:29 W W2009 db
10:00:56 W W2009 rpc
10:01:25 I - cpu
10:01:31 I - pay
10:01:53 E E1019 auth
10:02:17 I - io
10:02:23 I - rpc
10:02:46 I - mq
10:02:52 I - RESTART
10:03:08 I - cpu
10:03:25 I - io
10:03:39 I - disk
10:03:55 I - cache
10:04:15 I - io
10:04:21 I - io
10:04:52 I - mq
10:05:06 I - auth
10:05:41 I - rpc
10:05:51 I - disk
10:06:10 I - pay
10:06:42 I - mq
10:07:09 I - pay
10:07:37 I - disk
10:08:05 I - tls
10:08:39 I - queue
10:09:08 I - RESTART
10:09:33 I - RESTART
10:09:55 I - pay
10:10:22 I - auth
10:10:48 I - rpc
10:11:03 I - auth
10:11:26 W W2027 cache
10:11:33 I - auth
10:11:57 I - cpu
10:12:22 I - cpu
10:12:52 I - mq
10:13:25 I - queue
10:13:56 I - auth
10:14:23 I - mq
10:14:55 I - auth
10:15:14 I - pay
10:15:23 I - queue
10:15:38 I - io
10:16:07 I - mq
10:16:31 I - auth
10:16:37 I - cpu
10:17:00 I - tls
10:17:30 I - mq
10:17:47 I - mq
10:18:16 I - mq
10:18:46 I - io
10:19:07 I - disk
10:19:40 I - disk
10:20:10 E E1007 auth
10:20:38 I - pay
10:21:10 I - cpu
10:21:34 W W2033 cache
10:21:53 E E1044 queue
10:22:19 I - io
10:22:25 I - db
10:22:52 I - tls
10:23:24 I - mq
10:23:43 I - queue
10:24:08 I - mq
10:24:35 I - disk
10:24:52 W W2009 queue
10:25:08 I - auth
10:25:23 I - mq
10:25:34 I - db
10:26:10 I - mq
10:26:38 I - dns
10:27:12 W W2014 cpu
10:27:38 I - dns
10:27:53 I - tls
10:28:27 I - dns
10:28:36 I - rpc
10:28:59 I - auth
10:29:17 I - io
10:29:51 I - io
10:30:09 I - cache
10:30:22 I - cpu
10:30:55 I - cache
10:31:20 W W2009 queue
10:31:51 I - db
10:32:15 I - rpc
10:32:30 I - queue
10:32:52 I - cache
10:33:13 I - auth
10:33:31 I - auth
10:33:45 I - tls
10:33:54 I - cache
10:34:24 I - cache
10:34:56 I - dns
10:35:22 I - pay
10:35:45 I - cache
10:36:16 I - rpc
10:36:47 E E1012 mq
10:37:06 I - cache
10:37:20 I - rpc
10:37:37 I - queue
10:38:11 I - pay
10:38:25 W W2027 cache
10:38:57 I - cache
10:39:15 I - pay
10:39:48 I - auth
10:40:23 I - mq
10:40:32 I - queue
10:40:52 W W2014 rpc
10:41:10 I - dns
10:41:34 I - auth
10:41:48 I - db
10:41:57 I - cpu
10:42:13 I - dns
10:42:27 E E1012 io
10:43:00 I - rpc
10:43:15 I - queue
10:43:30 I - disk
10:43:45 I - mq
10:44:11 I - db
10:44:33 E E1019 dns
10:44:50 I - cpu
10:45:05 I - disk
10:45:20 W W2027 cache
10:45:28 W W2027 cache
10:45:39 I - dns
10:45:50 W W2009 auth
10:46:19 I - queue
10:46:48 I - auth
10:47:15 I - dns
10:47:44 I - io
10:47:53 I - rpc
10:48:28 I - mq
10:48:59 I - disk
10:49:13 E E1001 rpc
10:49:41 I - pay
10:49:55 I - io
10:50:22 I - queue
10:50:44 I - cache
10:50:59 W W2009 pay
10:51:05 I - dns
10:51:32 I - dns
10:52:01 W W2003 auth
10:52:30 E E1007 rpc
10:52:57 I - pay
10:53:19 W W2009 cache
10:53:51 I - queue
10:54:04 I - tls
10:54:19 I - auth
10:54:27 I - tls
10:54:39 I - cpu
10:55:03 I - io
10:55:32 I - disk
10:55:43 I - dns
10:56:04 I - io
10:56:17 E E1019 queue
10:56:35 I - queue
10:56:46 I - db
10:57:17 I - cache
10:57:50 I - rpc
10:58:11 I - queue
10:58:21 W W2003 rpc
10:58:56 I - dns
10:59:28 I - tls
10:59:47 I - cache
11:00:02 W W2003 mq
11:00:11 I - io
11:00:19 I - dns
11:00:32 I - tls
11:00:44 E E1007 rpc
11:01:02 I - rpc
11:01:17 I - cache
11:01:47 I - cpu
11:02:17 I - db
11:02:41 W W2009 rpc
11:02:56 I - db
11:03:26 E E1001 cpu
11:03:56 E E1019 pay
11:04:07 I - disk
11:04:15 I - tls
11:04:30 E E1095 db
11:04:59 I - cache
11:05:21 I - db
11:05:28 I - io
11:05:55 W W2027 pay
11:06:23 I - io
11:06:47 I - pay
11:07:22 E E1001 mq
11:07:36 I - rpc
11:07:58 W W2027 queue
11:08:13 I - cache
11:08:29 I - io
11:08:43 I - mq
11:09:14 I - disk
11:09:40 I - auth
11:09:57 W W2027 auth
11:10:09 I - RESTART
11:10:31 I - dns
11:10:55 I - db
11:11:15 I - dns
11:11:28 I - cache
11:12:04 I - tls
11:12:39 I - dns
11:12:47 I - pay
11:13:17 W W2014 cache
11:13:37 I - cpu
11:14:13 I - rpc
11:14:19 I - auth
11:14:33 I - dns
11:15:06 I - queue
11:15:24 I - queue
11:15:52 W W2009 pay
11:16:17 W W2009 queue
11:16:51 I - disk
11:17:26 I - disk
11:17:42 I - io
11:18:15 I - disk
11:18:35 I - RESTART
11:18:48 I - RESTART
11:19:07 I - queue
11:19:22 I - queue
11:19:55 I - pay
11:20:23 I - tls
11:20:58 W W2033 pay
11:21:32 I - rpc
11:21:43 I - mq
11:22:08 I - tls
11:22:24 I - db
11:22:52 I - tls
11:23:26 W W2033 tls
11:24:01 I - pay
11:24:09 W W2033 cpu
11:24:30 I - cpu
11:24:58 W W2027 io
11:25:28 I - pay
11:25:42 I - tls
11:26:09 I - disk
11:26:21 I - dns
11:26:44 W W2027 rpc
11:27:20 I - rpc
11:27:39 I - disk
11:27:46 I - io
11:27:58 I - cache
11:28:06 I - mq
11:28:40 I - RESTART
11:29:04 W W2033 disk
11:29:21 I - disk
11:29:37 I - auth
11:29:57 E E1012 queue
11:30:32 I - db
11:30:49 I - io
11:30:57 I - tls
11:31:21 I - rpc
11:31:46 I - queue
11:32:07 I - mq
11:32:26 I - io
11:32:38 I - db
11:33:11 I - pay
11:33:34 I - auth
11:33:44 I - tls
11:34:06 I - auth
11:34:27 I - pay
11:34:39 I - auth
11:35:05 I - dns
11:35:27 I - cache
11:35:52 I - queue
11:35:59 I - dns
11:36:34 I - mq
11:36:53 I - disk
11:37:13 E E1088 disk
11:37:35 W W2009 cache
11:38:08 I - cpu
11:38:36 I - cpu
11:38:55 I - tls
11:39:29 I - cpu
11:40:00 I - queue
11:40:10 W W2027 mq
11:40:25 I - rpc
11:41:00 I - dns
11:41:09 I - tls
11:41:21 I - dns
11:41:51 I - rpc
11:42:16 I - queue
11:42:42 I - pay
11:42:57 I - mq
11:43:27 I - io
11:43:46 I - db
11:44:04 W W2027 queue
11:44:27 I - cache
11:44:47 I - disk
11:45:19 I - auth
11:45:43 I - tls
11:45:55 I - auth
11:46:15 I - auth
11:46:51 I - io
11:47:15 I - queue
11:47:50 I - cache
11:48:04 I - cpu
11:48:21 I - auth
11:48:34 I - queue
11:48:47 I - pay
11:49:07 E E1001 disk
11:49:33 I - auth
11:49:46 I - mq
11:50:09 I - cache
11:50:42 I - cache
11:51:11 I - mq
11:51:35 I - dns
11:52:07 I - io
11:52:13 I - io
11:52:32 I - mq
11:52:42 I - cpu
11:53:18 I - RESTART
11:53:34 I - tls
11:53:55 I - pay
11:54:22 I - rpc
11:54:48 W W2027 pay
11:54:59 I - pay
11:55:18 W W2009 disk
11:55:29 I - mq
11:56:04 I - io
11:56:30 I - dns
11:56:57 I - io
11:57:03 I - auth
11:57:17 E E1001 rpc
11:57:26 I - mq
11:57:50 I - auth
11:58:17 I - db
11:58:47 I - auth
11:59:13 I - cache
11:59:41 I - db
12:00:05 I - disk
12:00:27 I - cache
12:00:46 I - tls
12:00:57 I - cpu
12:01:28 I - rpc
12:01:58 I - auth
12:02:11 I - cpu
12:02:31 I - queue
12:02:42 I - auth
12:03:10 I - tls
12:03:43 E E1044 dns
12:04:17 I - db
12:04:50 I - rpc
12:05:13 I - disk
12:05:42 I - rpc
12:06:03 I - cpu
12:06:22 W W2014 rpc
12:06:55 I - auth
12:07:25 I - rpc
12:07:35 I - db
12:07:50 I - disk
12:08:14 W W2003 cpu
12:08:22 E E1001 dns
12:08:58 I - db
12:09:06 I - cache
12:09:18 E E5107 cache
12:09:19 E E5107 queue
12:09:21 E E5107 cpu
12:09:23 E E5107 io
12:09:24 E E5107 cpu
12:09:26 E E5107 disk
12:09:27 E E5107 pay
12:09:28 E E5107 auth
12:09:29 E E5107 dns
12:09:32 E E5107 dns
12:09:34 E E5107 mq
12:09:36 I - io
12:09:37 E E5107 tls
12:09:38 E E5107 dns
12:09:39 E E5107 queue
12:09:41 E E5107 tls
12:09:42 E E5107 io
12:09:44 E E5107 rpc
12:09:45 E E5107 mq
12:09:46 E E5107 auth
12:09:47 E E5107 cache
12:09:48 E E5107 queue
12:09:51 E E5107 queue
12:09:52 E E5107 tls
12:09:55 E E5107 pay
12:09:58 E E5107 tls
12:09:59 E E5107 db
12:10:00 E E5107 disk
12:10:02 E E5107 io
12:10:04 E E5107 cpu
12:10:05 I - tls
12:10:07 E E5107 cpu
12:10:10 E E5107 rpc
12:10:13 E E5107 auth
12:10:16 E E5107 db
12:10:19 E E5107 rpc
12:10:20 E E5107 mq
12:10:22 E E5107 db
12:10:23 I - tls
12:10:25 E E5107 queue
12:10:27 E E5107 dns
12:10:28 E E5107 pay
12:10:30 E E5107 queue
12:10:38 I - disk
12:10:49 I - pay
12:11:01 I - db
12:11:20 E E1007 mq
12:11:45 W W2014 dns
12:12:17 I - disk
12:12:46 I - mq
12:13:19 I - RESTART
12:13:42 I - tls
12:14:12 E E1031 dns
12:14:38 I - io
12:15:06 I - cpu
12:15:13 I - auth
12:15:41 I - disk
12:16:12 I - pay
12:16:29 I - disk
12:16:40 I - queue
12:16:51 I - disk
12:17:15 I - rpc
12:17:45 I - cpu
12:17:53 I - io
12:18:12 I - pay
12:18:29 I - disk
12:18:56 I - auth
12:19:13 I - dns
12:19:47 I - rpc
12:20:16 W W2027 dns
12:20:30 I - db
12:20:40 I - pay
12:20:49 I - rpc
12:21:00 I - rpc
12:21:19 I - cache
12:21:37 I - disk
12:22:05 I - mq
12:22:33 W W2033 cpu
12:23:09 I - RESTART
12:23:26 I - dns
12:23:54 I - cpu
12:24:29 I - db
12:24:43 I - tls
12:24:51 I - dns
12:25:06 I - db
12:25:19 I - auth
12:25:40 I - cpu
12:26:11 I - tls
12:26:20 I - queue
12:26:56 I - cache
12:27:30 I - tls
12:27:59 I - disk
12:28:35 W W2027 queue
12:28:53 I - mq
12:29:17 I - mq
12:29:47 I - disk
12:29:58 I - cpu
12:30:07 E E1007 io
12:30:15 I - cpu
12:30:32 I - cpu
12:30:38 I - mq
12:31:03 I - io
12:31:12 I - rpc
12:31:19 I - tls
12:31:49 W W2003 mq
12:32:21 I - io
12:32:44 I - disk
12:33:16 I - RESTART
12:33:25 I - rpc
12:33:53 I - db
12:34:04 I - RESTART
12:34:32 I - tls
12:34:39 I - rpc
12:35:03 I - cpu
12:35:21 W W2009 tls
12:35:31 I - cache
12:36:05 E E1001 cpu
12:36:28 W W2033 io
12:36:50 I - io
12:37:13 I - cpu
12:37:46 W W2003 rpc
12:37:55 I - pay
12:38:14 I - io
12:38:28 I - cache
12:38:48 I - RESTART
12:39:24 W W2009 queue
12:39:55 I - disk
12:40:13 I - db
12:40:48 I - RESTART
12:41:13 I - io
12:41:42 W W2003 cache
12:41:51 W W2027 rpc
12:41:57 I - db
12:42:06 I - cache
12:42:32 I - dns
12:42:54 I - cache
12:43:17 I - io
12:43:48 I - cpu
12:44:03 I - db
12:44:34 E E1061 mq
12:44:40 I - db
12:45:05 I - queue
12:45:26 I - disk
12:45:57 I - tls
12:46:13 W W2009 auth
12:46:39 I - cache
12:47:12 E E1001 auth
12:47:22 I - cache
12:47:37 I - queue
12:47:50 I - RESTART
12:48:24 I - mq
12:48:31 I - rpc
12:48:58 I - disk
12:49:07 I - disk
12:49:39 I - io
12:49:51 I - auth
12:50:12 I - cache
12:50:39 I - tls
12:51:04 I - auth
12:51:39 I - pay
12:51:57 I - tls
12:52:16 I - io
12:52:44 E E1001 io
12:52:50 I - mq
12:53:22 I - cache
12:53:33 I - auth
12:53:58 I - rpc
12:54:31 I - pay
12:55:05 I - mq
12:55:27 I - queue
12:55:42 W W2003 pay
12:56:17 I - db
12:56:26 I - tls
12:57:01 E E1001 mq
12:57:35 I - cpu
12:57:59 I - tls
12:58:24 I - db
12:58:33 I - disk
12:59:06 I - disk
12:59:28 I - disk
12:59:41 I - cpu
12:59:54 I - mq
13:00:27 I - cpu
13:00:49 I - cpu
13:00:56 I - disk
13:01:05 I - cache
13:01:25 I - io
13:02:00 I - dns
13:02:34 W W2033 pay
13:02:41 I - io
13:02:55 I - queue
13:03:29 I - db
13:03:55 I - cpu
13:04:12 I - io
13:04:48 I - cache
13:05:03 I - io
13:05:39 I - cache
13:06:12 I - cache
13:06:35 I - tls
13:06:54 I - rpc
13:07:11 I - queue
13:07:37 I - db
13:08:10 I - auth
13:08:38 I - db
13:08:54 I - cpu
13:09:10 I - io
13:09:35 I - disk
13:09:50 I - queue
13:10:00 I - mq
13:10:32 I - queue
13:10:41 I - tls
13:11:03 I - mq
13:11:27 W W2003 rpc
13:11:56 W W2033 cache
13:12:15 W W2027 cpu
13:12:44 E E1007 cache
13:12:57 I - auth
13:13:27 I - rpc
13:13:50 I - cpu
13:13:59 I - db
13:14:32 E E1070 dns
13:15:00 I - auth
13:15:24 I - db
13:15:43 I - pay
13:16:13 I - db
13:16:38 I - rpc
13:17:11 I - db
13:17:44 I - mq
13:17:53 I - auth
13:18:24 I - db
13:18:36 I - auth
13:18:57 I - io
13:19:05 I - dns
13:19:28 I - queue
13:19:45 I - queue
13:19:58 I - dns
13:20:28 I - mq
13:20:51 I - cache
13:21:23 I - cpu
13:21:58 I - mq
13:22:07 I - disk
13:22:15 I - auth
13:22:28 I - auth
13:22:57 I - cache
13:23:10 I - auth
13:23:19 W W2027 queue
13:23:27 I - cpu
13:23:56 I - queue
13:24:27 I - cpu
13:24:45 I - dns
13:24:57 I - tls
13:25:12 I - io
13:25:43 E E1001 rpc
13:26:12 I - pay
13:26:45 I - tls
13:27:11 I - pay
13:27:18 I - io
13:27:34 E E1052 io
13:28:04 I - queue
13:28:21 I - rpc
13:28:27 I - mq
13:28:38 I - tls
13:28:56 I - dns
13:29:24 E E1007 queue
13:29:44 I - dns
13:30:07 I - queue
13:30:19 I - auth
13:30:49 I - cache
13:31:11 I - pay
13:31:37 E E1023 dns
13:31:46 I - pay
13:32:04 I - queue
13:32:36 I - tls
13:32:47 I - cpu
13:33:23 I - rpc
13:33:44 I - dns
13:33:58 E E1001 io
13:34:18 I - pay
13:34:35 I - mq
13:34:48 I - mq
13:35:13 W W2014 db
13:35:31 I - tls
13:35:55 I - io
13:36:03 I - pay
13:36:22 I - disk
13:36:43 I - rpc
13:37:14 I - cache
13:37:47 I - dns
13:38:04 W W2027 dns
13:38:11 I - auth
13:38:18 I - queue
13:38:47 I - mq
13:39:03 W W2014 tls
13:39:19 W W2027 queue
13:39:43 I - disk
13:40:04 I - mq
13:40:32 I - mq
13:40:45 I - disk
13:40:57 I - tls
13:41:22 W W2003 queue
13:41:37 E E1007 rpc
13:42:05 I - mq
13:42:37 E E1031 db
13:42:56 I - dns
13:43:10 I - disk
13:43:31 I - dns
13:43:56 I - io
13:44:29 I - dns
13:44:59 I - db
13:45:12 I - tls
13:45:33 I - pay
13:45:52 I - mq
13:46:25 I - disk
13:46:45 I - pay
13:47:16 I - cache
13:47:52 I - tls
13:48:24 I - pay
13:48:40 I - mq
13:48:47 I - cpu
13:49:23 I - rpc
13:49:45 I - cpu
13:50:01 I - queue
13:50:31 W W2014 rpc
13:51:00 I - dns
13:51:24 I - dns
13:51:38 I - cpu
13:52:01 I - db
13:52:24 I - mq
13:53:00 I - disk
13:53:31 I - rpc
13:54:05 I - io
13:54:36 I - tls
13:55:08 I - io
13:55:18 W W2014 rpc
13:55:54 I - tls
13:56:15 I - rpc
13:56:22 I - cpu
13:56:55 I - disk
13:57:04 I - rpc
13:57:20 I - io
13:57:27 E E1012 io
13:57:33 W W2014 cpu
13:57:44 I - cpu
13:58:05 I - rpc
13:58:32 I - auth
13:59:00 I - disk
13:59:34 I - auth
13:59:44 W W2014 disk
14:00:20 I - pay
14:00:39 I - pay
14:01:14 I - mq
14:01:44 I - cache
14:01:51 I - db
14:02:16 I - auth
14:02:25 I - queue
14:02:48 I - io
14:03:06 I - auth
14:03:19 I - rpc
14:03:38 I - cpu
14:04:08 I - queue
14:04:39 I - db
14:04:54 I - rpc
14:05:19 I - pay
14:05:45 I - auth
14:05:58 E E1007 auth
14:06:08 I - auth
14:06:31 I - disk
14:06:40 I - tls
14:07:16 I - tls
14:07:38 W W2009 queue
14:07:58 W W2003 pay
14:08:27 I - queue
14:08:58 I - io
14:09:12 I - pay
14:09:32 I - dns
14:09:55 I - cpu
14:10:21 I - db
14:10:49 I - mq
14:11:21 I - rpc
14:11:48 I - disk
14:12:01 I - pay
14:12:20 E E1061 queue
14:12:32 I - RESTART
14:12:49 I - cpu
14:12:56 E E1001 rpc
14:22:07 I - queue
14:22:13 I - cache
14:22:37 I - mq
14:23:13 I - cache
14:23:43 W W2027 rpc
14:24:06 I - pay
14:24:33 W W2014 mq
14:24:54 W W2027 rpc
14:25:19 I - queue
14:25:50 I - auth
14:26:00 W W2027 db
14:26:33 E E1001 tls
14:27:07 I - dns
14:27:40 W W2033 queue
14:28:16 W W2027 mq
14:28:22 I - tls
14:28:51 I - cache
14:29:00 I - queue
14:29:28 W W2033 queue
14:29:41 I - cache
14:30:09 E E1044 rpc
14:30:19 I - tls
14:30:44 I - auth
14:31:15 W W2014 tls
14:31:51 E E1031 cpu
14:32:06 I - db
14:32:34 I - queue
14:32:45 I - io
14:32:56 I - mq
14:33:29 I - mq
14:33:53 I - mq
14:34:24 I - tls
14:34:46 I - auth
14:35:21 I - pay
14:35:49 I - disk
14:36:14 I - auth
14:36:21 I - dns
14:36:43 I - db
14:37:03 E E1088 queue
14:37:18 I - auth
14:37:27 I - tls
14:38:00 I - db
14:38:34 I - pay
14:38:55 I - cpu
14:39:06 E E1001 disk
14:39:16 I - disk
14:39:22 I - queue
14:39:32 I - cache
14:39:39 I - auth
14:39:53 I - auth
14:40:01 I - cpu
14:40:19 I - dns
14:40:34 W W2027 tls
14:40:57 I - rpc
14:41:13 I - mq
14:41:31 I - queue
14:41:58 I - pay
14:42:13 I - disk
14:42:29 I - db
14:42:55 I - dns
14:43:11 I - dns
14:43:17 I - cpu
14:43:24 W W2014 rpc
14:43:43 I - mq
14:44:16 I - queue
14:44:22 I - queue
14:44:48 I - mq
14:45:12 I - cache
14:45:44 I - cache
14:45:52 E E1001 pay
14:46:28 I - auth
14:46:47 W W2009 io
14:47:23 I - cache
14:47:36 E E1052 rpc
14:47:48 E E1012 tls
14:47:54 I - tls
14:48:11 I - dns
14:48:32 I - dns
14:49:07 I - pay
14:49:41 I - pay
14:50:07 I - tls
14:50:29 I - cpu
14:51:01 I - dns
14:51:32 E E1012 dns
14:52:08 W W2014 io
14:52:42 E E1019 queue
14:52:49 W W2003 db
14:53:08 I - mq
14:53:15 I - io
14:53:37 I - mq
14:53:43 W W2027 disk
14:53:55 I - tls
14:54:21 I - tls
14:54:41 I - dns
14:55:02 I - db
14:55:38 I - tls
14:55:54 I - dns
14:56:24 W W2003 disk
14:56:47 I - db
14:56:55 I - rpc
14:57:12 E E1070 pay
14:57:40 I - mq
14:58:04 I - auth
14:58:15 E E1044 db
14:58:32 I - queue
14:58:38 I - db
14:58:54 I - tls
14:59:24 I - io
14:59:52 I - mq
15:00:28 I - cpu
15:01:00 I - auth
15:01:22 E E1001 cpu
15:01:46 I - db
15:02:02 I - cpu
15:02:14 I - auth
15:02:41 E E1019 disk
15:02:56 I - cache
15:03:28 I - rpc
15:03:43 I - tls
15:04:16 I - mq
15:04:52 I - disk
15:04:59 I - db
15:05:23 I - db
15:05:51 W W2003 disk
15:06:25 I - dns
15:06:35 I - tls
15:06:58 I - queue
15:07:05 I - rpc
15:07:29 I - rpc
15:07:49 I - auth
15:08:00 W W2014 pay
15:08:06 I - queue
15:08:31 I - mq
15:08:58 I - mq
15:09:25 I - dns
15:09:47 I - rpc
15:10:02 I - db
15:10:17 I - mq
15:10:37 I - tls
15:11:04 I - db
15:11:31 W W2014 mq
15:11:52 I - pay
15:12:19 W W2014 db
15:12:25 I - cache
15:12:48 I - cache
15:13:07 I - db
15:13:14 E E1019 db
15:13:48 I - rpc
15:14:10 I - cpu
15:14:26 I - queue
15:15:00 I - db
15:15:08 I - dns
15:15:44 I - db
15:16:06 E E1001 rpc
15:16:24 I - queue
15:16:40 W W2014 auth
15:16:47 W W2003 db
15:17:12 I - cpu
15:17:20 I - rpc
15:17:39 I - cache
15:17:54 I - dns
15:18:17 W W2014 cpu
15:18:49 I - disk
15:19:18 W W2014 queue
15:19:44 I - cpu
15:20:11 I - dns
15:20:20 I - auth
15:20:36 I - io
15:20:49 I - dns
15:21:05 I - cache
15:21:37 I - io
15:21:54 W W2027 pay
15:22:20 I - dns
15:22:39 I - dns
15:23:09 I - io
15:23:24 W W2009 queue
15:23:30 I - db
15:23:48 I - pay
15:24:05 I - dns
15:24:21 I - tls
15:24:43 I - db
15:25:12 I - dns
15:25:28 I - db
15:25:53 I - io
15:26:13 I - mq
15:26:29 I - auth
15:27:03 I - io
15:27:20 I - io
15:27:54 I - db
15:28:12 I - rpc
15:28:46 W W2027 disk
15:29:18 I - rpc
15:29:40 I - cache
15:30:03 I - tls
15:30:32 I - disk
15:30:48 I - disk
15:30:57 I - mq
15:31:03 I - cpu
15:31:30 W W2014 cache
15:32:03 I - io
15:32:38 I - queue
15:33:03 I - rpc
15:33:17 I - disk
15:33:33 I - auth
15:33:44 W W2014 queue
15:33:53 I - db
15:34:07 I - auth
15:34:32 I - auth
15:34:39 I - tls
15:35:14 E E1001 pay
15:35:46 I - mq
15:36:18 I - db
15:36:39 I - tls
15:37:06 E E1001 rpc
15:37:26 I - mq
15:37:35 I - pay
15:37:57 I - io
15:38:32 I - pay
15:39:03 E E1012 cpu
15:39:13 E E1012 disk
15:39:35 I - io
15:39:58 I - db
15:40:29 I - RESTART
15:41:04 I - queue
15:41:22 I - io
15:41:42 I - mq
15:42:16 I - cache
15:42:52 I - cache
15:43:03 I - pay
15:43:23 I - pay
15:43:35 I - cpu
15:44:04 I - cache
15:44:37 I - cache
15:45:02 I - queue
15:45:17 I - pay
15:45:53 I - cpu
15:46:00 I - auth
15:46:27 E E1007 pay
15:46:58 I - tls
15:47:16 W W2027 tls
15:47:44 I - RESTART
15:48:11 I - disk
15:48:46 I - pay
15:49:22 I - mq
15:49:53 E E1031 pay
15:50:24 I - io
15:50:32 I - cpu
15:50:47 I - pay
15:51:09 I - disk
15:51:30 I - mq
15:51:59 W W2009 tls
15:52:30 W W2003 mq
15:53:01 I - tls
15:53:10 I - dns
15:53:40 I - io
15:54:00 I - cpu
15:54:23 I - cpu
15:54:51 I - disk
15:55:19 E E1001 io
15:55:40 I - cache
