# tz=-05:00 date=2026-03-14
[05:00:09] INFO - dns
[05:00:17] INFO - dns
[05:00:24] INFO - disk
[05:00:50] INFO - cache
[05:01:11] INFO - dns
[05:01:29] INFO - mq
[05:01:36] INFO - cache
[05:02:03] INFO - pay
[05:02:13] INFO - cache
[05:02:24] WARN W2014 dns
[05:02:50] INFO - queue
[05:03:14] INFO - cache
[05:03:33] INFO - dns
[05:04:01] WARN W2033 pay
[05:04:07] WARN W2027 auth
[05:04:37] INFO - pay
[05:05:12] INFO - io
[05:05:38] WARN W2009 mq
[05:06:06] INFO - mq
[05:06:23] ERROR E1001 cpu
[05:06:42] INFO - rpc
[05:07:14] INFO - queue
[05:07:33] INFO - db
[05:08:01] INFO - auth
[05:08:10] INFO - cache
[05:08:23] WARN W2009 queue
[05:08:52] WARN W2033 cpu
[05:09:18] INFO - auth
[05:09:35] WARN W2003 cache
[05:09:48] INFO - queue
[05:10:09] WARN W2014 db
[05:10:44] INFO - io
[05:10:52] INFO - pay
[05:11:22] INFO - mq
[05:11:29] INFO - io
[05:11:42] INFO - tls
[05:11:57] INFO - cache
[05:12:13] INFO - rpc
[05:12:25] INFO - rpc
[05:12:47] INFO - rpc
[05:13:14] INFO - db
[05:13:24] INFO - auth
[05:13:57] WARN W2027 tls
[05:14:22] WARN W2003 auth
[05:14:58] INFO - auth
[05:15:31] INFO - auth
[05:15:56] INFO - tls
[05:16:05] INFO - io
[05:16:29] INFO - queue
[05:16:58] INFO - cache
[05:17:11] INFO - io
[05:17:18] INFO - cache
[05:17:43] INFO - rpc
[05:18:05] INFO - queue
[05:18:26] INFO - pay
[05:18:52] WARN W2014 dns
[05:19:05] INFO - disk
[05:19:14] INFO - disk
[05:19:50] INFO - pay
[05:20:18] INFO - disk
[05:20:46] INFO - mq
[05:20:52] INFO - pay
[05:21:12] ERROR E1007 db
[05:21:22] INFO - mq
[05:21:55] INFO - db
[05:22:11] INFO - tls
[05:22:39] INFO - db
[05:22:47] ERROR E1012 rpc
[05:23:15] WARN W2009 tls
[05:23:34] INFO - mq
[05:23:49] WARN W2014 io
[05:24:15] INFO - cpu
[05:24:43] INFO - cpu
[05:25:00] ERROR E1019 cpu
[05:25:36] ERROR E1007 auth
[05:25:57] INFO - cache
[05:26:25] INFO - tls
[05:26:40] INFO - auth
[05:27:09] INFO - disk
[05:27:32] INFO - auth
[05:27:48] INFO - cache
[05:28:06] INFO - mq
[05:28:19] INFO - cpu
[05:28:29] INFO - io
[05:28:58] INFO - rpc
[05:29:19] ERROR E1007 rpc
[05:29:33] INFO - dns
[05:29:50] WARN W2009 cpu
[05:30:11] INFO - db
[05:30:43] INFO - tls
[05:30:51] INFO - dns
[05:30:59] INFO - disk
[05:31:09] INFO - dns
[05:31:32] INFO - rpc
[05:32:00] INFO - auth
[05:32:22] INFO - dns
[05:32:39] ERROR E1044 queue
[05:33:15] INFO - mq
[05:33:32] ERROR E1031 auth
[05:33:45] ERROR E1001 queue
[05:34:21] ERROR E1001 queue
[05:34:37] INFO - auth
[05:35:09] INFO - tls
[05:35:18] INFO - cache
[05:35:32] INFO - auth
[05:36:06] INFO - pay
[05:36:42] INFO - cache
[05:36:57] INFO - disk
[05:37:24] INFO - tls
[05:37:59] INFO - cache
[05:38:16] INFO - disk
[05:38:52] INFO - mq
[05:39:13] INFO - mq
[05:39:28] INFO - io
[05:40:00] INFO - cpu
[05:40:31] INFO - tls
[05:40:59] INFO - queue
[05:41:35] INFO - queue
[05:41:47] INFO - mq
[05:42:16] INFO - db
[05:42:51] INFO - pay
[05:43:19] INFO - db
[05:43:39] INFO - dns
[05:44:11] INFO - io
[05:44:27] INFO - pay
[05:45:03] INFO - db
[05:45:31] INFO - mq
[05:45:51] INFO - io
[05:46:10] INFO - io
[05:46:24] INFO - db
[05:46:57] INFO - pay
[05:47:28] INFO - rpc
[05:47:36] WARN W2014 tls
[05:48:01] INFO - db
[05:48:21] INFO - pay
[05:48:54] INFO - queue
[05:49:29] INFO - disk
[05:49:36] INFO - cache
[05:50:03] INFO - disk
[05:50:22] INFO - dns
[05:50:34] INFO - disk
[05:50:59] INFO - disk
[05:51:09] INFO - tls
[05:51:41] INFO - cpu
[05:52:12] INFO - cache
[05:52:32] INFO - auth
[05:52:40] INFO - io
[05:53:12] INFO - rpc
[05:53:41] INFO - queue
[05:54:15] INFO - pay
[05:54:38] INFO - cpu
[05:55:01] ERROR E1001 io
[05:55:35] INFO - dns
[05:56:07] INFO - rpc
[05:56:39] INFO - io
[05:56:45] INFO - io
[05:56:57] INFO - db
[05:57:16] INFO - auth
[05:57:41] INFO - tls
[05:58:16] INFO - db
[05:58:36] INFO - tls
[05:58:58] INFO - db
[05:59:20] INFO - io
[05:59:49] INFO - mq
[06:00:11] INFO - RESTART
[06:00:28] INFO - dns
[06:00:38] INFO - cache
[06:00:55] INFO - tls
[06:01:01] INFO - auth
[06:01:16] INFO - io
[06:01:27] INFO - db
[06:01:41] INFO - db
[06:02:00] INFO - pay
[06:02:28] INFO - auth
[06:03:01] INFO - mq
[06:03:08] INFO - tls
[06:03:27] INFO - io
[06:03:44] INFO - disk
[06:03:59] INFO - cache
[06:04:28] INFO - disk
[06:04:54] INFO - dns
[06:05:24] INFO - queue
[06:05:35] INFO - cpu
[06:05:55] INFO - auth
[06:06:19] INFO - rpc
[06:06:42] INFO - cpu
[06:07:16] INFO - dns
[06:07:28] INFO - cache
[06:07:43] INFO - auth
[06:08:10] ERROR E1044 pay
[06:08:27] INFO - tls
[06:08:48] INFO - auth
[06:09:08] INFO - io
[06:09:27] INFO - io
[06:09:38] INFO - cpu
[06:10:00] INFO - dns
[06:10:24] WARN W2014 dns
[06:10:34] INFO - auth
[06:10:55] INFO - rpc
[06:11:19] INFO - disk
[06:11:35] INFO - mq
[06:11:57] WARN W2003 disk
[06:12:13] INFO - dns
[06:12:38] INFO - cache
[06:12:46] INFO - db
[06:12:53] WARN W2033 io
[06:13:26] INFO - mq
[06:13:39] INFO - disk
[06:13:56] INFO - cache
[06:14:28] INFO - mq
[06:14:39] INFO - rpc
[06:14:55] INFO - db
[06:15:18] INFO - pay
[06:15:33] INFO - db
[06:15:41] WARN W2014 pay
[06:16:08] INFO - queue
[06:16:28] INFO - pay
[06:16:34] WARN W2033 cpu
[06:17:04] WARN W2033 io
[06:17:30] INFO - tls
[06:17:51] INFO - tls
[06:18:23] INFO - cache
[06:18:56] INFO - db
[06:19:30] INFO - auth
[06:19:41] INFO - rpc
[06:19:57] INFO - mq
[06:20:12] INFO - RESTART
[06:20:48] INFO - disk
[06:21:19] INFO - tls
[06:21:33] WARN W2014 pay
[06:21:52] INFO - rpc
[06:22:28] INFO - cache
[06:23:02] INFO - cache
[06:23:31] INFO - cache
[06:24:05] INFO - io
[06:24:41] INFO - auth
[06:24:51] INFO - disk
[06:25:26] INFO - pay
[06:25:41] INFO - dns
[06:25:56] ERROR E1023 db
[06:26:30] INFO - mq
[06:26:38] INFO - mq
[06:26:59] WARN W2033 cpu
[06:27:31] WARN W2027 db
[06:27:38] INFO - rpc
[06:27:52] INFO - mq
[06:28:07] INFO - cache
[06:28:36] INFO - RESTART
[06:29:02] INFO - cpu
[06:29:13] INFO - queue
[06:29:20] INFO - pay
[06:29:33] INFO - cpu
[06:29:42] INFO - cache
[06:29:51] INFO - dns
[06:29:59] INFO - mq
[06:30:30] INFO - cache
[06:30:39] INFO - disk
[06:31:08] INFO - pay
[06:31:19] WARN W2033 pay
[06:31:47] INFO - cache
[06:32:15] INFO - auth
[06:32:25] WARN W2009 rpc
[06:32:39] WARN W2027 dns
[06:33:03] INFO - disk
[06:33:11] INFO - auth
[06:33:27] INFO - queue
[06:33:55] INFO - mq
[06:34:26] INFO - dns
[06:34:52] INFO - mq
[06:34:58] INFO - cpu
[06:35:16] INFO - dns
[06:35:47] ERROR E1070 io
[06:36:04] INFO - disk
[06:36:26] INFO - mq
[06:36:50] INFO - dns
[06:37:10] INFO - db
[06:37:17] WARN W2027 dns
[06:37:26] INFO - io
[06:37:59] INFO - db
[06:38:34] INFO - cpu
[06:39:08] INFO - rpc
[06:39:23] INFO - disk
[06:39:47] INFO - auth
[06:40:11] INFO - RESTART
[06:40:43] ERROR E1023 cpu
[06:40:55] INFO - disk
[06:41:16] INFO - cache
[06:41:25] INFO - cache
[06:41:44] INFO - RESTART
[06:42:12] INFO - db
[06:42:44] INFO - pay
[06:43:06] INFO - mq
[06:43:34] INFO - io
[06:43:45] WARN W2027 auth
[06:44:11] WARN W2033 cpu
[06:44:30] INFO - rpc
[06:44:45] INFO - queue
[06:45:00] INFO - disk
[06:45:06] INFO - io
[06:45:12] INFO - dns
[06:45:39] INFO - queue
[06:45:47] INFO - auth
[06:46:04] INFO - mq
[06:46:20] INFO - pay
[06:46:56] INFO - queue
[06:47:19] INFO - io
[06:47:36] INFO - rpc
[06:47:57] INFO - db
[06:48:31] INFO - mq
[06:48:52] INFO - io
[06:48:59] INFO - cache
[06:49:23] WARN W2033 cpu
[06:49:56] INFO - db
[06:50:22] INFO - cache
[06:50:53] INFO - dns
[06:51:15] INFO - tls
[06:51:22] INFO - mq
[06:51:58] INFO - tls
[06:52:10] INFO - tls
[06:52:33] INFO - queue
[06:52:51] INFO - cpu
[06:53:23] INFO - pay
[06:53:54] INFO - dns
[06:54:10] INFO - queue
[06:54:40] INFO - mq
[06:55:00] INFO - tls
[06:55:08] INFO - cache
[06:55:14] ERROR E1001 disk
[06:55:46] INFO - queue
[06:55:57] INFO - cache
[06:56:17] ERROR E1061 io
[06:56:23] INFO - cache
[06:56:34] INFO - disk
[06:56:51] INFO - io
[06:56:58] INFO - io
[06:57:09] INFO - mq
[06:57:38] INFO - cache
[06:58:12] INFO - rpc
[06:58:29] INFO - cache
[06:58:51] INFO - auth
[06:59:08] INFO - auth
[06:59:31] INFO - mq
[06:59:40] INFO - queue
[07:00:12] INFO - cache
[07:00:28] INFO - dns
[07:00:50] INFO - queue
[07:01:16] INFO - pay
[07:01:36] ERROR E1001 cache
[07:01:49] INFO - cache
[07:02:00] INFO - cache
[07:02:19] INFO - io
[07:02:32] INFO - auth
[07:02:47] INFO - RESTART
[07:03:12] INFO - cache
[07:03:33] INFO - rpc
[07:03:49] INFO - mq
[07:04:09] INFO - queue
[07:04:23] INFO - pay
[07:04:34] WARN W2009 rpc
[07:04:52] INFO - rpc
[07:05:00] WARN W2033 io
[07:05:20] WARN W2003 pay
[07:05:28] INFO - pay
[07:05:37] INFO - disk
[07:05:53] INFO - cache
[07:06:22] WARN W2027 queue
[07:06:52] INFO - tls
[07:07:28] INFO - db
[07:07:41] INFO - disk
[07:08:16] INFO - cache
[07:08:28] INFO - queue
[07:08:33] ERROR E5107 dns
[07:08:34] ERROR E5107 auth
[07:08:36] ERROR E5107 io
[07:08:39] ERROR E5107 dns
[07:08:42] ERROR E5107 queue
[07:08:43] ERROR E5107 mq
[07:08:45] ERROR E5107 db
[07:08:47] ERROR E5107 dns
[07:08:49] ERROR E5107 io
[07:08:50] INFO - rpc
[07:08:51] ERROR E5107 disk
[07:08:52] ERROR E5107 disk
[07:08:55] ERROR E5107 pay
[07:08:58] ERROR E5107 cpu
[07:09:01] ERROR E5107 io
[07:09:02] ERROR E5107 db
[07:09:04] ERROR E5107 disk
[07:09:06] ERROR E5107 pay
[07:09:08] INFO - tls
[07:09:09] ERROR E5107 queue
[07:09:10] ERROR E5107 mq
[07:09:13] ERROR E5107 cache
[07:09:14] ERROR E5107 db
[07:09:15] ERROR E5107 cache
[07:09:18] ERROR E5107 mq
[07:09:20] ERROR E5107 pay
[07:09:21] INFO - tls
[07:09:22] ERROR E5107 queue
[07:09:24] ERROR E5107 rpc
[07:09:27] ERROR E5107 db
[07:09:28] ERROR E5107 disk
[07:09:29] ERROR E5107 cache
[07:09:32] ERROR E5107 queue
[07:09:34] ERROR E5107 io
[07:09:37] INFO - cache
[07:09:37] ERROR E5107 tls
[07:09:38] ERROR E5107 tls
[07:09:40] ERROR E5107 rpc
[07:09:41] ERROR E5107 queue
[07:09:44] ERROR E5107 disk
[07:09:47] ERROR E5107 db
[07:09:48] ERROR E5107 tls
[07:09:50] ERROR E5107 auth
[07:09:52] ERROR E5107 disk
[07:09:53] INFO - tls
[07:10:11] INFO - cpu
[07:10:24] INFO - io
[07:10:57] INFO - db
[07:11:23] INFO - cpu
[07:11:55] INFO - disk
[07:12:26] INFO - disk
[07:12:57] INFO - disk
[07:13:08] ERROR E1012 disk
[07:13:34] WARN W2033 cache
[07:13:45] INFO - tls
[07:14:20] WARN W2009 cpu
[07:14:47] INFO - cache
[07:15:11] INFO - queue
[07:15:45] INFO - tls
[07:16:14] INFO - auth
[07:16:35] INFO - pay
[07:17:03] INFO - cache
[07:17:18] INFO - rpc
[07:17:46] INFO - tls
[07:18:22] INFO - cache
[07:18:42] INFO - disk
[07:19:04] INFO - rpc
[07:19:13] INFO - dns
[07:19:39] INFO - queue
[07:20:06] INFO - cache
[07:20:40] INFO - disk
[07:21:08] WARN W2027 queue
[07:21:19] INFO - auth
[07:21:42] INFO - auth
[07:22:13] INFO - pay
[07:22:30] INFO - auth
[07:22:42] WARN W2033 disk
[07:23:00] ERROR E1031 disk
[07:23:12] WARN W2033 pay
[07:23:32] WARN W2003 mq
[07:23:51] INFO - cpu
[07:24:05] INFO - rpc
[07:24:36] INFO - cache
[07:25:01] INFO - mq
[07:25:14] INFO - auth
[07:25:44] INFO - auth
[07:25:52] WARN W2033 pay
[07:26:06] INFO - queue
[07:26:29] INFO - db
[07:27:03] INFO - cache
[07:27:23] INFO - mq
[07:27:35] INFO - db
[07:27:48] INFO - mq
[07:28:16] INFO - pay
[07:28:28] INFO - mq
[07:28:50] ERROR E1007 pay
[07:29:01] INFO - db
[07:29:11] INFO - disk
[07:29:17] INFO - mq
[07:29:42] INFO - io
[07:30:04] WARN W2003 tls
[07:30:27] INFO - dns
[07:30:44] INFO - mq
[07:31:00] INFO - pay
[07:31:15] INFO - mq
[07:31:41] INFO - rpc
[07:32:14] INFO - cache
[07:32:42] INFO - RESTART
[07:33:09] INFO - queue
[07:33:27] INFO - pay
[07:33:33] INFO - tls
[07:33:50] INFO - rpc
[07:33:59] INFO - auth
[07:34:10] INFO - pay
[07:34:43] WARN W2014 tls
[07:34:58] INFO - io
[07:35:29] INFO - queue
[07:35:58] INFO - pay
[07:36:18] INFO - queue
[07:36:35] INFO - pay
[07:36:54] INFO - RESTART
[07:37:26] INFO - pay
[07:37:58] INFO - cpu
[07:38:16] WARN W2033 queue
[07:38:43] INFO - queue
[07:39:04] INFO - dns
[07:39:27] INFO - tls
[07:39:56] INFO - queue
[07:40:04] INFO - rpc
[07:40:16] INFO - auth
[07:40:23] INFO - disk
[07:40:54] INFO - auth
[07:41:08] INFO - auth
[07:41:24] ERROR E1001 mq
[07:41:46] INFO - dns
[07:42:14] INFO - disk
[07:42:30] INFO - pay
[07:42:57] INFO - cpu
[07:43:22] INFO - cache
[07:43:37] INFO - auth
[07:43:49] INFO - tls
[07:44:18] ERROR E1001 mq
[07:44:48] ERROR E1012 rpc
[07:45:19] INFO - mq
[07:45:26] WARN W2009 disk
[07:45:57] INFO - rpc
[07:46:07] INFO - db
[07:46:15] ERROR E1007 queue
[07:46:25] INFO - pay
[07:46:53] INFO - queue
[07:47:05] WARN W2027 auth
[07:47:15] INFO - rpc
[07:47:51] INFO - cache
[07:48:23] WARN W2027 dns
[07:48:45] INFO - tls
[07:48:55] INFO - disk
[07:49:20] INFO - io
[07:49:37] INFO - pay
[07:49:44] INFO - pay
[07:50:03] INFO - disk
[07:50:32] INFO - pay
[07:51:03] INFO - cache
[07:51:29] INFO - rpc
[07:51:47] INFO - queue
[07:52:21] INFO - dns
[07:52:30] INFO - pay
[07:52:37] INFO - rpc
[07:52:43] INFO - rpc
[07:53:08] INFO - dns
[07:53:23] INFO - mq
[07:53:44] INFO - queue
[07:54:11] INFO - cache
[07:54:44] INFO - cpu
[07:55:03] INFO - disk
[07:55:20] WARN W2033 queue
[07:55:29] ERROR E1001 db
[07:55:40] INFO - pay
[07:56:11] INFO - cache
[07:56:36] INFO - disk
[07:56:48] WARN W2003 rpc
[07:57:15] INFO - disk
[07:57:48] INFO - auth
[07:58:03] INFO - tls
[07:58:24] INFO - disk
[07:58:41] INFO - queue
[07:59:01] INFO - auth
[07:59:25] INFO - mq
[07:59:45] INFO - auth
[07:59:59] INFO - tls
[08:00:30] INFO - mq
[08:01:00] INFO - disk
[08:01:16] WARN W2003 cache
[08:01:30] INFO - cache
[08:01:39] INFO - auth
[08:01:52] INFO - db
[08:02:12] INFO - mq
[08:02:18] INFO - io
[08:02:24] WARN W2003 tls
[08:02:55] WARN W2033 queue
[08:03:16] INFO - io
[08:03:22] WARN W2033 dns
[08:03:29] ERROR E1007 auth
[08:03:45] INFO - db
[08:03:54] INFO - pay
[08:04:00] INFO - queue
[08:04:15] INFO - cpu
[08:04:23] INFO - cache
[08:04:40] WARN W2033 io
[08:04:51] INFO - tls
[08:04:58] INFO - io
[08:05:17] INFO - tls
[08:05:32] INFO - tls
[08:05:52] INFO - cpu
[08:06:26] INFO - queue
[08:06:42] ERROR E1007 mq
[08:06:57] INFO - queue
[08:07:20] INFO - cache
[08:07:54] INFO - rpc
[08:08:29] INFO - pay
[08:08:37] INFO - cpu
[08:08:50] INFO - tls
[08:09:10] INFO - disk
[08:09:18] INFO - RESTART
[08:09:49] INFO - dns
[08:10:16] WARN W2009 queue
[08:10:42] INFO - io
[08:11:06] INFO - cpu
[08:11:37] INFO - queue
[08:12:04] INFO - rpc
[08:12:32] INFO - disk
[08:13:06] INFO - db
[08:13:26] INFO - auth
[08:13:41] INFO - db
[08:14:10] INFO - io
[08:14:17] WARN W2003 rpc
[08:14:35] INFO - dns
[08:15:04] ERROR E1001 mq
[08:15:28] INFO - mq
[08:16:01] INFO - auth
[08:16:32] INFO - rpc
[08:17:05] INFO - rpc
[08:17:19] INFO - auth
[08:17:49] INFO - dns
[08:18:08] INFO - db
[08:18:42] INFO - io
[08:19:10] INFO - queue
[08:19:16] INFO - auth
[08:19:25] INFO - cpu
[08:19:58] ERROR E1001 tls
[08:20:07] INFO - io
[08:20:24] INFO - auth
[08:20:32] INFO - io
[08:20:53] ERROR E1044 disk
[08:21:19] INFO - queue
[08:21:36] INFO - disk
[08:21:48] INFO - auth
[08:22:09] INFO - dns
[08:22:36] WARN W2033 io
[08:22:58] INFO - cache
[08:23:08] INFO - db
[08:23:20] WARN W2033 cpu
[08:23:35] INFO - mq
[08:24:06] WARN W2009 auth
[08:24:20] INFO - cache
[08:24:38] INFO - db
[08:24:50] INFO - tls
[08:25:21] WARN W2009 queue
[08:25:39] INFO - mq
[08:26:03] INFO - auth
[08:26:37] INFO - io
[08:27:03] INFO - db
[08:27:09] INFO - cache
[08:27:20] INFO - cpu
[08:27:55] INFO - pay
[08:28:17] INFO - mq
[08:28:42] INFO - io
[08:28:59] WARN W2033 dns
[08:29:13] INFO - cpu
[08:29:42] INFO - cpu
[08:30:10] INFO - cache
[08:30:19] INFO - cpu
[08:30:48] INFO - auth
[08:31:17] INFO - cpu
[08:31:44] INFO - db
[08:32:11] WARN W2003 db
[08:32:42] INFO - disk
[08:32:57] INFO - pay
[08:33:17] INFO - pay
[08:33:33] ERROR E1019 io
[08:33:56] WARN W2014 mq
[08:34:10] INFO - cache
[08:34:16] INFO - pay
[08:34:47] INFO - rpc
[08:35:03] INFO - pay
[08:35:19] INFO - auth
[08:35:54] ERROR E1001 rpc
[08:36:14] INFO - mq
[08:36:43] INFO - cpu
[08:36:50] INFO - disk
[08:37:14] INFO - queue
[08:37:43] INFO - auth
[08:38:19] INFO - mq
[08:38:50] INFO - queue
[08:39:18] INFO - disk
[08:39:44] INFO - rpc
[08:39:57] INFO - pay
[08:40:33] INFO - mq
[08:40:52] INFO - dns
[08:41:16] INFO - db
[08:41:33] INFO - tls
[08:41:56] INFO - dns
[08:42:24] INFO - io
[08:42:55] WARN W2003 dns
[08:43:13] INFO - rpc
[08:43:31] INFO - mq
[08:43:41] INFO - rpc
[08:44:11] INFO - dns
[08:44:28] INFO - queue
[08:44:40] INFO - tls
[08:44:55] INFO - cpu
[08:45:14] ERROR E1001 disk
[08:45:37] INFO - disk
[08:46:06] INFO - dns
[08:46:23] WARN W2009 disk
[08:46:37] INFO - db
[08:46:50] WARN W2014 pay
[08:46:59] ERROR E1001 mq
[08:47:21] INFO - cache
[08:47:32] INFO - io
[08:47:51] INFO - dns
[08:47:58] INFO - db
[08:48:10] INFO - dns
[08:48:43] INFO - queue
[08:48:49] INFO - pay
[08:49:12] INFO - db
[08:49:35] INFO - pay
[08:50:09] INFO - rpc
[08:50:41] INFO - auth
[08:51:10] INFO - cpu
[08:51:31] INFO - tls
[08:51:51] ERROR E1001 cache
[08:52:11] INFO - auth
[08:52:37] INFO - mq
[08:52:51] INFO - pay
[08:53:17] INFO - db
[08:53:40] INFO - cache
[08:54:11] INFO - db
[08:54:20] INFO - auth
[08:54:39] INFO - disk
[08:54:48] INFO - cpu
[08:55:14] INFO - auth
[08:55:42] INFO - queue
[08:56:03] INFO - tls
[08:56:17] INFO - io
[08:56:31] INFO - auth
[08:56:53] ERROR E1007 dns
[08:57:00] INFO - disk
[08:57:25] INFO - auth
[08:57:53] INFO - io
[08:58:28] WARN W2009 queue
[08:59:03] INFO - disk
[08:59:20] INFO - tls
[08:59:45] INFO - db
[08:59:51] INFO - io
[09:00:15] INFO - rpc
[09:00:36] INFO - auth
[09:01:00] WARN W2009 auth
[09:01:13] INFO - cache
[09:01:29] INFO - io
[09:01:41] ERROR E1019 tls
[09:02:11] INFO - io
[09:02:43] WARN W2014 tls
[09:02:58] INFO - dns
[09:03:21] INFO - cpu
[09:03:42] INFO - io
[09:04:15] INFO - disk
[09:04:45] INFO - auth
[09:05:11] ERROR E1007 disk
[09:05:19] INFO - cpu
[09:05:39] INFO - auth
[09:06:15] ERROR E1001 cache
[09:06:24] INFO - dns
[09:06:39] INFO - io
[09:07:14] INFO - mq
[09:07:29] INFO - rpc
[09:07:36] INFO - db
[09:07:48] INFO - dns
[09:08:12] INFO - cpu
[09:08:23] INFO - disk
[09:08:58] INFO - dns
[09:09:13] WARN W2033 queue
[09:09:32] INFO - queue
[09:09:59] INFO - rpc
[09:10:24] INFO - mq
[09:10:36] INFO - cpu
[09:10:44] INFO - cpu
[09:11:15] INFO - disk
[09:11:24] INFO - io
[09:11:46] ERROR E1012 mq
[09:12:18] INFO - rpc
[09:12:42] ERROR E1023 io
[09:13:10] INFO - dns
[09:13:19] WARN W2014 db
[09:13:48] INFO - mq
[09:14:22] INFO - tls
[09:14:41] INFO - disk
[09:15:14] ERROR E1001 cpu
[09:15:29] INFO - auth
[09:15:38] INFO - pay
[09:15:52] INFO - queue
[09:16:05] INFO - queue
[09:16:20] INFO - rpc
[09:16:46] INFO - auth
[09:17:20] INFO - cpu
[09:17:29] INFO - cpu
[09:18:03] INFO - db
[09:18:39] INFO - auth
[09:18:45] INFO - disk
[09:19:17] INFO - cache
[09:19:46] INFO - rpc
[09:20:08] INFO - pay
[09:20:22] WARN W2014 dns
[09:20:32] INFO - mq
[09:20:42] INFO - disk
[09:21:14] INFO - auth
[09:21:24] INFO - io
[09:21:45] INFO - auth
[09:22:04] WARN W2027 pay
[09:22:23] INFO - disk
[09:22:46] INFO - mq
[09:22:59] INFO - cache
[09:23:05] INFO - disk
[09:23:31] INFO - auth
[09:24:02] INFO - io
[09:24:27] INFO - cache
[09:24:47] INFO - db
[09:25:05] INFO - cpu
[09:25:12] INFO - disk
[09:25:25] INFO - mq
[09:25:47] INFO - io
[09:26:14] INFO - disk
[09:26:24] INFO - dns
[09:26:54] INFO - auth
[09:27:04] INFO - cpu
[09:27:31] INFO - disk
[09:27:52] INFO - mq
[09:28:27] INFO - cache
[09:28:58] INFO - io
[09:29:21] INFO - io
[09:29:50] INFO - queue
[09:30:21] WARN W2027 rpc
[09:30:56] INFO - tls
[09:31:14] INFO - disk
[09:31:32] WARN W2014 pay
[09:31:53] INFO - pay
[09:32:16] ERROR E1031 dns
[09:32:42] INFO - mq
[09:32:52] INFO - dns
[09:33:23] INFO - queue
[09:33:32] INFO - queue
[09:33:51] INFO - pay
[09:34:03] INFO - cache
[09:34:19] INFO - disk
[09:34:29] INFO - tls
[09:34:48] INFO - queue
[09:34:55] INFO - queue
[09:35:31] INFO - tls
[09:35:39] INFO - dns
[09:35:45] INFO - rpc
[09:36:17] INFO - pay
[09:36:51] WARN W2033 auth
[09:37:19] INFO - rpc
[09:37:51] INFO - disk
[09:38:13] INFO - auth
[09:38:45] INFO - dns
[09:39:07] INFO - disk
[09:39:32] INFO - tls
[09:39:46] WARN W2027 db
[09:40:06] INFO - cpu
[09:40:24] INFO - io
[09:40:55] INFO - mq
[09:41:11] INFO - auth
[09:41:39] INFO - queue
[09:41:56] INFO - db
[09:42:03] INFO - db
[09:42:36] ERROR E1007 db
[09:43:12] INFO - dns
[09:43:24] INFO - auth
[09:43:30] INFO - cpu
[09:44:00] INFO - tls
[09:44:14] INFO - cpu
[09:44:44] INFO - queue
[09:44:55] INFO - rpc
[09:45:29] WARN W2009 cpu
[09:45:39] INFO - dns
[09:45:59] WARN W2009 db
[09:46:30] INFO - db
[09:46:43] INFO - auth
[09:47:17] INFO - disk
[09:47:42] INFO - tls
[09:47:50] INFO - mq
[09:48:11] INFO - cpu
[09:48:32] WARN W2009 rpc
[09:48:55] INFO - cache
[09:49:22] INFO - cpu
[09:49:42] INFO - auth
[09:50:18] ERROR E1001 queue
[09:50:38] WARN W2033 tls
[09:50:55] INFO - cpu
[09:51:29] INFO - rpc
[09:51:52] INFO - db
[09:52:27] INFO - cache
[09:52:47] INFO - pay
[09:52:59] INFO - auth
[09:53:18] ERROR E1007 tls
[09:53:46] WARN W2003 cache
[09:54:09] ERROR E1001 tls
[09:54:38] INFO - auth
[09:55:11] INFO - queue
[09:55:27] INFO - auth
[09:55:54] INFO - dns
[09:56:25] INFO - cache
[09:56:50] INFO - tls
[09:56:59] INFO - cache
[09:57:35] INFO - pay
[09:58:11] WARN W2033 pay
[09:58:43] INFO - tls
[09:58:57] INFO - dns
[09:59:21] INFO - queue
[09:59:46] INFO - rpc
[10:00:22] INFO - io
[10:00:57] INFO - cpu
[10:01:07] INFO - rpc
[10:01:22] INFO - io
[10:01:42] ERROR E1007 cpu
[10:01:57] INFO - queue
[10:02:03] INFO - tls
[10:02:13] INFO - io
[10:02:22] ERROR E1007 tls
[10:02:34] INFO - auth
[10:02:48] WARN W2014 cache
[10:02:54] INFO - dns
[10:03:10] INFO - queue
[10:03:33] INFO - io
[10:03:59] WARN W2014 rpc
[10:04:06] INFO - cpu
[10:04:36] INFO - cpu
[10:04:51] INFO - mq
[10:05:11] ERROR E1007 cpu
[10:05:39] INFO - pay
[10:05:45] INFO - disk
[10:06:00] INFO - io
[10:06:19] INFO - io
[10:06:44] INFO - mq
[10:06:53] INFO - rpc
[10:07:00] INFO - rpc
[10:07:13] INFO - disk
[10:07:35] INFO - io
[10:07:51] WARN W2003 tls
[10:08:24] ERROR E1012 mq
[10:08:41] INFO - db
[10:09:07] INFO - rpc
[10:09:38] INFO - RESTART
[10:09:59] INFO - cpu
[10:10:33] INFO - pay
[10:10:59] WARN W2027 disk
[10:11:28] INFO - io
[10:11:49] INFO - dns
[10:12:18] INFO - tls
[10:12:36] INFO - auth
[10:13:11] INFO - io
[10:13:43] INFO - cpu
[10:14:19] INFO - db
[10:14:32] INFO - tls
[10:15:05] INFO - queue
[10:15:24] INFO - rpc
[10:15:44] INFO - db
[10:15:58] INFO - mq
[10:16:08] WARN W2009 pay
[10:16:44] INFO - db
[10:16:56] INFO - mq
[10:17:28] INFO - mq
[10:17:45] INFO - cache
[10:17:52] INFO - rpc
[10:18:05] INFO - mq
[10:18:31] INFO - pay
[10:18:54] INFO - db
[10:19:11] INFO - dns
[10:19:24] INFO - pay
[10:19:59] INFO - RESTART
[10:20:18] INFO - disk
[10:20:34] INFO - dns
[10:20:42] INFO - dns
[10:21:11] INFO - disk
[10:21:47] INFO - auth
[10:22:22] INFO - db
[10:22:47] INFO - cache
[10:23:23] INFO - mq
[10:23:59] INFO - disk
[10:24:05] INFO - io
[10:24:34] INFO - db
[10:25:03] INFO - tls
[10:25:35] INFO - mq
[10:26:02] INFO - db
[10:26:21] INFO - rpc
[10:26:46] INFO - db
[10:27:20] INFO - cpu
[10:27:56] WARN W2009 tls
[10:28:20] INFO - rpc
[10:28:30] ERROR E1001 mq
[10:28:53] INFO - db
[10:29:26] INFO - auth
[10:30:00] INFO - auth
[10:30:20] WARN W2033 tls
[10:30:56] INFO - mq
[10:31:21] INFO - rpc
[10:31:39] INFO - mq
[10:32:09] INFO - rpc
[10:32:29] WARN W2014 dns
[10:32:37] INFO - tls
[10:32:56] INFO - disk
[10:33:15] INFO - cache
[10:33:37] INFO - io
[10:33:56] INFO - io
[10:34:10] INFO - mq
[10:34:46] INFO - dns
[10:35:06] INFO - pay
[10:35:37] INFO - tls
[10:35:44] INFO - dns
