# tz=-05:00 date=2026-03-14
05:00:23 I - io
05:00:50 W W2009 auth
05:01:19 I - cpu
05:01:32 I - tls
05:01:43 I - disk
05:02:14 I - disk
05:02:47 I - tls
05:02:58 I - rpc
05:03:20 I - pay
05:03:36 I - auth
05:03:59 I - queue
05:04:09 W W2027 tls
05:04:30 I - cache
05:04:44 I - dns
05:05:10 I - pay
05:05:35 I - cache
05:06:08 I - tls
05:06:23 I - tls
05:06:37 I - io
05:07:12 W W2003 mq
05:07:38 I - db
05:07:46 W W2033 cpu
05:08:14 I - cache
05:08:48 I - queue
05:09:00 I - dns
05:09:22 I - pay
05:09:38 I - io
05:09:59 I - queue
05:10:10 W W2009 auth
05:10:36 I - cpu
05:10:44 I - rpc
05:11:14 I - tls
05:11:23 I - disk
05:11:58 I - cache
05:12:16 I - cpu
05:12:41 I - pay
05:12:58 I - disk
05:13:31 E E1023 auth
05:14:04 I - disk
05:14:20 I - dns
05:14:31 I - tls
05:14:38 I - cache
05:14:48 I - rpc
05:15:03 I - disk
05:15:34 I - queue
05:15:58 I - cpu
05:16:26 I - pay
05:16:40 I - queue
05:16:56 I - pay
05:17:26 I - tls
05:17:37 I - tls
05:18:02 I - pay
05:18:11 I - disk
05:18:36 I - pay
05:19:09 I - queue
05:19:41 I - db
05:19:57 I - pay
05:20:15 I - io
05:20:37 I - cache
05:20:44 W W2027 rpc
05:20:57 I - queue
05:21:26 I - db
05:21:40 W W2009 db
05:21:58 E E1012 dns
05:22:33 I - dns
05:22:54 I - dns
05:23:26 I - io
05:23:36 I - cpu
05:24:10 I - db
05:24:19 I - tls
05:24:55 E E1023 mq
05:25:10 I - pay
05:25:42 W W2027 tls
05:25:51 I - mq
05:26:19 I - pay
05:26:38 I - rpc
05:27:11 W W2003 io
05:27:26 I - auth
05:27:40 I - io
05:28:01 I - io
05:28:23 I - disk
05:28:35 I - io
05:28:59 I - io
05:29:23 I - pay
05:29:35 I - disk
05:29:55 I - io
05:30:24 I - io
05:30:43 I - dns
05:31:18 I - queue
05:31:30 E E1001 dns
05:31:44 I - cache
05:31:54 I - db
05:32:15 I - auth
05:32:28 I - tls
05:32:45 I - disk
05:33:08 I - RESTART
05:33:42 I - db
05:33:52 I - rpc
05:33:59 I - mq
05:34:29 I - cache
05:34:36 I - dns
05:34:55 I - db
05:35:08 I - cpu
05:35:31 W W2003 mq
05:35:47 I - RESTART
05:36:17 I - io
05:36:34 I - pay
05:36:55 W W2014 db
05:37:28 I - queue
05:38:02 I - RESTART
05:38:14 E E1012 io
05:38:22 I - cache
05:38:32 I - rpc
05:38:54 I - rpc
05:39:21 I - pay
05:39:45 I - db
05:39:55 I - queue
05:40:14 I - db
05:40:38 I - disk
05:40:51 I - pay
05:41:17 I - disk
05:41:27 I - disk
05:41:39 I - cpu
05:41:48 I - cpu
05:42:22 I - rpc
05:42:37 I - mq
05:42:45 I - cpu
05:43:04 I - cache
05:43:36 I - auth
05:44:04 I - rpc
05:44:21 I - cpu
05:44:40 I - tls
05:44:56 E E1007 io
05:45:11 I - auth
05:45:39 I - io
05:45:51 I - disk
05:46:19 I - db
05:46:48 W W2003 mq
05:47:22 I - queue
05:47:53 I - disk
05:48:20 I - auth
05:48:35 I - io
05:48:41 E E1019 dns
05:49:12 I - rpc
05:49:35 I - dns
05:49:57 I - dns
05:50:25 I - auth
05:50:52 I - tls
05:50:59 I - dns
05:51:35 I - db
05:52:02 I - auth
05:52:15 I - pay
05:52:22 I - cpu
05:52:52 I - dns
05:53:12 E E1012 cache
05:53:43 I - cpu
05:53:50 I - disk
05:54:17 I - cache
05:54:39 I - queue
05:55:10 W W2003 queue
05:55:34 I - dns
05:56:02 I - cache
05:56:26 I - auth
05:57:01 I - dns
05:57:12 I - dns
05:57:34 I - tls
05:57:46 I - disk
05:58:17 I - db
05:58:49 W W2027 auth
05:59:17 I - dns
05:59:40 I - disk
05:59:55 I - auth
06:00:20 I - dns
06:00:27 I - rpc
06:00:54 I - mq
06:01:27 W W2027 dns
06:01:36 I - db
06:02:08 W W2003 rpc
06:02:24 I - dns
06:02:40 W W2003 dns
06:02:58 I - disk
06:03:14 I - disk
06:03:41 I - io
06:04:00 I - mq
06:04:32 I - disk
06:04:46 I - pay
06:05:20 I - db
06:05:53 I - cpu
06:06:29 I - dns
06:06:35 W W2003 cache
06:06:48 I - db
06:07:05 I - pay
06:07:37 I - cache
06:08:03 I - mq
06:08:14 I - auth
06:08:45 W W2003 dns
06:09:09 I - dns
06:09:20 I - cpu
06:09:55 I - auth
06:10:29 I - tls
06:10:42 I - pay
06:11:18 I - io
06:11:29 W W2014 cpu
06:11:56 E E1007 rpc
06:12:21 I - dns
06:12:31 I - tls
06:12:50 I - dns
06:13:03 I - io
06:13:22 I - rpc
06:13:52 I - queue
06:14:26 I - cache
06:14:35 I - auth
06:15:05 W W2003 mq
06:15:12 I - dns
06:15:24 W W2009 auth
06:15:46 I - db
06:16:18 I - cpu
06:16:45 I - tls
06:17:17 I - pay
06:17:49 I - tls
06:17:58 I - rpc
06:18:04 I - cpu
06:18:26 I - mq
06:18:32 I - rpc
06:18:42 I - tls
06:19:01 I - tls
06:19:09 E E1052 io
06:19:45 I - dns
06:19:53 E E1012 pay
06:20:17 I - db
06:20:25 E E1012 mq
06:20:48 I - io
06:21:23 I - rpc
06:21:40 I - dns
06:22:08 I - cpu
06:22:36 I - tls
06:22:53 I - disk
06:23:27 I - io
06:23:39 I - disk
06:23:51 I - pay
06:23:57 I - dns
06:24:09 I - tls
06:24:38 I - tls
06:25:00 I - rpc
06:25:14 I - pay
06:25:50 I - rpc
06:26:24 I - cpu
06:26:49 I - db
06:27:13 I - queue
06:27:41 I - tls
06:27:57 I - dns
06:28:28 I - cpu
06:28:51 I - mq
06:29:22 I - cpu
06:29:54 I - auth
06:30:14 I - auth
06:30:41 I - disk
06:30:55 I - cache
06:31:09 I - tls
06:31:37 I - tls
06:31:49 I - mq
06:32:16 I - db
06:32:30 W W2003 queue
06:32:51 I - db
06:33:23 I - mq
06:33:34 I - cpu
06:33:53 I - pay
06:34:06 I - queue
06:34:40 I - pay
06:34:58 I - pay
06:35:04 I - mq
06:35:16 W W2033 io
06:35:31 I - db
06:35:47 I - disk
06:35:57 I - queue
06:36:18 I - io
06:36:32 I - queue
06:36:57 I - dns
06:37:04 I - db
06:37:10 I - mq
06:37:44 I - cache
06:37:53 I - cache
06:38:08 I - queue
06:38:17 I - io
06:38:44 I - cpu
06:39:13 I - disk
06:39:44 I - rpc
06:39:55 W W2014 disk
06:40:24 I - io
06:40:59 W W2027 tls
06:41:13 I - dns
06:41:41 I - tls
06:42:17 I - tls
06:42:29 E E1019 db
06:42:58 W W2027 mq
06:43:14 I - queue
06:43:32 I - rpc
06:43:55 I - RESTART
06:44:15 I - db
06:44:33 I - rpc
06:44:47 I - io
06:45:01 I - tls
06:45:15 I - cpu
06:45:35 I - mq
06:45:41 W W2033 mq
06:46:02 I - rpc
06:46:25 I - dns
06:46:45 I - disk
06:46:58 I - io
06:47:31 I - pay
06:47:41 I - io
06:48:00 I - cache
06:48:32 W W2014 auth
06:48:53 I - pay
06:49:22 I - queue
06:49:29 I - auth
06:50:03 I - cache
06:50:20 E E1023 tls
06:50:35 I - tls
06:50:59 I - db
06:51:14 I - io
06:51:42 I - pay
06:51:51 I - mq
06:52:16 I - db
06:52:47 W W2009 cache
06:53:22 I - tls
06:53:32 I - pay
06:53:45 I - mq
06:54:20 I - RESTART
06:54:34 I - cache
06:55:02 I - pay
06:55:34 I - queue
06:55:56 I - disk
06:56:16 I - io
06:56:28 I - dns
06:56:47 I - cache
06:57:02 I - dns
06:57:37 I - pay
06:58:05 W W2033 io
06:58:25 I - rpc
06:58:33 I - cpu
06:58:39 I - dns
06:59:14 I - mq
06:59:23 I - cpu
06:59:31 I - tls
06:59:58 I - tls
07:00:21 I - mq
07:00:50 I - rpc
07:01:03 I - dns
07:01:10 I - tls
07:01:29 I - tls
07:01:38 I - dns
07:02:00 I - db
07:02:20 I - dns
07:02:45 I - db
07:03:11 I - cache
07:03:30 I - tls
07:03:43 I - dns
07:03:55 I - cpu
07:04:10 I - mq
07:04:41 E E1007 cache
07:05:10 I - pay
07:05:31 I - queue
07:05:48 I - cpu
07:06:22 I - cache
07:06:35 I - disk
07:06:44 I - disk
07:06:52 I - cache
07:07:02 I - disk
07:07:38 I - pay
07:07:53 I - dns
07:08:00 I - pay
07:08:23 I - queue
07:08:30 I - mq
07:08:44 W W2003 queue
07:09:01 I - cache
07:09:16 I - cache
07:09:42 I - rpc
07:09:59 I - tls
07:10:07 I - auth
07:10:29 E E1023 dns
07:10:42 I - queue
07:10:51 I - io
07:11:14 I - tls
07:11:30 I - db
07:11:40 I - disk
07:11:50 I - cache
07:12:15 I - disk
07:12:29 I - rpc
07:12:56 I - pay
07:13:11 I - tls
07:13:39 I - db
07:14:15 I - io
07:14:42 I - rpc
07:15:08 I - pay
07:15:19 I - io
07:15:44 I - queue
07:15:57 E E1001 disk
07:16:09 I - dns
07:16:33 I - cpu
07:16:48 I - io
07:17:09 W W2027 tls
07:17:45 I - queue
07:17:55 I - pay
07:18:29 I - cpu
07:18:57 I - cpu
07:19:25 I - queue
07:19:52 I - pay
07:20:21 I - tls
07:20:28 I - queue
07:20:59 I - mq
07:21:20 I - queue
07:21:31 I - tls
07:21:59 I - queue
07:22:35 I - pay
07:23:11 I - dns
07:23:47 I - cpu
07:23:57 I - mq
07:24:04 I - disk
07:24:33 I - io
07:24:47 I - dns
07:24:53 I - auth
07:25:00 I - mq
07:25:29 I - tls
07:25:39 E E1012 pay
07:25:59 I - mq
07:26:24 I - dns
07:26:56 I - pay
07:27:22 W W2003 cache
07:27:57 I - rpc
07:28:26 I - cpu
07:28:55 W W2033 mq
07:29:09 I - mq
07:29:35 I - auth
07:29:48 I - auth
07:30:16 I - cache
07:30:44 I - mq
07:31:00 I - disk
07:31:06 I - cache
07:31:20 I - tls
07:31:45 I - cache
07:31:55 E E1031 cpu
07:32:06 I - rpc
07:32:29 I - io
07:32:45 I - cache
07:33:01 I - mq
07:33:33 I - tls
07:34:09 I - cpu
07:34:25 I - mq
07:34:58 I - tls
07:35:09 I - pay
07:35:31 I - db
07:35:38 I - rpc
07:36:12 W W2033 rpc
07:36:32 W W2014 cpu
07:37:07 W W2009 disk
07:37:15 I - disk
07:37:42 I - db
07:37:51 I - pay
07:38:01 I - cpu
07:38:14 E E1052 cpu
07:38:42 I - io
07:39:13 I - cache
07:39:21 I - mq
07:39:41 I - auth
07:39:53 I - cache
07:40:05 I - db
07:40:13 I - rpc
07:40:19 I - cache
07:40:29 I - dns
07:40:47 I - disk
07:41:11 I - db
07:41:28 I - mq
07:41:44 I - db
07:41:55 I - mq
07:42:03 I - queue
07:42:14 I - queue
07:42:42 I - pay
07:42:56 W W2033 tls
07:43:24 W W2014 dns
07:43:59 I - cache
07:44:14 I - queue
07:44:26 I - queue
07:44:47 I - mq
07:45:15 I - tls
07:45:41 I - cpu
07:45:48 W W2027 db
07:46:21 I - dns
07:46:29 I - disk
07:47:04 I - io
07:47:21 I - rpc
07:47:28 W W2009 cache
07:47:34 I - mq
07:47:57 I - dns
07:48:06 W W2009 tls
07:48:22 I - tls
07:48:49 I - disk
07:48:58 I - cache
07:49:32 E E1012 rpc
07:49:50 I - db
07:50:13 I - rpc
07:50:46 I - mq
07:50:55 E E1001 cache
07:51:03 I - auth
07:51:26 I - rpc
07:51:37 I - auth
07:52:07 I - auth
07:52:30 I - pay
07:52:49 E E1007 dns
07:53:25 I - db
07:53:50 I - dns
07:54:20 I - rpc
07:54:49 E E1012 pay
07:55:23 W W2009 mq
07:55:33 I - rpc
07:55:54 I - auth
07:56:09 I - pay
07:56:40 I - dns
07:56:46 I - queue
07:57:00 I - db
07:57:32 I - tls
07:57:51 I - mq
07:58:09 W W2014 tls
07:58:36 I - pay
07:58:43 W W2003 dns
07:58:58 I - disk
07:59:23 I - auth
07:59:29 I - cache
08:00:02 I - cache
08:00:20 I - disk
08:00:42 I - RESTART
08:01:04 I - tls
08:01:28 I - pay
08:01:54 I - disk
08:02:30 I - db
08:02:38 I - tls
08:02:51 I - cpu
08:03:02 E E1023 auth
08:03:11 I - queue
08:03:47 I - tls
08:03:58 I - pay
08:04:30 I - queue
08:04:57 I - cpu
08:05:11 I - db
08:05:44 I - tls
08:06:14 I - disk
08:06:35 I - mq
08:06:50 I - db
08:06:59 I - auth
08:07:34 I - disk
08:07:50 I - mq
08:07:56 I - io
08:08:11 I - io
08:08:34 E E1001 tls
08:09:04 I - cache
08:09:38 I - io
08:10:11 I - rpc
08:10:46 I - rpc
08:11:20 I - auth
08:11:45 I - rpc
08:12:05 I - cpu
08:12:38 W W2033 io
08:13:04 I - rpc
08:13:23 I - RESTART
08:13:54 I - mq
08:14:29 I - queue
08:14:37 I - mq
08:14:59 I - auth
08:15:17 I - disk
08:15:52 W W2033 cpu
08:16:23 I - queue
08:16:29 I - cpu
08:16:41 I - auth
08:16:53 W W2033 queue
08:17:22 W W2014 mq
08:17:38 I - cpu
08:17:55 I - cache
08:18:24 W W2009 auth
08:19:00 E E1095 pay
08:19:19 I - dns
08:19:31 I - rpc
08:19:48 I - io
08:20:16 I - cache
08:20:36 I - mq
08:21:03 I - rpc
08:21:23 I - cache
08:21:51 I - io
08:22:22 E E1023 queue
08:22:34 I - db
08:22:57 I - io
08:23:31 I - pay
08:23:37 I - auth
08:24:13 I - rpc
08:24:20 I - db
08:24:54 I - rpc
08:25:02 I - auth
08:25:13 I - queue
08:25:22 W W2003 cpu
08:25:31 W W2014 dns
08:25:43 I - auth
08:26:13 I - cache
08:26:24 W W2009 cache
08:26:41 E E1019 tls
08:27:01 I - dns
08:27:36 I - pay
08:27:49 I - auth
08:28:09 I - tls
08:28:37 I - io
08:28:44 I - auth
08:29:13 I - db
08:29:24 I - disk
08:29:56 I - pay
08:30:14 I - cache
08:30:33 I - queue
08:30:55 I - cpu
08:31:29 I - cpu
08:31:47 I - mq
08:32:08 I - mq
08:32:32 I - io
08:32:55 I - auth
08:33:22 I - db
08:33:29 I - queue
08:33:40 I - queue
08:34:16 I - dns
08:34:45 I - mq
08:35:20 I - RESTART
08:35:29 E E1001 pay
08:35:45 I - disk
08:35:51 I - db
08:36:14 I - cache
08:36:35 I - cpu
08:37:05 W W2014 rpc
08:37:11 I - pay
08:37:39 I - dns
08:37:51 W W2009 dns
08:38:27 I - pay
08:38:53 I - dns
08:39:04 W W2027 disk
08:39:33 I - cache
08:39:41 I - disk
08:39:51 I - cache
08:40:09 I - mq
08:40:38 I - cache
08:40:58 I - io
08:41:09 I - cache
08:41:42 I - queue
08:42:06 W W2014 mq
08:42:40 I - db
08:42:51 I - dns
08:43:13 I - disk
08:43:19 W W2027 auth
08:43:37 I - rpc
08:44:04 I - rpc
08:44:21 I - cache
08:44:37 I - mq
08:44:57 I - rpc
08:45:07 I - cache
08:45:15 I - auth
08:45:45 I - rpc
08:45:56 W W2003 pay
08:46:18 W W2027 tls
08:46:44 I - auth
08:47:14 I - io
08:47:30 I - mq
08:47:43 I - db
08:48:09 I - db
08:48:21 I - auth
08:48:46 I - disk
08:49:07 I - db
08:49:37 I - cpu
08:50:00 I - queue
08:50:12 W W2014 db
08:50:28 I - disk
08:51:03 I - mq
08:51:32 I - cpu
08:51:42 I - tls
08:51:55 I - tls
08:52:16 I - rpc
08:52:36 I - pay
08:53:10 W W2033 rpc
08:53:33 I - cpu
08:53:55 I - cache
08:54:12 W W2014 queue
08:54:37 I - io
08:54:52 I - rpc
08:55:02 I - mq
08:55:19 I - queue
08:55:34 I - pay
08:55:52 I - cpu
08:56:26 I - tls
08:56:45 I - auth
08:57:18 I - pay
08:57:27 E E1095 queue
08:57:41 I - db
08:58:16 I - io
08:58:46 W W2027 db
08:58:57 W W2027 auth
08:59:18 I - tls
08:59:41 I - queue
09:00:07 I - io
09:00:24 I - disk
09:00:38 I - cache
09:00:50 I - cpu
09:01:24 I - cpu
09:01:52 I - queue
09:02:07 W W2033 db
09:02:43 I - tls
09:02:51 I - tls
09:02:57 W W2033 disk
09:03:14 I - queue
09:03:38 I - cpu
09:04:04 I - dns
09:04:11 I - queue
09:04:17 W W2014 disk
09:04:29 I - cpu
09:04:59 I - cache
09:05:19 E E1007 cpu
09:05:26 I - dns
09:05:51 I - io
09:05:58 I - dns
09:06:24 I - db
09:07:00 I - cpu
09:07:09 E E1019 cache
09:07:24 I - disk
09:07:47 I - dns
09:08:14 I - disk
09:08:26 I - io
09:08:39 I - tls
09:08:56 W W2009 dns
09:09:04 I - auth
09:09:30 I - auth
09:10:01 I - rpc
09:10:08 I - db
09:10:14 I - queue
09:10:36 I - dns
09:10:48 I - io
09:10:59 I - disk
09:11:20 I - rpc
09:11:56 I - cache
09:12:31 I - dns
09:13:01 E E1007 rpc
09:13:35 W W2033 io
09:13:55 I - db
09:14:07 I - dns
09:14:32 I - cpu
09:14:57 I - auth
09:15:23 I - cpu
09:15:46 I - pay
09:16:07 I - tls
09:16:24 W W2009 rpc
09:16:43 I - cpu
09:17:06 I - io
09:17:42 I - cpu
09:17:57 I - cache
09:18:09 W W2014 disk
09:18:42 I - db
09:19:06 I - pay
09:19:29 I - tls
09:20:04 I - queue
09:20:29 I - queue
09:20:51 W W2003 db
09:21:27 W W2027 disk
09:21:38 W W2009 mq
09:21:49 I - db
09:22:20 I - disk
09:22:51 I - cpu
09:23:10 W W2033 tls
09:23:43 E E1007 dns
09:24:03 I - dns
09:24:25 I - auth
09:24:55 I - cache
09:25:23 I - mq
09:25:49 W W2033 db
09:26:09 I - pay
09:26:29 I - mq
09:26:40 I - queue
09:27:04 I - rpc
09:27:15 I - tls
09:27:45 I - RESTART
09:28:06 I - mq
09:28:36 I - queue
09:28:47 I - rpc
09:29:17 I - pay
09:29:45 I - io
09:30:08 I - rpc
09:30:32 I - cpu
09:30:58 I - rpc
09:31:27 I - cache
09:31:50 I - mq
09:32:18 I - db
09:32:51 I - tls
09:33:17 I - auth
09:33:23 I - queue
09:33:31 I - cpu
09:33:40 I - queue
09:34:12 I - io
09:34:24 W W2003 tls
09:34:59 I - disk
09:35:28 I - tls
09:35:45 W W2009 io
09:35:59 I - cache
09:36:12 I - io
09:36:47 I - db
09:37:03 W W2027 db
09:37:21 I - io
09:37:41 I - db
09:38:03 I - mq
09:38:36 I - io
09:38:42 I - mq
09:39:16 I - io
09:39:52 I - pay
09:40:19 I - db
09:40:42 I - mq
09:40:57 I - disk
09:41:28 W W2014 dns
09:42:03 W W2009 dns
09:42:26 I - mq
09:42:48 I - db
09:43:00 I - cpu
09:43:20 I - disk
09:56:09 I - disk
09:56:44 I - cpu
09:56:51 I - disk
09:57:21 I - tls
09:57:32 I - dns
09:57:44 I - auth
09:57:50 I - tls
09:57:57 I - io
09:58:22 I - cpu
09:58:51 I - rpc
09:58:59 I - io
09:59:20 I - mq
09:59:31 I - rpc
10:00:06 I - queue
10:00:32 I - cache
10:00:40 I - pay
10:00:51 I - disk
10:01:13 I - auth
10:01:24 I - tls
10:01:54 I - auth
10:02:20 I - rpc
10:02:43 I - dns
10:02:55 I - rpc
10:03:07 E E1052 io
10:03:31 I - db
10:03:49 I - auth
10:04:06 I - io
10:04:23 I - queue
10:04:50 I - io
10:05:19 I - disk
10:05:46 W W2009 auth
10:06:03 W W2027 dns
10:06:21 I - dns
10:06:32 W W2009 mq
10:06:57 I - cpu
10:07:09 W W2033 queue
10:07:44 I - cpu
10:08:03 I - queue
10:08:14 E E1012 mq
10:08:20 I - io
10:08:31 I - io
10:08:45 I - dns
10:09:06 I - disk
10:09:23 I - disk
10:09:43 I - disk
10:10:04 I - pay
10:10:19 I - db
10:10:44 I - rpc
10:11:07 I - disk
10:11:32 I - rpc
10:11:51 I - cpu
10:12:13 I - dns
10:12:24 E E1001 tls
10:12:30 I - tls
10:12:44 I - rpc
10:13:01 E E1001 rpc
10:13:08 I - mq
10:13:38 W W2027 dns
10:14:03 I - disk
10:14:30 W W2033 cache
10:14:55 I - auth
10:15:14 I - io
10:15:27 I - queue
10:15:44 I - db
10:15:54 I - auth
10:16:01 I - mq
10:16:18 I - io
10:16:43 I - dns
10:16:50 I - RESTART
10:17:04 I - disk
10:17:39 W W2027 db
10:17:54 I - dns
10:18:17 I - tls
10:18:35 I - rpc
10:18:54 I - auth
10:19:20 E E1001 disk
10:19:51 I - disk
10:20:27 I - cpu
10:21:03 I - tls
10:21:32 I - pay
10:21:44 I - mq
10:22:13 E E1012 pay
10:22:48 I - pay
10:23:00 I - rpc
10:23:07 I - cache
10:23:41 I - auth
10:23:55 I - disk
10:24:07 I - dns
10:24:14 I - pay
10:24:28 I - cpu
10:24:34 W W2003 disk
10:24:42 I - queue
10:25:10 I - auth
10:25:18 I - db
10:25:27 I - dns
10:25:45 W W2033 cache
10:26:04 I - mq
10:26:21 I - dns
10:26:50 E E1001 disk
10:27:01 I - cpu
10:27:14 I - auth
10:27:25 I - queue
10:27:36 I - rpc
10:28:01 I - db
10:28:13 I - dns
10:28:38 I - tls
10:28:44 I - rpc
10:29:17 I - io
10:29:39 I - cache
10:30:05 E E1012 pay
10:30:40 W W2009 auth
10:31:07 I - cache
10:31:21 I - queue
10:31:41 I - cpu
10:31:53 E E1044 disk
10:32:11 I - rpc
10:32:20 I - RESTART
10:32:39 I - queue
10:33:09 I - cache
10:33:21 I - tls
10:33:46 I - cpu
10:34:08 I - rpc
10:34:20 I - disk
10:34:37 I - db
10:34:58 I - dns
10:35:34 I - pay
10:36:01 I - cache
10:36:10 I - mq
10:36:21 I - mq
10:36:29 I - io
10:37:03 I - cache
10:37:20 I - rpc
10:37:30 I - io
10:37:43 W W2027 cache
10:37:50 I - cpu
10:37:59 I - cpu
10:38:35 I - RESTART
10:38:53 W W2003 mq
10:39:26 I - disk
10:39:53 E E1095 db
10:40:24 I - queue
10:40:34 I - queue
10:40:43 I - auth
10:40:51 E E1001 cpu
10:41:27 I - disk
10:41:53 I - db
10:42:13 I - dns
10:42:25 I - tls
10:42:47 I - auth
10:43:14 I - pay
10:43:21 W W2003 disk
10:43:39 I - cache
10:43:48 I - io
10:43:57 I - rpc
10:44:13 I - RESTART
10:44:33 I - dns
10:44:42 I - cpu
10:44:52 I - auth
10:45:02 I - dns
10:45:09 W W2009 dns
10:45:31 I - rpc
10:46:00 I - mq
10:46:18 I - auth
10:46:41 I - dns
10:47:08 I - io
10:47:18 I - queue
10:47:25 I - cpu
10:47:59 I - cache
10:48:20 I - mq
10:48:27 I - auth
10:48:48 I - io
10:49:02 I - io
10:49:25 I - cache
10:49:37 I - io
10:49:58 I - rpc
10:50:19 I - cache
10:50:39 I - cache
10:50:52 I - cpu
10:51:26 I - db
10:51:37 I - disk
