# clock=epoch-utc
1773482408 I - auth
1773482442 I - cache
1773482466 I - cache
1773482490 I - pay
1773482523 I - rpc
1773482543 I - dns
1773482564 I - auth
1773482590 I - dns
1773482602 I - disk
1773482630 I - dns
1773482636 I - auth
1773482655 W W2033 dns
1773482676 I - cpu
1773482706 I - io
1773482719 I - io
1773482742 I - tls
1773482759 I - rpc
1773482783 W W2033 rpc
1773482798 I - auth
1773482814 I - mq
1773482841 I - cpu
1773482871 I - auth
1773482887 I - disk
1773482909 I - mq
1773482915 I - dns
1773482948 I - tls
1773482959 I - auth
1773482969 W W2003 rpc
1773482989 I - pay
1773483019 I - mq
1773483051 I - dns
1773483062 I - disk
1773483073 I - disk
1773483096 E E1023 io
1773483107 I - db
1773483131 I - db
1773483160 I - queue
1773483178 I - cache
1773483191 I - pay
1773483222 W W2009 cpu
1773483228 I - db
1773483247 I - cpu
1773483254 E E1001 io
1773483285 I - mq
1773483315 I - cpu
1773483342 I - disk
1773483350 I - disk
1773483381 I - rpc
1773483400 I - queue
1773483417 I - queue
1773483439 I - cache
1773483475 I - dns
1773483504 E E1001 disk
1773483536 I - auth
1773483563 I - cpu
1773483589 I - io
1773483603 W W2027 tls
1773483628 I - cpu
1773483636 I - dns
1773483643 I - mq
1773483676 W W2009 mq
1773483701 I - auth
1773483730 W W2003 tls
1773483744 I - auth
1773483774 I - db
1773483798 I - auth
1773483832 I - disk
1773483846 I - io
1773483853 E E1019 tls
1773483878 I - dns
1773483893 I - cpu
1773483925 I - cache
1773483955 E E1012 db
1773483987 I - cpu
1773484015 I - db
1773484042 I - dns
1773484073 I - cpu
1773484095 I - dns
1773484119 I - mq
1773484148 I - rpc
1773484169 I - dns
1773484199 I - pay
1773484208 E E1044 io
1773484228 I - auth
1773484254 I - mq
1773484269 I - cpu
1773484284 I - dns
1773484314 I - mq
1773484338 I - queue
1773484366 I - pay
1773484397 I - tls
1773484420 I - io
1773484439 I - io
1773484458 I - pay
1773484484 I - mq
1773484509 E E1001 io
1773484543 I - disk
1773484568 I - disk
1773484579 I - pay
1773484597 I - io
1773484604 I - rpc
1773484632 I - queue
1773484664 W W2003 disk
1773484700 I - tls
1773484713 W W2014 auth
1773484733 I - disk
1773484756 I - dns
1773484789 I - db
1773484800 I - disk
1773484829 I - io
1773484863 W W2009 mq
1773484878 I - db
1773484898 I - auth
1773484924 I - db
1773484934 I - io
1773484960 I - db
1773484995 W W2014 auth
1773485007 I - io
1773485015 E E1019 cpu
1773485036 I - auth
1773485044 I - pay
1773485068 I - mq
1773485077 I - disk
1773485102 I - auth
1773485112 I - cpu
1773485131 I - io
1773485160 I - dns
1773485196 I - io
1773485217 I - tls
1773485224 I - dns
1773485247 I - dns
1773485279 E E1044 dns
1773485290 I - io
1773485311 E E1001 cache
1773485345 I - cpu
1773485358 I - mq
1773485370 I - RESTART
1773485385 I - disk
1773485417 I - rpc
1773485451 I - disk
1773485481 I - queue
1773485509 I - mq
1773485519 I - disk
1773485540 I - auth
1773485570 I - pay
1773485590 I - cache
1773485618 I - rpc
1773485648 I - pay
1773485674 I - disk
1773485708 I - db
1773485734 I - queue
1773485742 I - disk
1773485767 I - cpu
1773485792 E E1001 mq
1773485812 W W2009 tls
1773485834 I - io
1773485842 I - cpu
1773485854 W W2003 disk
1773485870 I - auth
1773485876 I - cache
1773485899 E E1007 cpu
1773485918 I - dns
1773485928 I - queue
1773485939 E E1001 dns
1773485960 I - queue
1773485979 I - cache
1773485997 I - db
1773486022 I - cpu
1773486034 I - db
1773486053 I - dns
1773486068 I - auth
1773486098 I - dns
1773486112 I - io
1773486119 I - dns
1773486143 I - pay
1773486169 I - dns
1773486181 I - auth
1773486208 I - pay
1773486224 I - disk
1773486234 I - mq
1773486242 W W2009 dns
1773486258 I - db
1773486275 W W2003 disk
1773486309 I - mq
1773486344 W W2033 db
1773486365 I - pay
1773486398 I - rpc
1773486433 W W2003 dns
1773486445 I - mq
1773486451 I - mq
1773486472 I - cpu
1773486483 I - dns
1773486501 I - RESTART
1773486519 I - cache
1773486530 I - db
1773486546 I - auth
1773486578 I - disk
1773486606 I - disk
1773486629 I - mq
1773486651 I - mq
1773486667 I - queue
1773486703 I - rpc
1773486724 I - io
1773486760 I - tls
1773486796 I - cpu
1773486810 E E1001 io
1773486837 I - auth
1773486852 I - pay
1773486861 I - disk
1773486889 I - io
1773486907 W W2009 disk
1773486916 I - queue
1773486931 W W2033 disk
1773486960 I - db
1773486966 I - io
1773487000 I - dns
1773487006 I - pay
1773487032 I - db
1773487055 I - disk
1773487090 I - auth
1773487106 I - rpc
1773487140 I - cache
1773487171 I - io
1773487177 I - io
1773487188 I - rpc
1773487210 I - cpu
1773487220 W W2009 queue
1773487245 I - tls
1773487269 I - pay
1773487305 I - RESTART
1773487334 I - db
1773487359 I - pay
1773487392 I - pay
1773487419 I - queue
1773487425 W W2027 rpc
1773487453 I - tls
1773487481 I - tls
1773487508 I - io
1773487542 I - pay
1773487576 I - rpc
1773487603 I - mq
1773487609 I - queue
1773487629 W W2033 auth
1773487637 I - io
1773487659 I - RESTART
1773487671 W W2027 disk
1773487707 I - dns
1773487732 I - db
1773487766 I - auth
1773487790 W W2003 dns
1773487801 I - queue
1773487826 I - cpu
1773487849 I - auth
1773487881 W W2014 mq
1773487909 I - auth
1773487915 I - cpu
1773487934 I - disk
1773487944 I - queue
1773487974 I - io
1773487993 I - cache
1773487999 E E1019 tls
1773488030 I - rpc
1773488065 I - queue
1773488093 I - cpu
1773488100 E E1019 rpc
1773488136 I - cpu
1773488148 I - pay
1773488184 I - cache
1773488200 I - cpu
1773488214 W W2033 queue
1773488242 W W2027 tls
1773488261 I - auth
1773488276 I - io
1773488296 I - queue
1773488325 I - io
1773488351 I - rpc
1773488378 I - tls
1773488410 I - auth
1773488426 I - cpu
1773488448 I - mq
1773488484 I - pay
1773488514 I - disk
1773488531 I - io
1773488567 E E1007 queue
1773488593 W W2033 io
1773488603 E E1052 queue
1773488617 I - disk
1773488637 I - rpc
1773488655 I - db
1773488684 I - cpu
1773488711 I - io
1773488719 W W2009 dns
1773488727 I - db
1773488760 I - mq
1773488796 W W2027 tls
1773488825 E E1044 disk
1773488848 I - queue
1773488854 I - cpu
1773488869 I - queue
1773488882 E E1012 pay
1773488888 I - auth
1773488914 I - pay
1773488927 I - rpc
1773488957 I - auth
1773488992 I - dns
1773489011 I - io
1773489032 I - queue
1773489045 I - pay
1773489062 I - disk
1773489087 I - pay
1773489107 I - dns
1773489123 I - cache
1773489130 I - auth
1773489161 E E1044 db
1773489173 W W2014 pay
1773489187 I - RESTART
1773489198 I - cpu
1773489208 I - dns
1773489225 I - auth
1773489257 I - io
1773489276 E E1070 pay
1773489310 I - rpc
1773489343 I - cpu
1773489363 I - mq
1773489375 I - dns
1773489381 I - cache
1773489410 I - dns
1773489445 I - dns
1773489469 I - db
1773489476 W W2027 cache
1773489500 E E1019 pay
1773489531 I - db
1773489561 I - mq
1773489581 I - tls
1773489596 I - pay
1773489604 I - cache
1773489623 I - tls
1773489641 I - auth
1773489652 I - tls
1773489661 I - rpc
1773489668 I - tls
1773489695 I - cpu
1773489704 W W2009 queue
1773489714 I - queue
1773489743 W W2003 dns
1773489758 W W2033 queue
1773489777 I - tls
1773489796 I - mq
1773489815 I - cpu
1773489828 I - queue
1773489859 I - dns
1773489866 I - dns
1773489885 I - tls
1773489897 I - RESTART
1773489910 I - io
1773489935 I - rpc
1773489955 W W2009 rpc
1773489988 I - rpc
1773490020 W W2009 queue
1773490030 I - db
1773490046 I - rpc
1773490082 I - queue
1773490111 I - RESTART
1773490117 W W2027 auth
1773490149 W W2009 pay
1773490179 I - io
1773490192 I - db
1773490215 I - queue
1773490244 E E1088 cpu
1773490263 I - auth
1773490270 I - rpc
1773490303 I - dns
1773490317 E E1001 rpc
1773490325 I - cpu
1773490341 I - queue
1773490374 E E1001 io
1773490385 I - mq
1773490405 E E1001 pay
1773490426 I - io
1773490462 I - mq
1773490489 I - queue
1773490524 I - tls
1773490541 I - cache
1773490561 I - queue
1773490593 I - io
1773490601 I - mq
1773490628 I - tls
1773490663 W W2027 io
1773490688 I - mq
1773490707 I - cache
1773490723 I - cpu
1773490730 I - pay
1773490761 I - queue
1773490793 I - io
1773490826 E E1001 dns
1773490832 I - queue
1773490843 I - mq
1773490879 I - queue
1773490896 I - mq
1773490914 I - db
1773490940 I - db
1773490961 I - tls
1773490982 W W2009 disk
1773491003 W W2014 tls
1773491015 I - cpu
1773491034 W W2009 io
1773491047 I - mq
1773491078 I - queue
1773491091 I - cpu
1773491119 I - disk
1773491135 I - cpu
1773491148 I - pay
1773491182 I - db
1773491192 I - auth
1773491218 I - pay
1773491246 I - cpu
1773491263 W W2009 rpc
1773491277 I - queue
1773491310 I - auth
1773491332 I - tls
1773491347 I - cache
1773491378 E E1019 dns
1773491393 E E1001 auth
1773491407 I - auth
1773491415 W W2003 disk
1773491429 W W2009 tls
1773491444 I - disk
1773491479 I - tls
1773491498 I - mq
1773491506 I - cache
1773491512 I - mq
1773491540 I - db
1773491561 E E1031 cache
1773491572 I - tls
1773491588 I - dns
1773491597 I - cache
1773491608 I - tls
1773491622 I - dns
1773491656 I - rpc
1773491683 I - mq
1773491709 I - mq
1773491724 I - pay
1773491730 W W2003 db
1773491758 W W2009 db
1773491777 I - queue
1773491800 I - dns
1773491806 I - cache
1773491829 W W2003 io
1773491865 I - rpc
1773491898 I - pay
1773491932 I - db
1773491953 I - tls
1773491989 I - dns
1773492015 I - dns
1773492024 I - cache
1773492030 E E1001 pay
1773492054 I - cpu
1773492060 W W2003 tls
1773492096 I - db
1773492121 W W2014 dns
1773492148 W W2003 rpc
1773492170 I - io
1773492195 W W2009 pay
1773492207 I - db
1773492235 I - tls
1773492247 I - tls
1773492253 I - tls
1773492286 I - io
1773492315 I - rpc
1773492340 I - auth
1773492372 I - auth
1773492389 I - disk
1773492404 I - pay
1773492415 I - io
1773492428 I - io
1773492458 I - cpu
1773492477 E E1007 io
1773492498 I - dns
1773492515 I - cache
1773492550 I - cpu
1773492568 I - rpc
1773492589 I - mq
1773492614 I - io
1773492620 I - tls
1773492652 I - queue
1773492658 I - mq
1773492689 W W2033 pay
1773492712 I - pay
1773492735 I - auth
1773492748 W W2009 disk
1773492771 I - io
1773492803 I - db
1773492827 I - dns
1773492861 I - pay
1773492887 W W2033 rpc
1773492908 E E1023 mq
1773492943 I - queue
1773492955 I - cache
1773492964 I - mq
1773492972 I - cpu
1773493908 I - cache
1773493915 I - rpc
1773493933 W W2014 cpu
1773493948 W W2014 tls
1773493983 I - mq
1773493995 E E1001 auth
1773494030 I - mq
1773494039 I - rpc
1773494066 E E1012 disk
1773494089 I - auth
1773494104 I - queue
1773494116 I - rpc
1773494145 I - cache
1773494160 I - disk
1773494194 I - cache
1773494217 I - disk
1773494228 I - rpc
1773494242 E E1001 dns
1773494266 E E1023 dns
1773494277 I - db
1773494287 I - auth
1773494300 I - auth
1773494316 E E1023 io
1773494338 I - cpu
1773494348 I - db
1773494355 I - dns
1773494374 E E1019 io
1773494395 I - tls
1773494405 I - pay
1773494416 I - rpc
1773494423 I - disk
1773494437 I - rpc
1773494452 I - db
1773494467 W W2027 queue
1773494479 I - RESTART
1773494499 I - disk
1773494511 I - pay
1773494522 I - tls
1773494553 I - cache
1773494587 I - queue
1773494618 I - rpc
1773494640 I - dns
1773494671 I - rpc
1773494679 W W2003 db
1773494708 I - queue
1773494728 I - tls
1773494747 I - db
1773494767 I - mq
1773494794 I - rpc
1773494811 I - cache
1773494827 E E1019 disk
1773494850 E E1031 mq
1773494867 I - db
1773494875 I - db
1773494902 I - db
1773494921 W W2033 tls
1773494941 I - queue
1773494950 I - cache
1773494977 I - rpc
1773494987 I - tls
1773494993 W W2027 tls
1773495020 I - disk
1773495048 I - cache
1773495083 I - io
1773495090 I - queue
1773495109 I - disk
1773495143 I - queue
1773495174 I - cpu
1773495181 I - dns
1773495206 I - pay
1773495212 I - io
1773495224 I - cpu
1773495254 I - tls
1773495270 I - db
1773495295 I - cache
1773495326 I - rpc
1773495362 I - tls
1773495377 I - dns
1773495406 I - db
1773495430 I - db
1773495450 I - cache
1773495472 I - rpc
1773495498 I - pay
1773495504 I - auth
1773495513 E E1001 mq
1773495523 E E1001 tls
1773495554 I - cache
1773495572 I - rpc
1773495587 I - tls
1773495605 I - pay
1773495615 I - cpu
1773495647 I - pay
1773495670 I - auth
1773495687 I - auth
1773495710 I - tls
1773495744 I - tls
1773495764 I - rpc
1773495774 I - io
1773495806 I - disk
1773495833 I - cache
1773495843 I - dns
1773495854 I - auth
1773495888 I - io
1773495915 I - pay
1773495929 I - dns
1773495961 I - pay
1773495997 I - mq
1773496008 W W2027 tls
1773496022 W W2003 cpu
1773496028 I - tls
1773496036 I - rpc
1773496042 E E1095 tls
1773496072 I - db
1773496101 I - auth
1773496133 I - rpc
1773496151 I - pay
1773496162 I - db
1773496192 I - cache
1773496214 I - auth
1773496227 I - cache
1773496263 I - cpu
1773496290 W W2003 dns
1773496313 I - dns
1773496348 I - tls
1773496382 E E1007 disk
1773496394 I - auth
1773496410 I - queue
1773496429 I - dns
1773496452 I - io
1773496460 I - cpu
1773496495 I - cache
1773496503 I - mq
1773496510 I - auth
1773496517 I - auth
1773496537 I - mq
1773496547 I - pay
1773496580 I - queue
1773496600 I - rpc
1773496616 I - disk
1773496647 I - io
1773496659 I - cache
1773496681 I - disk
1773496711 I - disk
1773496725 I - db
1773496746 I - cache
1773496757 W W2009 mq
1773496785 W W2009 queue
1773496818 W W2027 mq
1773496827 I - queue
1773496851 I - queue
1773496869 I - disk
1773496878 I - dns
1773496902 I - cache
1773496934 I - db
1773496941 I - db
1773496969 W W2027 dns
1773496977 I - io
1773496990 E E1095 db
1773497016 I - disk
1773497030 I - tls
1773497040 I - auth
1773497064 I - pay
1773497077 I - rpc
1773497090 I - io
1773497112 I - disk
1773497138 I - io
1773497167 I - cpu
1773497203 I - io
1773497229 W W2014 cache
1773497249 I - cache
1773497257 I - cache
1773497280 I - disk
1773497288 I - rpc
1773497320 E E1070 queue
1773497348 I - queue
1773497382 I - disk
1773497390 W W2003 io
1773497413 I - rpc
1773497444 I - rpc
1773497463 I - queue
1773497473 I - db
1773497499 I - db
1773497523 I - auth
1773497551 I - disk
1773497575 I - auth
1773497583 E E1061 queue
1773497601 I - io
1773497631 I - io
1773497665 I - pay
1773497687 I - dns
1773497718 I - mq
1773497730 I - io
1773497740 I - mq
1773497747 I - dns
1773497782 I - disk
1773497792 I - dns
1773497820 I - io
1773497838 I - cache
1773497850 I - tls
1773497861 I - rpc
1773497872 E E1052 dns
1773497883 W W2033 queue
1773497900 I - auth
1773497917 W W2003 cpu
1773497923 I - db
1773497937 W W2027 queue
1773497944 I - mq
1773497950 I - pay
1773497966 I - cache
1773497998 I - mq
1773498006 I - mq
1773498019 I - queue
1773498048 I - queue
1773498062 I - rpc
1773498093 I - cache
1773498116 I - io
1773498130 I - pay
1773498147 I - queue
1773498166 W W2009 cache
1773498181 I - cache
1773498194 I - cache
1773498215 I - cpu
1773498221 W W2009 pay
1773498256 E E1007 dns
1773498268 I - dns
1773498288 I - rpc
1773498316 I - mq
1773498331 I - cpu
1773498362 I - auth
1773498379 I - cpu
1773498389 I - queue
1773498398 I - db
1773498414 I - queue
1773498425 I - queue
1773498460 I - disk
1773498477 I - mq
1773498483 I - tls
1773498519 I - cache
1773498533 I - mq
1773498539 I - cache
1773498572 E E1001 disk
1773498596 E E1001 dns
1773498610 W W2027 cpu
1773498640 I - db
1773498647 I - pay
1773498672 I - pay
1773498700 I - rpc
1773498711 I - pay
1773498742 I - io
1773498776 E E1001 cache
1773498801 I - queue
1773498827 I - mq
1773498857 I - cpu
1773498880 W W2027 mq
1773498908 I - cpu
1773498925 I - io
1773498942 I - auth
1773498952 I - io
1773498977 W W2033 mq
1773499000 I - auth
1773499020 I - queue
1773499033 I - io
1773499047 I - pay
1773499053 I - rpc
1773499069 E E1001 disk
1773499093 E E1001 pay
1773499118 I - tls
1773499132 I - db
1773499160 I - pay
1773499174 W W2003 pay
1773499198 I - disk
1773499207 I - RESTART
1773499238 I - cpu
1773499266 I - dns
1773499288 I - tls
1773499297 I - disk
1773499308 I - db
1773499323 I - disk
1773499353 I - disk
1773499381 I - cache
1773499397 I - cpu
1773499423 I - cpu
1773499445 I - io
1773499451 I - disk
1773499472 I - tls
1773499495 I - tls
1773499508 I - auth
1773499523 I - db
1773499556 W W2027 tls
1773499565 I - rpc
1773499582 I - disk
1773499616 I - auth
1773499627 I - pay
1773499645 I - disk
1773499659 I - db
1773499671 W W2009 rpc
1773499707 I - io
1773499734 I - queue
1773499752 I - cache
1773499765 I - io
1773499789 I - tls
1773499801 I - db
1773499824 I - queue
1773499838 I - rpc
1773499848 I - disk
1773499861 I - mq
1773499893 I - tls
1773499910 I - pay
1773499937 I - rpc
1773499956 I - disk
1773499981 I - dns
1773500004 I - mq
1773500028 I - cache
1773500055 I - RESTART
1773500065 I - cpu
1773500074 I - rpc
1773500089 I - db
1773500096 I - disk
1773500126 I - cache
1773500149 I - disk
1773500165 I - auth
1773500189 I - disk
1773500224 I - queue
1773500259 W W2009 cpu
1773500275 I - db
1773500285 I - cache
1773500315 I - RESTART
1773500350 I - queue
1773500375 I - dns
1773500384 I - auth
1773500400 I - pay
1773500412 I - pay
1773500440 E E1012 io
1773500472 I - auth
1773500491 I - io
1773500523 I - pay
1773500538 I - io
1773500571 I - cpu
1773500579 I - auth
1773500596 I - rpc
1773500630 I - cpu
1773500643 I - db
1773500675 W W2027 cache
1773500682 I - pay
1773500711 I - mq
1773500725 W W2027 pay
1773500737 I - cache
1773500771 I - cpu
1773500777 I - dns
1773500808 I - rpc
1773500823 I - db
1773500857 E E1031 io
1773500876 I - cache
1773500902 I - mq
1773500935 I - io
1773500941 I - auth
1773500973 I - pay
1773500986 I - auth
1773501005 I - pay
1773501034 I - cache
1773501067 W W2014 auth
1773501077 I - tls
1773501106 I - cache
1773501114 I - auth
1773501136 I - cache
1773501145 I - db
1773501176 I - cpu
1773501190 I - mq
1773501204 I - io
1773501237 I - dns
1773501260 I - cpu
1773501283 I - io
1773501293 I - mq
1773501300 I - disk
1773501322 I - queue
1773501356 I - queue
1773501365 I - db
1773501373 I - cache
1773501397 I - db
1773501417 I - mq
1773501424 E E1019 io
1773501452 I - pay
1773501485 I - tls
1773501492 I - rpc
1773501510 E E1007 pay
1773501537 I - auth
1773501555 I - auth
1773501576 I - cache
1773501585 I - mq
1773501591 I - queue
1773501619 I - mq
1773501627 I - dns
1773501635 I - mq
1773501668 I - auth
1773501685 E E1019 rpc
1773501710 I - auth
1773501730 I - disk
1773501750 I - cpu
1773501777 I - cpu
1773501793 I - cache
1773501809 I - dns
1773501817 W W2009 queue
1773501832 I - dns
1773501864 W W2009 db
1773501876 I - db
1773501884 I - db
1773501918 I - cpu
1773501947 I - cpu
1773501953 W W2009 disk
1773501970 I - rpc
1773502004 I - queue
1773502029 I - disk
1773502055 I - cpu
1773502069 W W2014 pay
1773502101 I - db
1773502129 I - auth
1773502151 I - tls
1773502185 I - mq
1773502217 I - tls
1773502245 I - mq
1773502274 E E1001 disk
1773502298 I - tls
1773502316 I - io
1773502335 I - tls
1773502365 I - pay
1773502395 W W2027 auth
1773502401 I - queue
1773502420 I - disk
1773502436 I - cache
1773502443 I - io
1773502475 I - cpu
1773502494 I - pay
1773502502 W W2009 cache
1773502511 I - disk
1773502521 I - tls
1773502538 I - queue
1773502547 I - auth
1773502566 I - auth
1773502591 I - rpc
1773502613 I - rpc
1773502630 I - auth
1773502645 I - db
1773502660 I - tls
1773502668 I - cpu
1773502686 I - cpu
1773502695 I - auth
1773502717 I - queue
1773502743 I - io
1773502763 I - tls
1773502794 I - dns
1773502821 I - rpc
1773502850 W W2003 pay
1773502880 I - cpu
1773502891 I - dns
1773502914 I - disk
1773502931 E E1019 disk
1773502951 I - pay
1773502960 I - cache
1773502975 I - auth
1773503002 W W2003 io
1773503017 I - cpu
1773503044 I - tls
1773503073 I - mq
1773503097 I - cpu
1773503111 I - auth
1773503146 W W2009 disk
1773503176 I - auth
1773503212 I - dns
1773503238 I - mq
1773503252 I - mq
1773503280 I - cache
1773503307 I - cpu
1773503322 W W2033 rpc
1773503328 I - tls
1773503337 I - rpc
1773503347 I - rpc
1773503357 E E1012 tls
1773503389 I - cpu
1773503403 I - disk
1773503417 I - rpc
1773503434 I - tls
1773503447 I - rpc
1773503480 W W2003 disk
1773503515 W W2027 pay
1773503542 I - mq
1773503555 I - db
1773503591 E E1012 dns
1773503611 I - disk
1773503631 I - queue
1773503653 I - auth
1773503660 I - pay
1773503679 I - queue
1773503691 I - dns
1773503699 W W2014 rpc
1773503720 I - disk
1773503756 I - pay
1773503768 I - mq
1773503795 I - queue
1773503820 I - mq
1773503854 I - cpu
