# tz=+01:00 date=2026-03-14
11:00:20 W W2027 auth
11:00:48 I - cpu
11:01:23 I - cpu
11:01:45 I - db
11:02:13 I - db
11:02:22 I - auth
11:02:58 I - disk
11:03:11 I - auth
11:03:41 E E1044 rpc
11:04:13 I - RESTART
11:04:32 I - db
11:04:54 W W2033 db
11:05:13 I - tls
11:05:41 W W2014 rpc
11:06:14 I - pay
11:06:38 I - io
11:07:03 I - auth
11:07:31 I - queue
11:07:43 I - dns
11:08:05 I - tls
11:08:28 I - dns
11:08:40 W W2033 disk
11:09:06 I - queue
11:09:35 W W2033 mq
11:09:45 W W2033 dns
11:10:09 I - cache
11:10:33 I - queue
11:10:49 I - dns
11:11:12 I - disk
11:11:24 I - pay
11:11:41 I - tls
11:12:03 I - mq
11:12:12 I - dns
11:12:33 I - RESTART
11:12:47 I - mq
11:12:59 I - tls
11:13:06 E E1001 auth
11:13:37 I - cpu
11:14:05 I - auth
11:14:34 I - cache
11:14:51 W W2009 disk
11:15:20 I - dns
11:15:40 I - tls
11:15:46 I - disk
11:15:59 W W2027 tls
11:16:29 I - db
11:16:47 I - db
11:16:59 I - dns
11:17:09 I - dns
11:17:32 I - mq
11:17:40 I - io
11:18:08 I - io
11:18:16 I - dns
11:18:29 I - dns
11:18:42 I - queue
11:18:55 I - mq
11:19:06 W W2027 io
11:19:38 I - mq
11:19:57 I - pay
11:20:08 I - auth
11:20:35 I - auth
11:20:59 I - queue
11:21:13 I - tls
11:21:25 I - io
11:21:54 I - cpu
11:22:22 I - io
11:22:34 I - db
11:23:05 I - cache
11:23:11 I - pay
11:23:24 I - auth
11:23:30 I - cache
11:23:45 W W2033 auth
11:24:00 I - mq
11:24:22 I - cpu
11:24:36 I - cache
11:24:58 I - disk
11:25:22 I - auth
11:25:29 W W2003 auth
11:25:42 I - tls
11:25:53 I - mq
11:26:19 I - pay
11:26:40 I - pay
11:26:55 I - disk
11:27:09 I - tls
11:27:30 I - disk
11:27:42 I - pay
11:27:54 I - pay
11:28:11 I - rpc
11:28:41 I - cache
11:29:16 I - disk
11:29:23 W W2003 tls
11:29:36 I - cache
11:30:09 I - cpu
11:30:22 I - io
11:30:42 I - tls
11:31:12 I - db
11:31:22 E E1001 tls
11:31:36 E E1001 rpc
11:31:59 I - disk
11:32:24 I - db
11:32:30 I - dns
11:32:41 I - rpc
11:33:09 I - queue
11:33:35 I - dns
11:33:46 I - tls
11:34:21 I - queue
11:34:37 I - auth
11:34:53 I - rpc
11:35:21 I - io
11:35:41 I - auth
11:35:53 I - io
11:36:00 I - cpu
11:36:13 I - pay
11:36:30 I - rpc
11:37:01 E E1001 queue
11:37:28 I - pay
11:37:41 I - db
11:38:06 I - pay
11:38:18 I - pay
11:38:34 I - auth
11:39:08 I - io
11:39:27 I - pay
11:39:44 I - rpc
11:40:20 I - io
11:40:35 I - disk
11:40:41 I - rpc
11:40:49 W W2033 cpu
11:41:07 I - dns
11:41:17 I - rpc
11:41:23 W W2027 disk
11:41:34 I - pay
11:41:40 E E1007 tls
11:42:13 W W2003 cache
11:42:49 I - tls
11:43:21 I - tls
11:43:41 I - mq
11:44:02 E E1007 tls
11:44:37 I - queue
11:44:47 I - mq
11:45:01 I - cpu
11:45:15 I - pay
11:45:34 W W2009 disk
11:45:58 I - mq
11:46:11 I - dns
11:46:23 E E1019 disk
11:46:48 I - auth
11:47:09 I - pay
11:47:26 I - pay
11:48:02 I - dns
11:48:34 I - db
11:48:44 W W2003 disk
11:49:11 I - queue
11:49:17 I - auth
11:49:30 I - pay
11:49:40 W W2027 queue
11:50:02 I - tls
11:50:20 I - tls
11:50:52 I - io
11:51:20 I - queue
11:51:36 I - pay
11:52:04 I - cache
11:52:11 I - tls
11:52:31 I - rpc
11:52:53 I - cpu
11:53:06 I - pay
11:53:28 I - io
11:53:55 I - io
11:54:03 I - auth
11:54:26 I - tls
11:54:43 I - disk
11:54:50 I - db
11:55:24 I - db
11:55:50 W W2027 io
11:55:58 I - rpc
11:56:27 I - dns
11:56:51 I - io
11:57:13 I - queue
11:57:28 I - tls
11:57:46 I - io
11:57:57 I - cpu
11:58:22 I - auth
11:58:47 I - mq
11:59:11 I - tls
11:59:26 E E1031 queue
11:59:36 I - pay
11:59:44 I - disk
12:00:11 I - db
12:00:44 E E1001 rpc
12:01:08 I - tls
12:01:40 I - mq
12:02:07 I - io
12:02:20 I - io
12:02:50 W W2014 cpu
12:03:19 I - cache
12:03:50 I - cache
12:04:01 I - cpu
12:04:22 I - auth
12:04:44 I - RESTART
12:05:15 I - pay
12:05:39 I - db
12:06:03 I - db
12:06:32 I - rpc
12:06:39 I - disk
12:06:47 I - queue
12:06:59 I - queue
12:07:26 I - cpu
12:07:43 I - io
12:08:15 I - mq
12:08:23 I - queue
12:08:34 I - tls
12:09:08 I - cpu
12:09:42 I - auth
12:10:16 I - cpu
12:10:47 I - tls
12:11:01 I - io
12:11:25 I - queue
12:11:57 I - io
12:12:11 I - mq
12:12:35 I - pay
12:12:41 I - tls
12:13:10 I - RESTART
12:13:28 I - auth
12:14:04 W W2009 cpu
12:14:23 W W2014 rpc
12:14:43 I - queue
12:14:53 I - io
12:15:28 I - disk
12:15:39 I - queue
12:16:14 I - dns
12:16:44 I - disk
12:17:00 I - auth
12:17:14 I - queue
12:17:36 E E1095 rpc
12:17:46 I - tls
12:18:04 I - dns
12:18:33 I - cache
12:18:44 I - queue
12:19:17 I - cpu
12:19:37 E E1007 rpc
12:20:00 I - cpu
12:20:36 I - pay
12:20:56 I - queue
12:21:26 I - dns
12:21:49 I - tls
12:22:09 I - cache
12:22:26 I - tls
12:22:59 I - auth
12:23:22 W W2009 dns
12:23:40 W W2003 auth
12:23:48 I - tls
12:23:57 W W2027 cpu
12:24:16 I - mq
12:24:28 I - db
12:24:44 I - db
12:25:07 I - pay
12:25:17 I - io
12:25:23 I - queue
12:25:29 I - queue
12:25:45 I - dns
12:26:01 I - queue
12:26:16 W W2003 mq
12:26:40 I - mq
12:26:51 W W2014 mq
12:27:18 I - rpc
12:27:50 I - db
12:28:22 I - auth
12:28:33 W W2003 cache
12:29:08 I - tls
12:29:35 W W2009 pay
12:29:49 W W2027 rpc
12:30:02 E E1001 disk
12:30:04 E E1007 tls
12:30:08 E E1019 queue
12:30:11 I - io
12:30:13 E E1012 cache
12:30:17 E E1019 tls
12:30:22 E E1007 cpu
12:30:32 I - io
12:30:38 I - rpc
12:31:05 I - cache
12:31:37 I - pay
12:31:43 I - io
12:31:55 I - mq
12:32:14 I - auth
12:32:25 I - mq
12:32:40 I - dns
12:32:49 I - cache
12:33:09 I - tls
12:33:16 I - io
12:33:40 E E1012 pay
12:34:00 I - rpc
12:34:20 I - disk
12:34:27 I - disk
12:34:55 I - dns
12:35:05 E E1007 queue
12:35:34 I - db
12:36:01 I - cpu
12:36:21 I - pay
12:36:39 E E1001 disk
12:36:50 I - queue
12:37:19 I - RESTART
12:37:35 I - dns
12:37:50 I - cpu
12:38:05 E E1095 queue
12:38:35 I - db
12:38:49 I - auth
12:39:18 I - auth
12:39:38 E E1007 pay
12:40:00 I - rpc
12:40:27 I - cache
12:40:38 I - tls
12:40:52 I - tls
12:41:20 I - cache
12:41:29 I - cache
12:41:53 I - db
12:42:13 I - io
12:42:39 I - mq
12:43:15 I - auth
12:43:46 I - cache
12:44:07 I - tls
12:44:36 I - dns
12:44:55 I - mq
12:45:01 W W2033 io
12:45:10 I - db
12:45:35 I - io
12:45:56 I - mq
12:46:10 I - cpu
12:46:39 E E1031 disk
12:47:07 I - cache
12:47:31 I - queue
12:47:55 I - queue
12:48:20 I - dns
12:48:27 I - pay
12:48:42 I - mq
12:48:52 I - auth
12:49:21 I - auth
12:49:32 I - rpc
12:49:41 I - mq
12:49:52 I - cpu
12:50:05 I - pay
12:50:22 I - tls
12:50:30 I - queue
12:50:53 I - dns
12:51:23 I - io
12:51:50 I - tls
12:52:04 I - io
12:52:34 I - RESTART
12:52:40 E E1001 io
12:53:08 I - pay
12:53:42 W W2027 queue
12:53:48 I - pay
12:54:06 I - mq
12:54:13 I - queue
12:54:49 I - mq
12:55:08 I - db
12:55:44 I - disk
12:56:05 I - mq
12:56:24 I - io
12:56:56 I - db
12:57:06 I - disk
12:57:14 I - rpc
12:57:33 I - auth
12:57:45 I - mq
12:58:16 I - disk
12:58:42 I - tls
12:59:07 I - queue
12:59:33 I - RESTART
12:59:44 I - rpc
13:00:14 I - auth
13:00:32 I - disk
13:00:54 I - mq
13:01:22 I - auth
13:01:42 I - cpu
13:01:48 I - io
13:02:15 I - RESTART
13:02:45 I - RESTART
13:03:01 W W2027 auth
13:03:23 W W2014 pay
13:03:54 I - dns
13:04:14 I - disk
13:04:43 I - cache
13:05:11 I - disk
13:05:40 I - db
13:05:56 I - io
13:06:03 W W2009 cpu
13:06:37 W W2014 mq
13:06:44 I - cpu
13:06:52 E E1061 rpc
13:07:11 I - disk
13:07:20 I - cpu
13:07:37 I - dns
13:08:09 I - tls
13:08:41 I - tls
13:09:03 I - dns
13:09:35 I - queue
13:10:06 I - db
13:10:28 I - disk
13:10:58 I - dns
13:11:23 I - io
13:11:36 E E1007 io
13:11:53 E E1012 pay
13:12:02 I - rpc
13:12:10 I - disk
13:12:32 I - pay
13:12:47 I - queue
13:13:17 I - queue
13:13:48 I - dns
13:13:59 I - dns
13:14:09 I - queue
13:14:15 I - cache
13:14:38 W W2003 pay
13:15:09 I - rpc
13:15:43 E E1012 cache
13:15:51 I - db
13:16:11 I - auth
13:16:23 I - db
13:16:47 I - auth
13:16:53 I - io
13:17:14 W W2009 io
13:17:24 W W2003 cpu
13:17:47 I - tls
13:18:22 I - rpc
13:18:57 E E1007 disk
13:19:26 I - mq
13:19:51 I - io
13:20:25 I - pay
13:20:42 I - queue
13:20:54 E E1023 pay
13:21:10 I - tls
13:21:39 W W2003 cache
13:21:47 I - tls
13:21:53 I - mq
13:22:08 I - queue
13:22:22 I - disk
13:22:56 I - mq
13:23:03 I - cache
13:23:12 E E1012 io
13:23:26 I - mq
13:23:55 I - pay
13:24:25 W W2003 queue
13:24:34 I - io
13:24:40 I - dns
13:25:00 I - io
13:25:19 I - cache
13:25:39 I - io
13:25:50 I - mq
13:26:01 I - io
13:26:09 I - cpu
13:26:43 I - mq
13:27:17 I - pay
13:27:30 I - mq
13:27:41 W W2014 auth
13:27:55 I - cache
13:28:10 I - dns
13:28:30 I - tls
13:28:51 I - queue
13:29:05 I - pay
13:29:11 I - dns
13:29:17 I - tls
13:29:26 I - auth
13:29:54 I - auth
13:30:28 I - queue
13:30:43 I - cache
13:30:59 I - disk
13:31:07 I - disk
13:31:14 I - auth
13:31:33 I - disk
13:31:39 I - tls
13:32:07 I - auth
13:32:14 I - queue
13:32:21 I - mq
13:32:56 I - db
13:33:30 W W2003 cache
13:33:53 I - disk
13:34:03 I - RESTART
13:34:18 I - rpc
13:34:51 I - cache
13:35:10 I - db
13:35:45 I - RESTART
13:36:19 I - tls
13:36:27 I - db
13:37:00 I - mq
13:37:31 I - tls
13:37:54 I - cache
13:38:22 I - cpu
13:38:54 E E1001 db
13:39:14 I - cache
13:39:32 I - pay
13:40:01 I - io
13:40:20 I - auth
13:40:51 W W2033 auth
13:41:10 E E1023 tls
13:41:31 I - tls
13:41:51 I - mq
13:42:17 I - rpc
13:42:44 I - disk
13:43:10 E E1044 tls
13:43:28 I - db
13:44:04 I - queue
13:44:40 I - pay
13:45:06 I - tls
13:45:23 I - pay
13:45:55 I - queue
13:46:20 I - tls
13:46:52 W W2014 dns
13:47:02 I - queue
13:47:25 I - db
13:47:45 I - io
13:48:15 I - dns
13:48:40 W W2027 dns
13:49:06 I - tls
13:49:18 I - disk
13:49:40 I - disk
13:49:47 I - pay
13:50:17 I - dns
13:50:32 I - pay
13:50:49 I - cpu
13:51:10 I - dns
13:51:19 I - cpu
13:51:30 I - tls
13:52:05 I - disk
13:52:15 I - disk
13:52:23 I - queue
13:52:57 I - disk
13:53:15 W W2033 disk
13:53:28 I - rpc
13:54:02 I - queue
13:54:08 I - cache
13:54:29 I - io
13:54:41 I - queue
13:54:49 I - pay
13:55:06 I - pay
13:55:38 I - io
13:55:53 I - disk
13:56:09 W W2027 io
13:56:35 I - db
13:57:09 I - dns
13:57:22 I - cache
13:57:51 I - disk
13:58:23 I - db
13:58:46 E E1001 db
13:59:00 I - RESTART
13:59:30 W W2009 cpu
14:00:00 I - io
14:00:15 I - disk
14:00:49 I - disk
14:01:05 I - auth
14:01:17 W W2014 auth
14:01:51 W W2003 rpc
14:01:57 I - db
14:02:30 I - pay
14:02:53 I - io
14:03:07 I - io
14:03:29 I - tls
14:03:37 E E1070 auth
14:04:04 I - rpc
14:04:28 W W2014 cpu
14:04:42 I - db
14:05:05 I - rpc
14:05:41 I - cache
14:06:12 I - io
14:06:42 I - rpc
14:06:53 I - db
14:07:24 W W2033 rpc
14:07:45 I - rpc
14:08:00 W W2009 pay
14:08:12 I - auth
14:08:29 I - mq
14:08:45 I - rpc
14:08:55 I - tls
14:09:11 I - db
14:09:40 I - cpu
14:10:09 I - mq
14:10:23 I - db
14:10:29 I - db
14:11:02 I - io
14:11:10 I - cpu
14:11:46 I - cpu
14:12:02 W W2027 cache
14:12:30 I - mq
14:12:40 I - mq
14:13:08 I - db
14:13:34 I - cache
14:13:58 I - cache
14:14:07 W W2033 io
14:14:28 I - queue
14:14:42 I - db
14:15:10 I - db
14:15:22 E E1007 cache
14:15:50 I - cpu
14:15:58 I - disk
14:16:24 I - dns
14:16:31 I - dns
14:17:01 I - io
14:17:11 I - rpc
14:17:36 I - dns
14:18:01 I - tls
14:18:17 I - dns
14:18:46 W W2003 db
14:19:19 W W2027 pay
14:19:26 W W2003 db
14:19:39 I - cache
14:20:08 I - tls
14:20:24 I - queue
14:20:44 I - disk
14:21:11 I - pay
14:21:27 E E1044 auth
14:21:48 I - io
14:21:55 I - queue
14:22:16 I - rpc
14:22:28 I - tls
14:23:00 E E1001 pay
14:23:28 I - tls
14:23:38 I - disk
14:23:49 I - mq
14:23:55 I - cpu
14:24:13 I - io
14:24:47 I - db
14:24:56 I - cache
14:25:25 I - tls
14:25:49 I - mq
14:26:18 I - rpc
14:26:35 I - cpu
14:27:11 I - mq
14:27:30 I - io
14:27:58 I - auth
14:28:21 I - rpc
14:28:29 I - db
14:28:42 I - pay
14:28:55 I - io
14:29:27 I - disk
14:29:55 I - disk
14:30:21 I - auth
14:30:40 I - cpu
14:30:57 I - pay
14:31:19 I - auth
14:31:42 E E1007 auth
14:31:50 W W2033 mq
14:32:08 I - tls
14:32:43 I - mq
14:33:11 I - pay
14:33:25 E E1052 disk
14:34:01 I - cpu
14:34:12 I - cpu
14:34:19 I - cache
14:34:45 I - disk
14:34:51 I - pay
14:35:01 I - tls
14:35:11 I - cpu
14:35:31 I - cpu
14:36:00 I - cpu
14:36:34 I - auth
14:36:47 W W2003 rpc
14:37:11 E E1019 disk
14:37:29 I - dns
14:37:58 I - db
14:38:31 I - dns
14:38:47 I - RESTART
14:39:04 I - cpu
14:39:22 E E1012 cache
14:39:30 I - tls
14:40:06 I - rpc
14:40:17 I - dns
14:40:37 I - queue
14:41:12 I - mq
14:41:27 I - pay
14:41:33 I - io
14:41:40 E E1012 auth
14:41:49 I - rpc
14:42:10 E E1001 queue
14:42:44 I - disk
14:43:18 I - db
14:43:45 I - tls
14:44:14 W W2014 queue
14:44:46 I - auth
14:44:57 I - dns
14:45:03 I - io
14:45:25 I - queue
14:46:00 I - mq
14:46:29 I - queue
14:46:36 I - queue
14:46:42 W W2027 cache
14:47:07 I - cpu
14:47:36 I - pay
14:47:45 I - dns
14:48:19 W W2014 disk
14:48:50 I - pay
14:49:00 I - queue
14:49:16 I - pay
14:49:41 I - queue
14:49:55 E E1061 disk
14:50:27 I - tls
14:51:03 W W2014 auth
14:51:19 E E1012 io
14:51:49 I - cache
14:51:57 I - auth
14:52:32 I - disk
14:53:08 I - auth
14:53:37 W W2014 rpc
14:54:01 I - tls
14:54:12 I - auth
14:54:35 I - cache
14:54:57 W W2009 tls
14:55:08 I - rpc
14:55:14 I - auth
14:55:25 I - io
14:55:56 I - io
14:56:32 I - tls
14:57:04 I - disk
14:57:22 I - rpc
14:57:49 I - db
14:58:02 I - cpu
14:58:20 I - cache
14:58:37 I - cache
14:59:03 I - disk
14:59:21 I - db
14:59:42 I - queue
14:59:51 I - auth
15:00:24 I - disk
15:00:52 I - queue
15:01:28 I - dns
15:01:55 I - rpc
15:02:09 I - dns
15:02:44 I - tls
15:03:16 I - tls
15:03:46 I - rpc
15:03:53 I - db
15:04:03 I - auth
15:04:12 I - mq
15:04:35 E E1012 disk
15:04:54 I - rpc
15:05:03 I - cache
15:05:11 I - tls
15:05:36 I - disk
15:05:45 I - cpu
15:06:00 W W2009 queue
15:06:34 I - io
15:06:49 I - cpu
15:07:01 I - db
15:07:16 I - tls
15:07:26 I - dns
15:07:38 I - dns
15:07:46 I - disk
15:07:56 I - auth
15:08:17 I - tls
15:08:49 I - cache
15:09:06 I - io
15:09:34 I - queue
15:10:06 I - cpu
15:10:27 I - io
15:10:35 W W2003 cpu
15:11:00 I - pay
15:11:32 I - disk
15:11:46 I - auth
15:12:22 I - io
15:12:56 I - io
15:13:28 I - dns
15:13:55 E E1019 io
15:14:05 E E1044 queue
15:14:37 I - dns
15:14:55 E E1012 mq
15:15:05 I - tls
15:15:15 W W2027 tls
15:15:31 I - rpc
15:15:47 I - db
15:16:08 I - mq
15:16:18 I - queue
15:16:32 I - tls
15:16:46 I - io
15:17:00 I - queue
15:17:07 E E1001 tls
15:17:34 I - cache
15:17:57 I - rpc
15:18:32 I - db
15:18:40 I - disk
15:18:50 W W2014 dns
15:19:02 I - queue
15:19:08 I - mq
15:19:14 W W2027 cpu
15:19:27 W W2009 db
15:19:54 I - tls
15:20:29 I - cache
15:20:38 I - cache
15:20:59 I - tls
15:21:12 I - tls
15:21:20 I - db
15:21:54 E E1023 rpc
15:22:27 W W2009 auth
15:22:39 I - tls
15:22:57 I - cpu
15:23:15 E E1044 pay
15:23:41 I - tls
15:23:56 I - queue
15:24:30 I - disk
15:24:43 I - db
15:24:51 E E1088 rpc
15:25:12 W W2027 queue
15:25:40 I - pay
15:25:50 E E1012 dns
15:26:18 E E1070 dns
15:26:51 I - tls
15:27:04 I - queue
15:27:12 I - dns
15:27:36 I - cpu
15:28:02 I - io
15:28:24 I - pay
15:28:35 I - rpc
15:29:08 I - db
15:29:17 W W2009 mq
15:29:29 E E1001 pay
15:30:00 I - io
15:30:31 I - rpc
15:30:46 I - rpc
15:31:16 I - io
15:31:40 I - disk
15:31:50 I - queue
15:32:07 I - auth
15:32:40 I - disk
15:33:05 I - tls
15:33:32 I - pay
15:34:05 I - tls
15:34:32 I - db
15:35:04 I - cache
15:35:31 I - auth
15:35:50 I - queue
15:36:19 I - pay
15:36:34 I - disk
15:37:08 I - cache
15:37:15 I - tls
15:37:50 I - tls
15:38:25 I - mq
15:38:39 I - db
15:39:14 I - cache
15:39:34 I - cpu
15:40:04 I - cpu
15:40:17 I - db
15:40:39 I - db
15:40:54 W W2033 cache
15:41:22 I - db
15:41:42 W W2003 io
15:41:52 I - db
15:42:06 I - mq
15:42:34 I - disk
15:42:44 I - disk
15:43:16 I - auth
15:43:46 I - cpu
15:43:58 I - auth
15:44:15 I - rpc
15:44:25 I - disk
15:44:40 I - dns
15:44:54 I - cache
15:45:26 I - dns
15:45:59 I - db
15:46:27 I - queue
15:46:59 I - auth
15:47:09 I - db
15:47:26 I - cache
15:47:55 I - pay
15:48:14 I - cache
15:48:44 W W2014 rpc
15:48:58 I - rpc
15:49:07 I - cache
15:49:21 I - rpc
15:49:46 I - auth
15:50:15 I - dns
15:50:27 I - cpu
15:51:03 I - rpc
15:51:35 I - disk
15:52:01 W W2027 db
15:52:32 I - mq
15:52:48 I - io
15:53:24 I - dns
15:53:33 E E1023 dns
15:54:02 I - auth
15:54:08 I - mq
15:54:31 I - db
15:54:55 I - pay
15:55:08 I - queue
15:55:41 I - queue
15:56:05 I - queue
15:56:29 I - rpc
15:56:35 I - mq
15:57:07 I - queue
15:57:13 I - disk
15:57:23 I - cpu
15:57:51 I - queue
15:58:13 I - disk
15:58:46 W W2027 rpc
15:59:13 W W2027 dns
15:59:28 W W2027 auth
15:59:40 I - db
16:00:01 I - dns
16:00:37 I - cache
16:01:11 I - queue
16:01:41 I - auth
16:01:49 I - auth
16:01:56 I - tls
16:02:16 I - dns
16:02:37 I - rpc
16:02:44 I - auth
16:02:58 E E1001 cache
16:03:13 I - rpc
16:03:40 I - cpu
16:04:09 I - rpc
16:04:37 I - cache
16:05:12 W W2009 queue
16:05:37 I - cache
16:06:05 I - rpc
16:06:32 I - io
16:07:00 I - queue
16:07:29 I - db
16:07:36 I - pay
16:07:48 I - queue
16:08:18 E E1031 queue
16:08:28 W W2014 cache
16:08:59 I - db
16:09:19 I - auth
16:09:40 I - tls
16:10:02 I - tls
16:10:14 I - auth
16:10:41 I - cpu
16:10:54 I - cpu
16:11:21 I - disk
16:11:53 I - mq
16:12:09 I - queue
16:12:36 I - pay
16:12:59 I - disk
16:13:34 E E1007 cpu
16:13:57 I - queue
16:14:11 I - cache
16:14:20 I - tls
16:14:31 I - db
16:14:40 I - disk
16:14:46 I - cache
16:15:10 I - dns
16:15:34 I - disk
16:15:59 I - pay
16:16:07 W W2003 disk
16:16:38 W W2003 dns
16:16:46 I - auth
16:17:00 I - rpc
16:17:29 I - dns
16:17:39 I - dns
16:18:10 I - queue
16:18:18 I - io
16:18:41 I - pay
16:19:03 I - disk
16:19:32 I - auth
16:20:01 I - rpc
16:20:10 I - queue
16:20:41 I - cache
16:20:50 W W2027 io
16:21:15 E E1019 disk
16:21:48 W W2033 disk
16:22:12 W W2014 dns
16:22:41 I - db
16:23:12 I - mq
16:23:29 I - db
16:23:53 E E1007 tls
16:24:13 I - db
16:24:45 I - db
16:25:06 I - pay
16:25:15 I - tls
16:25:23 W W2009 queue
16:25:41 I - cache
16:25:59 I - tls
16:26:27 E E1007 auth
16:26:36 I - queue
16:26:55 I - cache
16:27:14 I - io
16:27:39 I - cpu
16:28:12 I - disk
16:28:31 I - rpc
16:28:49 I - auth
16:29:14 I - io
16:29:39 I - db
16:29:51 W W2033 rpc
16:30:24 W W2003 cpu
16:30:59 I - dns
16:31:32 I - tls
16:32:03 I - dns
16:32:10 I - cpu
16:32:46 I - rpc
16:33:06 I - cpu
16:33:18 I - pay
16:33:30 I - tls
16:33:59 W W2027 disk
16:34:23 I - auth
16:34:29 I - dns
16:34:59 I - cpu
16:35:32 I - rpc
16:35:54 I - dns
16:36:21 E E1012 dns
16:36:49 I - cache
16:37:00 W W2009 rpc
16:37:11 I - tls
16:37:30 I - cpu
16:37:48 I - db
16:38:14 I - disk
16:38:38 I - auth
